mode: set
github.com/Kyanite/noise/internal/infra/db/db.go:43.35,44.23 1 1
github.com/Kyanite/noise/internal/infra/db/db.go:44.23,46.3 1 0
github.com/Kyanite/noise/internal/infra/db/db.go:48.2,48.56 1 1
github.com/Kyanite/noise/internal/infra/db/db.go:48.56,50.3 1 0
github.com/Kyanite/noise/internal/infra/db/db.go:52.2,55.16 3 1
github.com/Kyanite/noise/internal/infra/db/db.go:55.16,56.31 1 0
github.com/Kyanite/noise/internal/infra/db/db.go:56.31,58.4 1 0
github.com/Kyanite/noise/internal/infra/db/db.go:59.3,59.49 1 0
github.com/Kyanite/noise/internal/infra/db/db.go:62.2,62.36 1 1
github.com/Kyanite/noise/internal/infra/db/db.go:62.36,64.31 2 0
github.com/Kyanite/noise/internal/infra/db/db.go:64.31,66.4 1 0
github.com/Kyanite/noise/internal/infra/db/db.go:67.3,67.49 1 0
github.com/Kyanite/noise/internal/infra/db/db.go:71.2,76.65 4 1
github.com/Kyanite/noise/internal/infra/db/db.go:76.65,78.31 2 0
github.com/Kyanite/noise/internal/infra/db/db.go:78.31,80.4 1 0
github.com/Kyanite/noise/internal/infra/db/db.go:81.3,81.55 1 0
github.com/Kyanite/noise/internal/infra/db/db.go:85.2,85.47 1 1
github.com/Kyanite/noise/internal/infra/db/db.go:85.47,88.3 2 0
github.com/Kyanite/noise/internal/infra/db/db.go:90.2,94.27 4 1
github.com/Kyanite/noise/internal/infra/db/db.go:94.27,96.3 1 1
github.com/Kyanite/noise/internal/infra/db/db.go:98.2,99.80 2 1
github.com/Kyanite/noise/internal/infra/db/db.go:99.80,102.3 2 0
github.com/Kyanite/noise/internal/infra/db/db.go:104.2,105.151 2 1
github.com/Kyanite/noise/internal/infra/db/db.go:105.151,107.3 1 0
github.com/Kyanite/noise/internal/infra/db/db.go:107.8,107.37 1 1
github.com/Kyanite/noise/internal/infra/db/db.go:107.37,109.3 1 1
github.com/Kyanite/noise/internal/infra/db/db.go:109.8,111.3 1 0
github.com/Kyanite/noise/internal/infra/db/db.go:113.2,120.8 2 1
github.com/Kyanite/noise/internal/infra/db/db.go:123.26,130.2 1 0
github.com/Kyanite/noise/internal/infra/db/db.go:132.42,133.16 1 0
github.com/Kyanite/noise/internal/infra/db/db.go:133.16,135.3 1 0
github.com/Kyanite/noise/internal/infra/db/db.go:137.2,142.68 2 0
github.com/Kyanite/noise/internal/infra/db/db.go:145.44,146.16 1 0
github.com/Kyanite/noise/internal/infra/db/db.go:146.16,148.3 1 0
github.com/Kyanite/noise/internal/infra/db/db.go:149.2,149.70 1 0
github.com/Kyanite/noise/internal/infra/db/db.go:153.47,154.15 1 1
github.com/Kyanite/noise/internal/infra/db/db.go:154.15,156.3 1 0
github.com/Kyanite/noise/internal/infra/db/db.go:158.2,160.45 3 1
github.com/Kyanite/noise/internal/infra/db/db.go:163.39,164.15 1 0
github.com/Kyanite/noise/internal/infra/db/db.go:164.15,166.3 1 0
github.com/Kyanite/noise/internal/infra/db/db.go:168.2,170.24 3 0
github.com/Kyanite/noise/internal/infra/db/db.go:174.29,175.20 1 1
github.com/Kyanite/noise/internal/infra/db/db.go:175.20,177.3 1 1
github.com/Kyanite/noise/internal/infra/db/db.go:178.2,178.12 1 0
github.com/Kyanite/noise/internal/infra/db/db.go:182.28,183.33 1 1
github.com/Kyanite/noise/internal/infra/db/db.go:183.33,185.3 1 0
github.com/Kyanite/noise/internal/infra/db/db.go:186.2,186.23 1 1
github.com/Kyanite/noise/internal/infra/db/db.go:190.43,191.45 1 1
github.com/Kyanite/noise/internal/infra/db/db.go:191.45,193.3 1 0
github.com/Kyanite/noise/internal/infra/db/db.go:194.2,194.12 1 1
github.com/Kyanite/noise/internal/infra/db/db.go:198.33,200.16 2 0
github.com/Kyanite/noise/internal/infra/db/db.go:200.16,202.3 1 0
github.com/Kyanite/noise/internal/infra/db/db.go:203.2,203.41 1 0
github.com/Kyanite/noise/internal/infra/db/db.go:207.35,212.2 1 0
github.com/Kyanite/noise/internal/infra/db/db.go:270.61,271.19 1 1
github.com/Kyanite/noise/internal/infra/db/db.go:271.19,273.3 1 0
github.com/Kyanite/noise/internal/infra/db/db.go:274.2,275.62 2 1
github.com/Kyanite/noise/internal/infra/db/db.go:275.62,277.3 1 0
github.com/Kyanite/noise/internal/infra/db/db.go:278.2,278.17 1 1
github.com/Kyanite/noise/internal/infra/db/db.go:282.55,283.16 1 1
github.com/Kyanite/noise/internal/infra/db/db.go:283.16,285.3 1 0
github.com/Kyanite/noise/internal/infra/db/db.go:286.2,287.16 2 1
github.com/Kyanite/noise/internal/infra/db/db.go:287.16,289.3 1 0
github.com/Kyanite/noise/internal/infra/db/db.go:290.2,290.31 1 1
github.com/Kyanite/noise/internal/infra/db/db.go:294.55,295.19 1 1
github.com/Kyanite/noise/internal/infra/db/db.go:295.19,297.3 1 0
github.com/Kyanite/noise/internal/infra/db/db.go:298.2,299.62 2 1
github.com/Kyanite/noise/internal/infra/db/db.go:299.62,301.3 1 0
github.com/Kyanite/noise/internal/infra/db/db.go:302.2,302.17 1 1
github.com/Kyanite/noise/internal/infra/db/db.go:306.49,307.16 1 1
github.com/Kyanite/noise/internal/infra/db/db.go:307.16,309.3 1 0
github.com/Kyanite/noise/internal/infra/db/db.go:310.2,311.16 2 1
github.com/Kyanite/noise/internal/infra/db/db.go:311.16,313.3 1 0
github.com/Kyanite/noise/internal/infra/db/db.go:314.2,314.31 1 1
github.com/Kyanite/noise/internal/infra/db/db.go:320.131,321.15 1 0
github.com/Kyanite/noise/internal/infra/db/db.go:321.15,323.3 1 0
github.com/Kyanite/noise/internal/infra/db/db.go:325.2,340.16 6 0
github.com/Kyanite/noise/internal/infra/db/db.go:344.76,345.15 1 0
github.com/Kyanite/noise/internal/infra/db/db.go:345.15,347.3 1 0
github.com/Kyanite/noise/internal/infra/db/db.go:349.2,356.62 5 0
github.com/Kyanite/noise/internal/infra/db/db.go:356.62,357.38 1 0
github.com/Kyanite/noise/internal/infra/db/db.go:357.38,360.4 2 0
github.com/Kyanite/noise/internal/infra/db/db.go:363.2,363.17 1 0
github.com/Kyanite/noise/internal/infra/db/db.go:367.67,368.15 1 0
github.com/Kyanite/noise/internal/infra/db/db.go:368.15,370.3 1 0
github.com/Kyanite/noise/internal/infra/db/db.go:372.2,375.38 3 0
github.com/Kyanite/noise/internal/infra/db/db.go:375.38,376.23 1 0
github.com/Kyanite/noise/internal/infra/db/db.go:376.23,378.4 1 0
github.com/Kyanite/noise/internal/infra/db/db.go:381.2,381.60 1 0
github.com/Kyanite/noise/internal/infra/db/db.go:385.51,386.15 1 0
github.com/Kyanite/noise/internal/infra/db/db.go:386.15,388.3 1 0
github.com/Kyanite/noise/internal/infra/db/db.go:390.2,393.38 3 0
github.com/Kyanite/noise/internal/infra/db/db.go:393.38,394.23 1 0
github.com/Kyanite/noise/internal/infra/db/db.go:394.23,397.4 2 0
github.com/Kyanite/noise/internal/infra/db/db.go:400.2,400.55 1 0
github.com/Kyanite/noise/internal/infra/db/repository.go:18.67,20.17 1 1
github.com/Kyanite/noise/internal/infra/db/repository.go:20.17,22.3 1 1
github.com/Kyanite/noise/internal/infra/db/repository.go:25.2,32.33 2 1
github.com/Kyanite/noise/internal/infra/db/repository.go:32.33,34.3 1 1
github.com/Kyanite/noise/internal/infra/db/repository.go:37.2,37.25 1 1
github.com/Kyanite/noise/internal/infra/db/repository.go:37.25,39.32 2 1
github.com/Kyanite/noise/internal/infra/db/repository.go:39.32,41.4 1 1
github.com/Kyanite/noise/internal/infra/db/repository.go:44.2,49.16 4 1
github.com/Kyanite/noise/internal/infra/db/repository.go:49.16,53.3 3 0
github.com/Kyanite/noise/internal/infra/db/repository.go:55.2,62.53 4 1
github.com/Kyanite/noise/internal/infra/db/repository.go:62.53,76.17 2 1
github.com/Kyanite/noise/internal/infra/db/repository.go:76.17,77.9 1 1
github.com/Kyanite/noise/internal/infra/db/repository.go:81.3,81.55 1 1
github.com/Kyanite/noise/internal/infra/db/repository.go:81.55,84.12 3 0
github.com/Kyanite/noise/internal/infra/db/repository.go:88.3,89.64 2 1
github.com/Kyanite/noise/internal/infra/db/repository.go:89.64,91.4 1 1
github.com/Kyanite/noise/internal/infra/db/repository.go:91.9,91.76 1 0
github.com/Kyanite/noise/internal/infra/db/repository.go:91.76,93.4 1 0
github.com/Kyanite/noise/internal/infra/db/repository.go:95.3,96.20 2 1
github.com/Kyanite/noise/internal/infra/db/repository.go:100.2,101.16 2 1
github.com/Kyanite/noise/internal/infra/db/repository.go:101.16,105.3 3 0
github.com/Kyanite/noise/internal/infra/db/repository.go:107.2,112.18 3 1
github.com/Kyanite/noise/internal/infra/db/repository.go:116.118,118.17 1 1
github.com/Kyanite/noise/internal/infra/db/repository.go:118.17,120.3 1 0
github.com/Kyanite/noise/internal/infra/db/repository.go:123.2,130.33 2 1
github.com/Kyanite/noise/internal/infra/db/repository.go:130.33,132.3 1 0
github.com/Kyanite/noise/internal/infra/db/repository.go:135.2,135.25 1 1
github.com/Kyanite/noise/internal/infra/db/repository.go:135.25,137.32 2 1
github.com/Kyanite/noise/internal/infra/db/repository.go:137.32,139.4 1 0
github.com/Kyanite/noise/internal/infra/db/repository.go:142.2,146.16 4 1
github.com/Kyanite/noise/internal/infra/db/repository.go:146.16,148.3 1 0
github.com/Kyanite/noise/internal/infra/db/repository.go:149.2,149.15 1 1
github.com/Kyanite/noise/internal/infra/db/repository.go:149.15,150.17 1 1
github.com/Kyanite/noise/internal/infra/db/repository.go:150.17,151.17 1 0
github.com/Kyanite/noise/internal/infra/db/repository.go:151.17,153.5 1 0
github.com/Kyanite/noise/internal/infra/db/repository.go:158.2,159.16 2 1
github.com/Kyanite/noise/internal/infra/db/repository.go:159.16,163.3 3 0
github.com/Kyanite/noise/internal/infra/db/repository.go:165.2,172.53 4 1
github.com/Kyanite/noise/internal/infra/db/repository.go:172.53,186.17 2 1
github.com/Kyanite/noise/internal/infra/db/repository.go:186.17,187.9 1 1
github.com/Kyanite/noise/internal/infra/db/repository.go:191.3,191.55 1 0
github.com/Kyanite/noise/internal/infra/db/repository.go:191.55,194.12 3 0
github.com/Kyanite/noise/internal/infra/db/repository.go:198.3,199.64 2 0
github.com/Kyanite/noise/internal/infra/db/repository.go:199.64,201.4 1 0
github.com/Kyanite/noise/internal/infra/db/repository.go:201.9,201.76 1 0
github.com/Kyanite/noise/internal/infra/db/repository.go:201.76,203.4 1 0
github.com/Kyanite/noise/internal/infra/db/repository.go:205.3,206.25 2 0
github.com/Kyanite/noise/internal/infra/db/repository.go:210.2,211.16 2 1
github.com/Kyanite/noise/internal/infra/db/repository.go:211.16,215.3 3 0
github.com/Kyanite/noise/internal/infra/db/repository.go:217.2,239.16 5 1
github.com/Kyanite/noise/internal/infra/db/repository.go:239.16,243.3 3 0
github.com/Kyanite/noise/internal/infra/db/repository.go:245.2,246.16 2 1
github.com/Kyanite/noise/internal/infra/db/repository.go:246.16,250.3 3 0
github.com/Kyanite/noise/internal/infra/db/repository.go:252.2,255.73 2 1
github.com/Kyanite/noise/internal/infra/db/repository.go:255.73,257.3 1 0
github.com/Kyanite/noise/internal/infra/db/repository.go:260.2,265.27 2 1
github.com/Kyanite/noise/internal/infra/db/repository.go:269.53,271.13 1 1
github.com/Kyanite/noise/internal/infra/db/repository.go:271.13,273.3 1 0
github.com/Kyanite/noise/internal/infra/db/repository.go:276.2,276.48 1 1
github.com/Kyanite/noise/internal/infra/db/repository.go:276.48,278.3 1 0
github.com/Kyanite/noise/internal/infra/db/repository.go:280.2,306.16 8 1
github.com/Kyanite/noise/internal/infra/db/repository.go:306.16,308.36 2 0
github.com/Kyanite/noise/internal/infra/db/repository.go:308.36,311.4 2 0
github.com/Kyanite/noise/internal/infra/db/repository.go:313.3,314.20 2 0
github.com/Kyanite/noise/internal/infra/db/repository.go:318.2,319.16 2 1
github.com/Kyanite/noise/internal/infra/db/repository.go:319.16,323.3 3 0
github.com/Kyanite/noise/internal/infra/db/repository.go:326.2,331.19 3 1
github.com/Kyanite/noise/internal/infra/db/repository.go:335.72,358.16 6 1
github.com/Kyanite/noise/internal/infra/db/repository.go:358.16,359.27 1 1
github.com/Kyanite/noise/internal/infra/db/repository.go:359.27,361.4 1 1
github.com/Kyanite/noise/internal/infra/db/repository.go:362.3,362.56 1 0
github.com/Kyanite/noise/internal/infra/db/repository.go:366.2,367.16 2 0
github.com/Kyanite/noise/internal/infra/db/repository.go:367.16,369.3 1 0
github.com/Kyanite/noise/internal/infra/db/repository.go:371.2,371.19 1 0
github.com/Kyanite/noise/internal/infra/db/repository.go:375.51,377.16 2 1
github.com/Kyanite/noise/internal/infra/db/repository.go:377.16,379.3 1 0
github.com/Kyanite/noise/internal/infra/db/repository.go:381.2,398.16 3 1
github.com/Kyanite/noise/internal/infra/db/repository.go:398.16,400.3 1 0
github.com/Kyanite/noise/internal/infra/db/repository.go:402.2,402.12 1 1
github.com/Kyanite/noise/internal/infra/db/repository.go:406.40,410.16 3 1
github.com/Kyanite/noise/internal/infra/db/repository.go:410.16,412.3 1 0
github.com/Kyanite/noise/internal/infra/db/repository.go:414.2,415.16 2 1
github.com/Kyanite/noise/internal/infra/db/repository.go:415.16,417.3 1 0
github.com/Kyanite/noise/internal/infra/db/repository.go:419.2,419.23 1 1
github.com/Kyanite/noise/internal/infra/db/repository.go:419.23,421.3 1 1
github.com/Kyanite/noise/internal/infra/db/repository.go:423.2,423.12 1 1
github.com/Kyanite/noise/internal/infra/db/repository.go:427.68,428.16 1 1
github.com/Kyanite/noise/internal/infra/db/repository.go:428.16,430.3 1 0
github.com/Kyanite/noise/internal/infra/db/repository.go:432.2,437.16 3 1
github.com/Kyanite/noise/internal/infra/db/repository.go:437.16,439.3 1 0
github.com/Kyanite/noise/internal/infra/db/repository.go:440.2,443.18 3 1
github.com/Kyanite/noise/internal/infra/db/repository.go:443.18,460.17 4 1
github.com/Kyanite/noise/internal/infra/db/repository.go:460.17,462.4 1 0
github.com/Kyanite/noise/internal/infra/db/repository.go:465.3,466.17 2 1
github.com/Kyanite/noise/internal/infra/db/repository.go:466.17,468.4 1 0
github.com/Kyanite/noise/internal/infra/db/repository.go:470.3,470.31 1 1
github.com/Kyanite/noise/internal/infra/db/repository.go:473.2,473.34 1 1
github.com/Kyanite/noise/internal/infra/db/repository.go:473.34,475.3 1 0
github.com/Kyanite/noise/internal/infra/db/repository.go:477.2,477.19 1 1
github.com/Kyanite/noise/internal/infra/db/repository.go:481.76,482.16 1 1
github.com/Kyanite/noise/internal/infra/db/repository.go:482.16,484.3 1 0
github.com/Kyanite/noise/internal/infra/db/repository.go:487.2,495.16 4 1
github.com/Kyanite/noise/internal/infra/db/repository.go:495.16,497.3 1 0
github.com/Kyanite/noise/internal/infra/db/repository.go:498.2,501.18 3 1
github.com/Kyanite/noise/internal/infra/db/repository.go:501.18,518.17 4 1
github.com/Kyanite/noise/internal/infra/db/repository.go:518.17,520.4 1 0
github.com/Kyanite/noise/internal/infra/db/repository.go:523.3,524.17 2 1
github.com/Kyanite/noise/internal/infra/db/repository.go:524.17,526.4 1 0
github.com/Kyanite/noise/internal/infra/db/repository.go:528.3,528.31 1 1
github.com/Kyanite/noise/internal/infra/db/repository.go:531.2,531.34 1 1
github.com/Kyanite/noise/internal/infra/db/repository.go:531.34,533.3 1 0
github.com/Kyanite/noise/internal/infra/db/repository.go:535.2,535.19 1 1
github.com/Kyanite/noise/internal/infra/db/repository.go:539.111,542.35 2 1
github.com/Kyanite/noise/internal/infra/db/repository.go:542.35,544.3 1 0
github.com/Kyanite/noise/internal/infra/db/repository.go:546.2,551.16 3 1
github.com/Kyanite/noise/internal/infra/db/repository.go:551.16,552.61 1 0
github.com/Kyanite/noise/internal/infra/db/repository.go:552.61,555.4 2 0
github.com/Kyanite/noise/internal/infra/db/repository.go:556.3,556.48 1 0
github.com/Kyanite/noise/internal/infra/db/repository.go:559.2,560.16 2 1
github.com/Kyanite/noise/internal/infra/db/repository.go:560.16,562.3 1 0
github.com/Kyanite/noise/internal/infra/db/repository.go:564.2,573.21 2 1
github.com/Kyanite/noise/internal/infra/db/repository.go:577.77,578.16 1 1
github.com/Kyanite/noise/internal/infra/db/repository.go:578.16,580.3 1 0
github.com/Kyanite/noise/internal/infra/db/repository.go:583.2,583.35 1 1
github.com/Kyanite/noise/internal/infra/db/repository.go:583.35,585.3 1 0
github.com/Kyanite/noise/internal/infra/db/repository.go:587.2,592.16 3 1
github.com/Kyanite/noise/internal/infra/db/repository.go:592.16,594.3 1 0
github.com/Kyanite/noise/internal/infra/db/repository.go:595.2,598.18 3 1
github.com/Kyanite/noise/internal/infra/db/repository.go:598.18,609.17 3 1
github.com/Kyanite/noise/internal/infra/db/repository.go:609.17,611.4 1 0
github.com/Kyanite/noise/internal/infra/db/repository.go:613.3,613.40 1 1
github.com/Kyanite/noise/internal/infra/db/repository.go:616.2,616.34 1 1
github.com/Kyanite/noise/internal/infra/db/repository.go:616.34,618.3 1 0
github.com/Kyanite/noise/internal/infra/db/repository.go:620.2,620.22 1 1
github.com/Kyanite/noise/internal/infra/db/repository.go:624.59,626.35 1 1
github.com/Kyanite/noise/internal/infra/db/repository.go:626.35,628.3 1 0
github.com/Kyanite/noise/internal/infra/db/repository.go:630.2,645.16 5 1
github.com/Kyanite/noise/internal/infra/db/repository.go:645.16,646.27 1 1
github.com/Kyanite/noise/internal/infra/db/repository.go:646.27,648.4 1 1
github.com/Kyanite/noise/internal/infra/db/repository.go:649.3,649.47 1 0
github.com/Kyanite/noise/internal/infra/db/repository.go:652.2,652.22 1 1
github.com/Kyanite/noise/internal/infra/db/repository.go:656.43,658.35 1 1
github.com/Kyanite/noise/internal/infra/db/repository.go:658.35,660.3 1 0
github.com/Kyanite/noise/internal/infra/db/repository.go:662.2,665.16 3 1
github.com/Kyanite/noise/internal/infra/db/repository.go:665.16,667.3 1 0
github.com/Kyanite/noise/internal/infra/db/repository.go:669.2,670.16 2 1
github.com/Kyanite/noise/internal/infra/db/repository.go:670.16,672.3 1 0
github.com/Kyanite/noise/internal/infra/db/repository.go:674.2,674.23 1 1
github.com/Kyanite/noise/internal/infra/db/repository.go:674.23,676.3 1 0
github.com/Kyanite/noise/internal/infra/db/repository.go:678.2,678.12 1 1
github.com/Kyanite/noise/internal/infra/db/repository.go:682.121,687.16 4 1
github.com/Kyanite/noise/internal/infra/db/repository.go:687.16,689.3 1 0
github.com/Kyanite/noise/internal/infra/db/repository.go:690.2,690.15 1 1
github.com/Kyanite/noise/internal/infra/db/repository.go:690.15,691.17 1 1
github.com/Kyanite/noise/internal/infra/db/repository.go:691.17,692.17 1 0
github.com/Kyanite/noise/internal/infra/db/repository.go:692.17,694.5 1 0
github.com/Kyanite/noise/internal/infra/db/repository.go:699.2,700.16 2 1
github.com/Kyanite/noise/internal/infra/db/repository.go:700.16,702.3 1 0
github.com/Kyanite/noise/internal/infra/db/repository.go:704.2,721.16 3 1
github.com/Kyanite/noise/internal/infra/db/repository.go:721.16,723.3 1 0
github.com/Kyanite/noise/internal/infra/db/repository.go:726.2,745.16 4 1
github.com/Kyanite/noise/internal/infra/db/repository.go:745.16,749.3 3 0
github.com/Kyanite/noise/internal/infra/db/repository.go:752.2,752.73 1 1
github.com/Kyanite/noise/internal/infra/db/repository.go:752.73,754.3 1 0
github.com/Kyanite/noise/internal/infra/db/repository.go:756.2,762.12 2 1
github.com/Kyanite/noise/internal/infra/db/repository.go:766.72,767.25 1 1
github.com/Kyanite/noise/internal/infra/db/repository.go:767.25,769.3 1 0
github.com/Kyanite/noise/internal/infra/db/repository.go:771.2,775.16 4 1
github.com/Kyanite/noise/internal/infra/db/repository.go:775.16,777.3 1 0
github.com/Kyanite/noise/internal/infra/db/repository.go:778.2,778.15 1 1
github.com/Kyanite/noise/internal/infra/db/repository.go:778.15,779.17 1 1
github.com/Kyanite/noise/internal/infra/db/repository.go:779.17,780.17 1 0
github.com/Kyanite/noise/internal/infra/db/repository.go:780.17,782.5 1 0
github.com/Kyanite/noise/internal/infra/db/repository.go:787.2,791.34 2 1
github.com/Kyanite/noise/internal/infra/db/repository.go:791.34,800.17 2 1
github.com/Kyanite/noise/internal/infra/db/repository.go:800.17,802.4 1 0
github.com/Kyanite/noise/internal/infra/db/repository.go:806.2,806.68 1 1
github.com/Kyanite/noise/internal/infra/db/repository.go:806.68,808.3 1 0
github.com/Kyanite/noise/internal/infra/db/repository.go:810.2,811.12 2 1
github.com/Kyanite/noise/internal/infra/db/repository.go:816.87,818.16 2 1
github.com/Kyanite/noise/internal/infra/db/repository.go:818.16,820.3 1 0
github.com/Kyanite/noise/internal/infra/db/repository.go:821.2,821.15 1 1
github.com/Kyanite/noise/internal/infra/db/repository.go:821.15,822.17 1 1
github.com/Kyanite/noise/internal/infra/db/repository.go:822.17,823.17 1 1
github.com/Kyanite/noise/internal/infra/db/repository.go:823.17,825.5 1 1
github.com/Kyanite/noise/internal/infra/db/repository.go:829.2,829.30 1 1
github.com/Kyanite/noise/internal/infra/db/repository.go:829.30,831.3 1 1
github.com/Kyanite/noise/internal/infra/db/repository.go:833.2,833.72 1 0
github.com/Kyanite/noise/internal/infra/db/repository.go:833.72,835.3 1 0
github.com/Kyanite/noise/internal/infra/db/repository.go:837.2,837.12 1 0
github.com/Kyanite/noise/internal/infra/db/repository.go:841.61,855.16 3 1
github.com/Kyanite/noise/internal/infra/db/repository.go:855.16,857.3 1 0
github.com/Kyanite/noise/internal/infra/db/repository.go:859.2,859.12 1 1
github.com/Kyanite/noise/internal/infra/db/repository.go:863.70,878.16 5 1
github.com/Kyanite/noise/internal/infra/db/repository.go:878.16,879.27 1 0
github.com/Kyanite/noise/internal/infra/db/repository.go:879.27,881.4 1 0
github.com/Kyanite/noise/internal/infra/db/repository.go:882.3,882.45 1 0
github.com/Kyanite/noise/internal/infra/db/repository.go:885.2,885.20 1 1
github.com/Kyanite/noise/internal/infra/db/repository.go:889.83,895.16 3 1
github.com/Kyanite/noise/internal/infra/db/repository.go:895.16,897.3 1 0
github.com/Kyanite/noise/internal/infra/db/repository.go:898.2,901.18 3 1
github.com/Kyanite/noise/internal/infra/db/repository.go:901.18,913.17 3 1
github.com/Kyanite/noise/internal/infra/db/repository.go:913.17,915.4 1 0
github.com/Kyanite/noise/internal/infra/db/repository.go:917.3,917.31 1 1
github.com/Kyanite/noise/internal/infra/db/repository.go:920.2,920.34 1 1
github.com/Kyanite/noise/internal/infra/db/repository.go:920.34,922.3 1 0
github.com/Kyanite/noise/internal/infra/db/repository.go:924.2,924.19 1 1
github.com/Kyanite/noise/internal/infra/db/repository.go:928.61,942.16 3 1
github.com/Kyanite/noise/internal/infra/db/repository.go:942.16,944.3 1 0
github.com/Kyanite/noise/internal/infra/db/repository.go:946.2,946.12 1 1
github.com/Kyanite/noise/internal/infra/db/repository.go:950.79,952.16 2 1
github.com/Kyanite/noise/internal/infra/db/repository.go:952.16,954.3 1 0
github.com/Kyanite/noise/internal/infra/db/repository.go:956.2,967.16 3 1
github.com/Kyanite/noise/internal/infra/db/repository.go:967.16,969.3 1 0
github.com/Kyanite/noise/internal/infra/db/repository.go:971.2,972.16 2 1
github.com/Kyanite/noise/internal/infra/db/repository.go:972.16,974.3 1 0
github.com/Kyanite/noise/internal/infra/db/repository.go:976.2,977.21 2 1
github.com/Kyanite/noise/internal/infra/db/repository.go:981.59,999.16 6 1
github.com/Kyanite/noise/internal/infra/db/repository.go:999.16,1000.27 1 0
github.com/Kyanite/noise/internal/infra/db/repository.go:1000.27,1002.4 1 0
github.com/Kyanite/noise/internal/infra/db/repository.go:1003.3,1003.47 1 0
github.com/Kyanite/noise/internal/infra/db/repository.go:1007.2,1008.16 2 1
github.com/Kyanite/noise/internal/infra/db/repository.go:1008.16,1010.3 1 0
github.com/Kyanite/noise/internal/infra/db/repository.go:1012.2,1012.22 1 1
github.com/Kyanite/noise/internal/infra/db/repository.go:1016.60,1018.16 2 0
github.com/Kyanite/noise/internal/infra/db/repository.go:1018.16,1020.3 1 0
github.com/Kyanite/noise/internal/infra/db/repository.go:1022.2,1034.16 3 0
github.com/Kyanite/noise/internal/infra/db/repository.go:1034.16,1036.3 1 0
github.com/Kyanite/noise/internal/infra/db/repository.go:1038.2,1038.12 1 0
github.com/Kyanite/noise/internal/infra/db/repository.go:1042.43,1046.16 3 1
github.com/Kyanite/noise/internal/infra/db/repository.go:1046.16,1048.3 1 0
github.com/Kyanite/noise/internal/infra/db/repository.go:1050.2,1051.16 2 1
github.com/Kyanite/noise/internal/infra/db/repository.go:1051.16,1053.3 1 0
github.com/Kyanite/noise/internal/infra/db/repository.go:1055.2,1055.23 1 1
github.com/Kyanite/noise/internal/infra/db/repository.go:1055.23,1057.3 1 0
github.com/Kyanite/noise/internal/infra/db/repository.go:1059.2,1059.12 1 1
github.com/Kyanite/noise/internal/infra/db/repository.go:1063.57,1069.16 3 0
github.com/Kyanite/noise/internal/infra/db/repository.go:1069.16,1071.3 1 0
github.com/Kyanite/noise/internal/infra/db/repository.go:1072.2,1075.18 3 0
github.com/Kyanite/noise/internal/infra/db/repository.go:1075.18,1087.17 4 0
github.com/Kyanite/noise/internal/infra/db/repository.go:1087.17,1089.4 1 0
github.com/Kyanite/noise/internal/infra/db/repository.go:1092.3,1093.17 2 0
github.com/Kyanite/noise/internal/infra/db/repository.go:1093.17,1095.4 1 0
github.com/Kyanite/noise/internal/infra/db/repository.go:1097.3,1097.40 1 0
github.com/Kyanite/noise/internal/infra/db/repository.go:1100.2,1100.34 1 0
github.com/Kyanite/noise/internal/infra/db/repository.go:1100.34,1102.3 1 0
github.com/Kyanite/noise/internal/infra/db/repository.go:1104.2,1104.22 1 0
github.com/Kyanite/noise/internal/infra/db/repository.go:1108.61,1113.16 4 1
github.com/Kyanite/noise/internal/infra/db/repository.go:1113.16,1115.3 1 0
github.com/Kyanite/noise/internal/infra/db/repository.go:1116.2,1116.15 1 1
github.com/Kyanite/noise/internal/infra/db/repository.go:1116.15,1117.17 1 1
github.com/Kyanite/noise/internal/infra/db/repository.go:1117.17,1118.17 1 0
github.com/Kyanite/noise/internal/infra/db/repository.go:1118.17,1120.5 1 0
github.com/Kyanite/noise/internal/infra/db/repository.go:1125.2,1126.16 2 1
github.com/Kyanite/noise/internal/infra/db/repository.go:1126.16,1128.3 1 0
github.com/Kyanite/noise/internal/infra/db/repository.go:1131.2,1131.37 1 1
github.com/Kyanite/noise/internal/infra/db/repository.go:1131.37,1132.19 1 0
github.com/Kyanite/noise/internal/infra/db/repository.go:1132.19,1134.83 1 0
github.com/Kyanite/noise/internal/infra/db/repository.go:1134.83,1136.5 1 0
github.com/Kyanite/noise/internal/infra/db/repository.go:1137.4,1137.14 1 0
github.com/Kyanite/noise/internal/infra/db/repository.go:1142.2,1145.57 2 1
github.com/Kyanite/noise/internal/infra/db/repository.go:1145.57,1147.3 1 0
github.com/Kyanite/noise/internal/infra/db/repository.go:1150.2,1150.68 1 1
github.com/Kyanite/noise/internal/infra/db/repository.go:1150.68,1152.3 1 0
github.com/Kyanite/noise/internal/infra/db/repository.go:1154.2,1155.12 2 1
github.com/Kyanite/noise/internal/infra/db/repository.go:1159.66,1162.16 2 0
github.com/Kyanite/noise/internal/infra/db/repository.go:1162.16,1164.3 1 0
github.com/Kyanite/noise/internal/infra/db/repository.go:1167.2,1167.37 1 0
github.com/Kyanite/noise/internal/infra/db/repository.go:1167.37,1168.19 1 0
github.com/Kyanite/noise/internal/infra/db/repository.go:1168.19,1170.4 1 0
github.com/Kyanite/noise/internal/infra/db/repository.go:1174.2,1177.34 2 0
github.com/Kyanite/noise/internal/infra/db/repository.go:1181.48,1182.16 1 1
github.com/Kyanite/noise/internal/infra/db/repository.go:1182.16,1184.3 1 0
github.com/Kyanite/noise/internal/infra/db/repository.go:1186.2,1201.44 3 1
github.com/Kyanite/noise/internal/infra/db/repository.go:1201.44,1202.40 1 1
github.com/Kyanite/noise/internal/infra/db/repository.go:1202.40,1204.4 1 0
github.com/Kyanite/noise/internal/infra/db/repository.go:1207.2,1207.14 1 1
github.com/Kyanite/noise/internal/infra/db/repository.go:1211.42,1212.20 1 1
github.com/Kyanite/noise/internal/infra/db/repository.go:1212.20,1214.3 1 0
github.com/Kyanite/noise/internal/infra/db/repository.go:1216.2,1219.49 3 1
github.com/Kyanite/noise/internal/infra/db/repository.go:1219.49,1221.3 1 1
github.com/Kyanite/noise/internal/infra/db/repository.go:1223.2,1223.12 1 1
github.com/Kyanite/noise/internal/infra/db/repository.go:1227.70,1228.48 1 1
github.com/Kyanite/noise/internal/infra/db/repository.go:1228.48,1230.3 1 0
github.com/Kyanite/noise/internal/infra/db/repository.go:1232.2,1233.16 2 1
github.com/Kyanite/noise/internal/infra/db/repository.go:1233.16,1235.3 1 0
github.com/Kyanite/noise/internal/infra/db/repository.go:1237.2,1237.16 1 1
github.com/Kyanite/noise/internal/infra/db/repository.go:1241.65,1242.15 1 1
github.com/Kyanite/noise/internal/infra/db/repository.go:1242.15,1244.3 1 0
github.com/Kyanite/noise/internal/infra/db/repository.go:1246.2,1246.38 1 1
github.com/Kyanite/noise/internal/infra/db/repository.go:1246.38,1248.3 1 0
github.com/Kyanite/noise/internal/infra/db/repository.go:1252.69,1253.15 1 1
github.com/Kyanite/noise/internal/infra/db/repository.go:1253.15,1255.3 1 0
github.com/Kyanite/noise/internal/infra/db/repository.go:1257.2,1257.36 1 1
github.com/Kyanite/noise/internal/infra/db/repository.go:1257.36,1259.3 1 0
github.com/Kyanite/noise/internal/infra/db/repository.go:1261.2,1261.12 1 1
github.com/Kyanite/noise/internal/infra/db/repository.go:1265.70,1266.16 1 0
github.com/Kyanite/noise/internal/infra/db/repository.go:1266.16,1268.3 1 0
github.com/Kyanite/noise/internal/infra/db/repository.go:1270.2,1275.9 3 0
github.com/Kyanite/noise/internal/infra/db/repository.go:1276.94,1277.113 1 0
github.com/Kyanite/noise/internal/infra/db/repository.go:1278.100,1279.113 1 0
github.com/Kyanite/noise/internal/infra/db/repository.go:1280.58,1281.119 1 0
github.com/Kyanite/noise/internal/infra/db/repository.go:1282.52,1283.114 1 0
github.com/Kyanite/noise/internal/infra/db/repository.go:1284.84,1285.114 1 0
github.com/Kyanite/noise/internal/infra/db/repository.go:1286.28,1287.105 1 0
github.com/Kyanite/noise/internal/infra/db/repository.go:1288.42,1289.113 1 0
github.com/Kyanite/noise/internal/infra/db/repository.go:1290.10,1291.15 1 0
github.com/Kyanite/noise/internal/infra/db/repository.go:1296.75,1314.16 6 1
github.com/Kyanite/noise/internal/infra/db/repository.go:1314.16,1315.27 1 0
github.com/Kyanite/noise/internal/infra/db/repository.go:1315.27,1317.4 1 0
github.com/Kyanite/noise/internal/infra/db/repository.go:1318.3,1318.47 1 0
github.com/Kyanite/noise/internal/infra/db/repository.go:1322.2,1323.16 2 1
github.com/Kyanite/noise/internal/infra/db/repository.go:1323.16,1325.3 1 0
github.com/Kyanite/noise/internal/infra/db/repository.go:1327.2,1327.22 1 1
github.com/Kyanite/noise/internal/infra/db/repository.go:1331.76,1333.16 2 1
github.com/Kyanite/noise/internal/infra/db/repository.go:1333.16,1335.3 1 0
github.com/Kyanite/noise/internal/infra/db/repository.go:1337.2,1349.16 3 1
github.com/Kyanite/noise/internal/infra/db/repository.go:1349.16,1351.3 1 0
github.com/Kyanite/noise/internal/infra/db/repository.go:1353.2,1353.12 1 1
github.com/Kyanite/noise/internal/infra/db/repository.go:1357.66,1362.16 4 1
github.com/Kyanite/noise/internal/infra/db/repository.go:1362.16,1364.3 1 0
github.com/Kyanite/noise/internal/infra/db/repository.go:1365.2,1365.15 1 1
github.com/Kyanite/noise/internal/infra/db/repository.go:1365.15,1366.17 1 1
github.com/Kyanite/noise/internal/infra/db/repository.go:1366.17,1367.17 1 0
github.com/Kyanite/noise/internal/infra/db/repository.go:1367.17,1369.5 1 0
github.com/Kyanite/noise/internal/infra/db/repository.go:1374.2,1375.16 2 1
github.com/Kyanite/noise/internal/infra/db/repository.go:1375.16,1377.3 1 0
github.com/Kyanite/noise/internal/infra/db/repository.go:1380.2,1381.37 2 1
github.com/Kyanite/noise/internal/infra/db/repository.go:1381.37,1382.19 1 1
github.com/Kyanite/noise/internal/infra/db/repository.go:1382.19,1385.9 3 1
github.com/Kyanite/noise/internal/infra/db/repository.go:1389.2,1389.14 1 1
github.com/Kyanite/noise/internal/infra/db/repository.go:1389.14,1391.87 1 0
github.com/Kyanite/noise/internal/infra/db/repository.go:1391.87,1393.4 1 0
github.com/Kyanite/noise/internal/infra/db/repository.go:1394.3,1394.13 1 0
github.com/Kyanite/noise/internal/infra/db/repository.go:1398.2,1398.57 1 1
github.com/Kyanite/noise/internal/infra/db/repository.go:1398.57,1400.3 1 0
github.com/Kyanite/noise/internal/infra/db/repository.go:1403.2,1403.73 1 1
github.com/Kyanite/noise/internal/infra/db/repository.go:1403.73,1405.3 1 0
github.com/Kyanite/noise/internal/infra/db/repository.go:1407.2,1408.12 2 1
github.com/Kyanite/noise/internal/infra/db/repository.go:1412.71,1415.16 2 0
github.com/Kyanite/noise/internal/infra/db/repository.go:1415.16,1417.3 1 0
github.com/Kyanite/noise/internal/infra/db/repository.go:1420.2,1420.37 1 0
github.com/Kyanite/noise/internal/infra/db/repository.go:1420.37,1421.19 1 0
github.com/Kyanite/noise/internal/infra/db/repository.go:1421.19,1423.9 2 0
github.com/Kyanite/noise/internal/infra/db/repository.go:1428.2,1428.34 1 0
