mode: set
github.com/Kyanite/noise/internal/plugins/examples/chord_analyzer.go:20.52,37.2 1 1
github.com/Kyanite/noise/internal/plugins/examples/chord_analyzer.go:40.66,42.2 1 1
github.com/Kyanite/noise/internal/plugins/examples/chord_analyzer.go:45.76,49.2 3 1
github.com/Kyanite/noise/internal/plugins/examples/chord_analyzer.go:52.47,54.2 1 1
github.com/Kyanite/noise/internal/plugins/examples/chord_analyzer.go:57.46,60.2 2 1
github.com/Kyanite/noise/internal/plugins/examples/chord_analyzer.go:63.47,66.2 2 1
github.com/Kyanite/noise/internal/plugins/examples/chord_analyzer.go:69.48,71.2 1 1
github.com/Kyanite/noise/internal/plugins/examples/chord_analyzer.go:74.85,86.2 3 1
github.com/Kyanite/noise/internal/plugins/examples/chord_analyzer.go:89.70,95.32 4 1
github.com/Kyanite/noise/internal/plugins/examples/chord_analyzer.go:95.32,96.39 1 1
github.com/Kyanite/noise/internal/plugins/examples/chord_analyzer.go:96.39,98.40 2 1
github.com/Kyanite/noise/internal/plugins/examples/chord_analyzer.go:98.40,100.5 1 1
github.com/Kyanite/noise/internal/plugins/examples/chord_analyzer.go:101.4,101.40 1 1
github.com/Kyanite/noise/internal/plugins/examples/chord_analyzer.go:101.40,103.5 1 1
github.com/Kyanite/noise/internal/plugins/examples/chord_analyzer.go:104.4,104.34 1 1
github.com/Kyanite/noise/internal/plugins/examples/chord_analyzer.go:108.2,108.15 1 1
github.com/Kyanite/noise/internal/plugins/examples/chord_analyzer.go:112.73,116.31 3 1
github.com/Kyanite/noise/internal/plugins/examples/chord_analyzer.go:116.31,117.19 1 1
github.com/Kyanite/noise/internal/plugins/examples/chord_analyzer.go:117.19,120.4 2 1
github.com/Kyanite/noise/internal/plugins/examples/chord_analyzer.go:123.2,123.15 1 1
github.com/Kyanite/noise/internal/plugins/examples/chord_analyzer.go:127.78,131.22 2 1
github.com/Kyanite/noise/internal/plugins/examples/chord_analyzer.go:131.22,134.3 1 1
github.com/Kyanite/noise/internal/plugins/examples/chord_analyzer.go:136.2,136.21 1 1
github.com/Kyanite/noise/internal/plugins/examples/chord_analyzer.go:140.74,143.22 1 1
github.com/Kyanite/noise/internal/plugins/examples/chord_analyzer.go:143.22,145.3 1 1
github.com/Kyanite/noise/internal/plugins/examples/chord_analyzer.go:148.2,149.31 2 1
github.com/Kyanite/noise/internal/plugins/examples/chord_analyzer.go:149.31,151.3 1 1
github.com/Kyanite/noise/internal/plugins/examples/chord_analyzer.go:154.2,156.39 3 1
github.com/Kyanite/noise/internal/plugins/examples/chord_analyzer.go:156.39,157.23 1 1
github.com/Kyanite/noise/internal/plugins/examples/chord_analyzer.go:157.23,160.4 2 1
github.com/Kyanite/noise/internal/plugins/examples/chord_analyzer.go:163.2,163.59 1 1
github.com/Kyanite/noise/internal/plugins/examples/chord_analyzer.go:167.72,168.22 1 1
github.com/Kyanite/noise/internal/plugins/examples/chord_analyzer.go:168.22,170.3 1 1
github.com/Kyanite/noise/internal/plugins/examples/chord_analyzer.go:172.2,174.31 2 1
github.com/Kyanite/noise/internal/plugins/examples/chord_analyzer.go:187.67,193.49 1 1
github.com/Kyanite/noise/internal/plugins/examples/chord_analyzer.go:193.49,195.18 2 1
github.com/Kyanite/noise/internal/plugins/examples/chord_analyzer.go:195.18,197.5 1 0
github.com/Kyanite/noise/internal/plugins/examples/chord_analyzer.go:199.4,205.43 6 1
github.com/Kyanite/noise/internal/plugins/examples/chord_analyzer.go:205.43,207.5 1 1
github.com/Kyanite/noise/internal/plugins/examples/chord_analyzer.go:209.4,209.22 1 1
github.com/Kyanite/noise/internal/plugins/examples/chord_analyzer.go:217.61,219.2 1 1
github.com/Kyanite/noise/internal/plugins/examples/markdown_export.go:19.54,35.2 1 1
github.com/Kyanite/noise/internal/plugins/examples/markdown_export.go:38.67,40.2 1 1
github.com/Kyanite/noise/internal/plugins/examples/markdown_export.go:43.77,49.16 3 1
github.com/Kyanite/noise/internal/plugins/examples/markdown_export.go:49.17,52.3 0 1
github.com/Kyanite/noise/internal/plugins/examples/markdown_export.go:54.2,54.12 1 1
github.com/Kyanite/noise/internal/plugins/examples/markdown_export.go:58.48,60.2 1 1
github.com/Kyanite/noise/internal/plugins/examples/markdown_export.go:63.47,66.2 2 1
github.com/Kyanite/noise/internal/plugins/examples/markdown_export.go:69.48,72.2 2 1
github.com/Kyanite/noise/internal/plugins/examples/markdown_export.go:75.49,77.2 1 1
github.com/Kyanite/noise/internal/plugins/examples/markdown_export.go:80.81,90.29 6 1
github.com/Kyanite/noise/internal/plugins/examples/markdown_export.go:90.29,94.20 2 1
github.com/Kyanite/noise/internal/plugins/examples/markdown_export.go:94.20,95.52 1 1
github.com/Kyanite/noise/internal/plugins/examples/markdown_export.go:95.52,97.5 1 1
github.com/Kyanite/noise/internal/plugins/examples/markdown_export.go:98.4,98.12 1 1
github.com/Kyanite/noise/internal/plugins/examples/markdown_export.go:102.3,102.30 1 1
github.com/Kyanite/noise/internal/plugins/examples/markdown_export.go:102.30,104.4 1 1
github.com/Kyanite/noise/internal/plugins/examples/markdown_export.go:104.9,106.4 1 1
github.com/Kyanite/noise/internal/plugins/examples/markdown_export.go:109.2,109.39 1 1
github.com/Kyanite/noise/internal/plugins/examples/markdown_export.go:113.63,120.45 3 1
github.com/Kyanite/noise/internal/plugins/examples/markdown_export.go:120.45,121.45 1 1
github.com/Kyanite/noise/internal/plugins/examples/markdown_export.go:121.45,123.4 1 1
github.com/Kyanite/noise/internal/plugins/examples/markdown_export.go:126.2,126.14 1 1
github.com/Kyanite/noise/internal/plugins/examples/markdown_export.go:130.72,137.49 1 1
github.com/Kyanite/noise/internal/plugins/examples/markdown_export.go:137.49,139.4 1 1
github.com/Kyanite/noise/internal/plugins/examples/markdown_export.go:145.62,147.2 1 1
github.com/Kyanite/noise/internal/plugins/manager.go:47.77,60.2 1 1
github.com/Kyanite/noise/internal/plugins/manager.go:63.46,67.35 3 1
github.com/Kyanite/noise/internal/plugins/manager.go:67.35,68.51 1 1
github.com/Kyanite/noise/internal/plugins/manager.go:68.51,70.4 1 0
github.com/Kyanite/noise/internal/plugins/manager.go:74.2,74.36 1 1
github.com/Kyanite/noise/internal/plugins/manager.go:74.36,75.52 1 0
github.com/Kyanite/noise/internal/plugins/manager.go:75.52,78.12 3 0
github.com/Kyanite/noise/internal/plugins/manager.go:82.3,82.38 1 0
github.com/Kyanite/noise/internal/plugins/manager.go:85.2,86.12 2 1
github.com/Kyanite/noise/internal/plugins/manager.go:90.63,92.48 1 1
github.com/Kyanite/noise/internal/plugins/manager.go:92.48,94.3 1 1
github.com/Kyanite/noise/internal/plugins/manager.go:97.2,97.59 1 1
github.com/Kyanite/noise/internal/plugins/manager.go:97.59,100.3 2 1
github.com/Kyanite/noise/internal/plugins/manager.go:102.2,102.81 1 0
github.com/Kyanite/noise/internal/plugins/manager.go:102.81,103.17 1 0
github.com/Kyanite/noise/internal/plugins/manager.go:103.17,105.4 1 0
github.com/Kyanite/noise/internal/plugins/manager.go:108.3,108.34 1 0
github.com/Kyanite/noise/internal/plugins/manager.go:108.34,110.4 1 0
github.com/Kyanite/noise/internal/plugins/manager.go:110.9,110.43 1 0
github.com/Kyanite/noise/internal/plugins/manager.go:110.43,112.4 1 0
github.com/Kyanite/noise/internal/plugins/manager.go:114.3,114.13 1 0
github.com/Kyanite/noise/internal/plugins/manager.go:119.64,125.57 2 1
github.com/Kyanite/noise/internal/plugins/manager.go:125.57,127.3 1 1
github.com/Kyanite/noise/internal/plugins/manager.go:129.2,129.43 1 0
github.com/Kyanite/noise/internal/plugins/manager.go:133.72,135.68 1 1
github.com/Kyanite/noise/internal/plugins/manager.go:135.68,137.3 1 1
github.com/Kyanite/noise/internal/plugins/manager.go:139.2,140.16 2 0
github.com/Kyanite/noise/internal/plugins/manager.go:140.16,142.3 1 0
github.com/Kyanite/noise/internal/plugins/manager.go:144.2,145.56 2 0
github.com/Kyanite/noise/internal/plugins/manager.go:145.56,147.3 1 0
github.com/Kyanite/noise/internal/plugins/manager.go:150.2,150.69 1 0
github.com/Kyanite/noise/internal/plugins/manager.go:150.69,152.3 1 0
github.com/Kyanite/noise/internal/plugins/manager.go:155.2,160.61 2 0
github.com/Kyanite/noise/internal/plugins/manager.go:160.61,162.3 1 0
github.com/Kyanite/noise/internal/plugins/manager.go:164.2,167.12 3 0
github.com/Kyanite/noise/internal/plugins/manager.go:171.59,179.2 2 1
github.com/Kyanite/noise/internal/plugins/manager.go:182.62,187.51 2 1
github.com/Kyanite/noise/internal/plugins/manager.go:187.51,189.3 1 1
github.com/Kyanite/noise/internal/plugins/manager.go:193.63,198.13 4 1
github.com/Kyanite/noise/internal/plugins/manager.go:198.13,200.3 1 1
github.com/Kyanite/noise/internal/plugins/manager.go:202.2,202.15 1 1
github.com/Kyanite/noise/internal/plugins/manager.go:206.57,211.31 4 1
github.com/Kyanite/noise/internal/plugins/manager.go:211.31,213.3 1 0
github.com/Kyanite/noise/internal/plugins/manager.go:215.2,215.15 1 1
github.com/Kyanite/noise/internal/plugins/manager.go:219.81,224.30 4 1
github.com/Kyanite/noise/internal/plugins/manager.go:224.30,225.49 1 0
github.com/Kyanite/noise/internal/plugins/manager.go:225.49,226.25 1 0
github.com/Kyanite/noise/internal/plugins/manager.go:226.25,228.10 2 0
github.com/Kyanite/noise/internal/plugins/manager.go:233.2,233.15 1 1
github.com/Kyanite/noise/internal/plugins/manager.go:237.56,242.13 4 1
github.com/Kyanite/noise/internal/plugins/manager.go:242.13,244.3 1 1
github.com/Kyanite/noise/internal/plugins/manager.go:246.2,246.35 1 0
github.com/Kyanite/noise/internal/plugins/manager.go:246.35,248.3 1 0
github.com/Kyanite/noise/internal/plugins/manager.go:250.2,251.12 2 0
github.com/Kyanite/noise/internal/plugins/manager.go:255.57,260.15 4 1
github.com/Kyanite/noise/internal/plugins/manager.go:260.15,262.3 1 1
github.com/Kyanite/noise/internal/plugins/manager.go:264.2,264.36 1 0
github.com/Kyanite/noise/internal/plugins/manager.go:264.36,266.3 1 0
github.com/Kyanite/noise/internal/plugins/manager.go:268.2,269.12 2 0
github.com/Kyanite/noise/internal/plugins/manager.go:273.56,278.13 4 1
github.com/Kyanite/noise/internal/plugins/manager.go:278.13,280.3 1 1
github.com/Kyanite/noise/internal/plugins/manager.go:283.2,283.19 1 0
github.com/Kyanite/noise/internal/plugins/manager.go:283.19,284.37 1 0
github.com/Kyanite/noise/internal/plugins/manager.go:284.37,286.4 1 0
github.com/Kyanite/noise/internal/plugins/manager.go:290.2,290.36 1 0
github.com/Kyanite/noise/internal/plugins/manager.go:290.36,292.3 1 0
github.com/Kyanite/noise/internal/plugins/manager.go:294.2,296.12 3 0
github.com/Kyanite/noise/internal/plugins/manager.go:300.83,306.2 4 1
github.com/Kyanite/noise/internal/plugins/manager.go:309.73,313.42 3 1
github.com/Kyanite/noise/internal/plugins/manager.go:313.42,314.36 1 1
github.com/Kyanite/noise/internal/plugins/manager.go:314.36,315.47 1 1
github.com/Kyanite/noise/internal/plugins/manager.go:315.47,318.5 1 1
github.com/Kyanite/noise/internal/plugins/manager.go:322.2,322.12 1 1
github.com/Kyanite/noise/internal/plugins/manager.go:326.53,333.2 5 1
github.com/Kyanite/noise/internal/plugins/manager.go:336.57,341.36 4 1
github.com/Kyanite/noise/internal/plugins/manager.go:341.36,343.3 1 1
github.com/Kyanite/noise/internal/plugins/manager.go:345.2,345.15 1 1
github.com/Kyanite/noise/internal/plugins/manager.go:349.57,356.2 5 1
github.com/Kyanite/noise/internal/plugins/manager.go:359.61,366.2 5 1
github.com/Kyanite/noise/internal/plugins/manager.go:369.56,371.16 2 1
github.com/Kyanite/noise/internal/plugins/manager.go:371.16,373.3 1 0
github.com/Kyanite/noise/internal/plugins/manager.go:375.2,379.3 1 1
github.com/Kyanite/noise/internal/plugins/manager.go:388.49,390.2 1 1
github.com/Kyanite/noise/internal/plugins/manager.go:392.59,395.2 2 1
github.com/Kyanite/noise/internal/plugins/manager.go:397.38,399.2 1 1
github.com/Kyanite/noise/internal/plugins/manager.go:401.37,404.2 2 1
github.com/Kyanite/noise/internal/plugins/manager.go:406.38,409.2 2 1
github.com/Kyanite/noise/internal/plugins/manager.go:411.39,413.2 1 1
github.com/Kyanite/noise/internal/plugins/security.go:29.66,52.2 1 1
github.com/Kyanite/noise/internal/plugins/security.go:55.66,58.16 2 1
github.com/Kyanite/noise/internal/plugins/security.go:58.16,60.3 1 0
github.com/Kyanite/noise/internal/plugins/security.go:63.2,63.42 1 1
github.com/Kyanite/noise/internal/plugins/security.go:63.42,64.42 1 1
github.com/Kyanite/noise/internal/plugins/security.go:64.42,66.4 1 1
github.com/Kyanite/noise/internal/plugins/security.go:70.2,71.46 2 0
github.com/Kyanite/noise/internal/plugins/security.go:71.46,73.17 2 0
github.com/Kyanite/noise/internal/plugins/security.go:73.17,74.12 1 0
github.com/Kyanite/noise/internal/plugins/security.go:76.3,76.45 1 0
github.com/Kyanite/noise/internal/plugins/security.go:76.45,78.9 2 0
github.com/Kyanite/noise/internal/plugins/security.go:82.2,82.14 1 0
github.com/Kyanite/noise/internal/plugins/security.go:82.14,84.3 1 0
github.com/Kyanite/noise/internal/plugins/security.go:86.2,86.12 1 0
github.com/Kyanite/noise/internal/plugins/security.go:90.66,94.44 3 1
github.com/Kyanite/noise/internal/plugins/security.go:94.44,95.24 1 1
github.com/Kyanite/noise/internal/plugins/security.go:95.24,97.9 2 1
github.com/Kyanite/noise/internal/plugins/security.go:100.2,100.14 1 1
github.com/Kyanite/noise/internal/plugins/security.go:100.14,102.3 1 1
github.com/Kyanite/noise/internal/plugins/security.go:105.2,106.16 2 1
github.com/Kyanite/noise/internal/plugins/security.go:106.16,108.3 1 0
github.com/Kyanite/noise/internal/plugins/security.go:110.2,110.34 1 1
github.com/Kyanite/noise/internal/plugins/security.go:110.34,112.3 1 1
github.com/Kyanite/noise/internal/plugins/security.go:115.2,115.35 1 1
github.com/Kyanite/noise/internal/plugins/security.go:115.35,117.3 1 1
github.com/Kyanite/noise/internal/plugins/security.go:119.2,119.12 1 0
github.com/Kyanite/noise/internal/plugins/security.go:123.83,125.23 1 1
github.com/Kyanite/noise/internal/plugins/security.go:125.23,127.3 1 1
github.com/Kyanite/noise/internal/plugins/security.go:129.2,129.25 1 1
github.com/Kyanite/noise/internal/plugins/security.go:129.25,131.3 1 1
github.com/Kyanite/noise/internal/plugins/security.go:133.2,133.28 1 1
github.com/Kyanite/noise/internal/plugins/security.go:133.28,135.3 1 1
github.com/Kyanite/noise/internal/plugins/security.go:138.2,138.53 1 1
github.com/Kyanite/noise/internal/plugins/security.go:138.53,140.3 1 1
github.com/Kyanite/noise/internal/plugins/security.go:143.2,149.45 3 1
github.com/Kyanite/noise/internal/plugins/security.go:149.45,150.43 1 1
github.com/Kyanite/noise/internal/plugins/security.go:150.43,152.4 1 1
github.com/Kyanite/noise/internal/plugins/security.go:156.2,156.51 1 1
github.com/Kyanite/noise/internal/plugins/security.go:156.51,157.40 1 1
github.com/Kyanite/noise/internal/plugins/security.go:157.40,159.4 1 1
github.com/Kyanite/noise/internal/plugins/security.go:162.2,162.12 1 1
github.com/Kyanite/noise/internal/plugins/security.go:166.74,185.2 2 1
github.com/Kyanite/noise/internal/plugins/security.go:188.77,190.16 2 1
github.com/Kyanite/noise/internal/plugins/security.go:190.16,192.3 1 1
github.com/Kyanite/noise/internal/plugins/security.go:193.2,196.47 3 1
github.com/Kyanite/noise/internal/plugins/security.go:196.47,198.3 1 0
github.com/Kyanite/noise/internal/plugins/security.go:200.2,200.46 1 1
github.com/Kyanite/noise/internal/plugins/security.go:204.69,206.16 2 1
github.com/Kyanite/noise/internal/plugins/security.go:206.16,208.3 1 1
github.com/Kyanite/noise/internal/plugins/security.go:212.2,214.12 2 1
github.com/Kyanite/noise/internal/plugins/security.go:218.63,228.69 2 1
github.com/Kyanite/noise/internal/plugins/security.go:228.69,230.3 1 1
github.com/Kyanite/noise/internal/plugins/security.go:232.2,232.12 1 1
github.com/Kyanite/noise/internal/plugins/security.go:236.63,239.44 2 1
github.com/Kyanite/noise/internal/plugins/security.go:239.44,240.63 1 1
github.com/Kyanite/noise/internal/plugins/security.go:240.63,242.4 1 0
github.com/Kyanite/noise/internal/plugins/security.go:245.2,245.16 1 1
github.com/Kyanite/noise/internal/plugins/security.go:249.79,250.81 1 1
github.com/Kyanite/noise/internal/plugins/security.go:250.81,251.17 1 1
github.com/Kyanite/noise/internal/plugins/security.go:251.17,253.4 1 1
github.com/Kyanite/noise/internal/plugins/security.go:256.3,263.46 4 1
github.com/Kyanite/noise/internal/plugins/security.go:263.46,264.51 1 1
github.com/Kyanite/noise/internal/plugins/security.go:264.51,266.10 2 1
github.com/Kyanite/noise/internal/plugins/security.go:271.3,271.40 1 1
github.com/Kyanite/noise/internal/plugins/security.go:271.40,273.4 1 1
github.com/Kyanite/noise/internal/plugins/security.go:276.3,278.44 1 1
github.com/Kyanite/noise/internal/plugins/security.go:278.44,280.4 1 1
github.com/Kyanite/noise/internal/plugins/security.go:282.3,282.13 1 1
github.com/Kyanite/noise/internal/plugins/security.go:287.76,290.44 2 1
github.com/Kyanite/noise/internal/plugins/security.go:290.44,291.88 1 1
github.com/Kyanite/noise/internal/plugins/security.go:291.88,292.18 1 1
github.com/Kyanite/noise/internal/plugins/security.go:292.18,294.5 1 1
github.com/Kyanite/noise/internal/plugins/security.go:297.4,297.20 1 1
github.com/Kyanite/noise/internal/plugins/security.go:297.20,299.5 1 1
github.com/Kyanite/noise/internal/plugins/security.go:302.4,302.37 1 1
github.com/Kyanite/noise/internal/plugins/security.go:302.37,304.43 2 1
github.com/Kyanite/noise/internal/plugins/security.go:304.43,306.6 1 0
github.com/Kyanite/noise/internal/plugins/security.go:309.4,309.14 1 1
github.com/Kyanite/noise/internal/plugins/security.go:312.3,312.17 1 1
github.com/Kyanite/noise/internal/plugins/security.go:312.17,314.4 1 0
github.com/Kyanite/noise/internal/plugins/security.go:317.2,317.12 1 1
github.com/Kyanite/noise/internal/plugins/security.go:321.92,330.33 6 1
github.com/Kyanite/noise/internal/plugins/security.go:330.33,336.28 3 0
github.com/Kyanite/noise/internal/plugins/security.go:336.28,338.4 1 0
github.com/Kyanite/noise/internal/plugins/security.go:340.3,340.104 1 0
github.com/Kyanite/noise/internal/plugins/security.go:340.104,344.4 1 0
github.com/Kyanite/noise/internal/plugins/security.go:346.3,346.15 1 0
github.com/Kyanite/noise/internal/plugins/security.go:346.15,348.4 1 0
github.com/Kyanite/noise/internal/plugins/security.go:348.9,350.4 1 0
github.com/Kyanite/noise/internal/plugins/security.go:354.3,354.20 1 0
github.com/Kyanite/noise/internal/plugins/security.go:357.2,362.15 5 1
github.com/Kyanite/noise/internal/plugins/settings.go:27.73,34.2 1 1
github.com/Kyanite/noise/internal/plugins/settings.go:37.46,39.2 1 1
github.com/Kyanite/noise/internal/plugins/settings.go:42.72,43.27 1 1
github.com/Kyanite/noise/internal/plugins/settings.go:44.18,45.23 1 1
github.com/Kyanite/noise/internal/plugins/settings.go:46.18,47.28 1 1
github.com/Kyanite/noise/internal/plugins/settings.go:47.28,49.5 1 1
github.com/Kyanite/noise/internal/plugins/settings.go:50.20,51.50 1 1
github.com/Kyanite/noise/internal/plugins/settings.go:51.50,53.5 1 0
github.com/Kyanite/noise/internal/plugins/settings.go:54.16,55.22 1 1
github.com/Kyanite/noise/internal/plugins/settings.go:55.22,57.42 2 1
github.com/Kyanite/noise/internal/plugins/settings.go:57.42,58.35 1 0
github.com/Kyanite/noise/internal/plugins/settings.go:58.35,59.32 1 0
github.com/Kyanite/noise/internal/plugins/settings.go:59.32,61.13 2 0
github.com/Kyanite/noise/internal/plugins/settings.go:63.7,63.25 1 0
github.com/Kyanite/noise/internal/plugins/settings.go:65.6,66.26 2 0
github.com/Kyanite/noise/internal/plugins/settings.go:68.10,71.42 2 1
github.com/Kyanite/noise/internal/plugins/settings.go:71.42,74.28 3 0
github.com/Kyanite/noise/internal/plugins/settings.go:74.28,75.65 1 0
github.com/Kyanite/noise/internal/plugins/settings.go:75.65,78.8 1 0
github.com/Kyanite/noise/internal/plugins/settings.go:79.12,80.64 1 0
github.com/Kyanite/noise/internal/plugins/settings.go:80.64,83.8 1 0
github.com/Kyanite/noise/internal/plugins/settings.go:87.12,88.21 1 1
github.com/Kyanite/noise/internal/plugins/settings.go:88.21,92.5 2 1
github.com/Kyanite/noise/internal/plugins/settings.go:93.14,94.21 1 1
github.com/Kyanite/noise/internal/plugins/settings.go:94.21,97.5 2 1
github.com/Kyanite/noise/internal/plugins/settings.go:99.25,101.24 2 1
github.com/Kyanite/noise/internal/plugins/settings.go:104.2,104.15 1 1
github.com/Kyanite/noise/internal/plugins/settings.go:108.45,111.23 2 1
github.com/Kyanite/noise/internal/plugins/settings.go:111.23,113.3 1 1
github.com/Kyanite/noise/internal/plugins/settings.go:115.2,115.44 1 0
github.com/Kyanite/noise/internal/plugins/settings.go:115.44,117.3 1 0
github.com/Kyanite/noise/internal/plugins/settings.go:119.2,119.29 1 0
github.com/Kyanite/noise/internal/plugins/settings.go:123.57,138.2 6 1
github.com/Kyanite/noise/internal/plugins/settings.go:141.57,151.28 7 1
github.com/Kyanite/noise/internal/plugins/settings.go:151.28,154.3 2 0
github.com/Kyanite/noise/internal/plugins/settings.go:156.2,156.53 1 1
github.com/Kyanite/noise/internal/plugins/settings.go:156.53,161.28 4 0
github.com/Kyanite/noise/internal/plugins/settings.go:161.28,163.4 1 0
github.com/Kyanite/noise/internal/plugins/settings.go:163.9,165.4 1 0
github.com/Kyanite/noise/internal/plugins/settings.go:167.3,169.25 3 0
github.com/Kyanite/noise/internal/plugins/settings.go:169.25,172.4 2 0
github.com/Kyanite/noise/internal/plugins/settings.go:174.3,181.49 3 0
github.com/Kyanite/noise/internal/plugins/settings.go:185.2,192.25 3 1
github.com/Kyanite/noise/internal/plugins/settings.go:196.60,200.16 3 1
github.com/Kyanite/noise/internal/plugins/settings.go:200.16,202.3 1 1
github.com/Kyanite/noise/internal/plugins/settings.go:204.2,231.36 6 0
github.com/Kyanite/noise/internal/plugins/settings.go:231.36,238.3 3 0
github.com/Kyanite/noise/internal/plugins/settings.go:241.2,252.25 5 0
github.com/Kyanite/noise/internal/plugins/settings.go:256.73,260.13 3 1
github.com/Kyanite/noise/internal/plugins/settings.go:260.13,262.3 1 1
github.com/Kyanite/noise/internal/plugins/settings.go:262.8,264.3 1 1
github.com/Kyanite/noise/internal/plugins/settings.go:266.2,269.47 1 1
github.com/Kyanite/noise/internal/plugins/settings.go:273.86,275.35 2 1
github.com/Kyanite/noise/internal/plugins/settings.go:275.35,277.3 1 1
github.com/Kyanite/noise/internal/plugins/settings.go:278.2,278.18 1 1
github.com/Kyanite/noise/internal/plugins/settings.go:282.55,286.26 3 1
github.com/Kyanite/noise/internal/plugins/settings.go:286.26,288.3 1 0
github.com/Kyanite/noise/internal/plugins/settings.go:290.2,290.12 1 1
github.com/Kyanite/noise/internal/plugins/settings.go:294.64,296.2 1 1
github.com/Kyanite/noise/internal/plugins/settings.go:298.58,300.2 1 1
github.com/Kyanite/noise/internal/plugins/settings.go:303.40,305.2 0 1
github.com/Kyanite/noise/internal/plugins/settings.go:308.39,310.2 0 1
github.com/Kyanite/noise/internal/plugins/test_infrastructure.go:19.60,22.16 3 1
github.com/Kyanite/noise/internal/plugins/test_infrastructure.go:22.16,24.3 1 0
github.com/Kyanite/noise/internal/plugins/test_infrastructure.go:26.2,26.32 1 1
github.com/Kyanite/noise/internal/plugins/test_infrastructure.go:30.57,32.16 2 1
github.com/Kyanite/noise/internal/plugins/test_infrastructure.go:32.16,34.3 1 0
github.com/Kyanite/noise/internal/plugins/test_infrastructure.go:36.2,36.35 1 1
github.com/Kyanite/noise/internal/plugins/test_infrastructure.go:40.47,42.16 2 1
github.com/Kyanite/noise/internal/plugins/test_infrastructure.go:42.16,44.3 1 0
github.com/Kyanite/noise/internal/plugins/test_infrastructure.go:45.2,45.12 1 1
github.com/Kyanite/noise/internal/plugins/test_infrastructure.go:49.53,50.42 1 1
github.com/Kyanite/noise/internal/plugins/test_infrastructure.go:50.42,52.3 1 0
github.com/Kyanite/noise/internal/plugins/test_infrastructure.go:56.90,57.21 1 1
github.com/Kyanite/noise/internal/plugins/test_infrastructure.go:57.21,70.3 1 1
github.com/Kyanite/noise/internal/plugins/test_infrastructure.go:72.2,73.16 2 1
github.com/Kyanite/noise/internal/plugins/test_infrastructure.go:73.16,75.3 1 0
github.com/Kyanite/noise/internal/plugins/test_infrastructure.go:77.2,78.63 2 1
github.com/Kyanite/noise/internal/plugins/test_infrastructure.go:78.63,80.3 1 1
github.com/Kyanite/noise/internal/plugins/test_infrastructure.go:82.2,82.21 1 1
github.com/Kyanite/noise/internal/plugins/test_infrastructure.go:86.91,89.23 2 1
github.com/Kyanite/noise/internal/plugins/test_infrastructure.go:90.32,102.4 1 1
github.com/Kyanite/noise/internal/plugins/test_infrastructure.go:103.20,115.4 1 1
github.com/Kyanite/noise/internal/plugins/test_infrastructure.go:116.24,128.4 1 0
github.com/Kyanite/noise/internal/plugins/test_infrastructure.go:129.28,142.4 1 0
github.com/Kyanite/noise/internal/plugins/test_infrastructure.go:143.10,144.63 1 0
github.com/Kyanite/noise/internal/plugins/test_infrastructure.go:147.2,147.51 1 1
github.com/Kyanite/noise/internal/plugins/test_infrastructure.go:151.79,153.70 2 1
github.com/Kyanite/noise/internal/plugins/test_infrastructure.go:153.70,155.3 1 0
github.com/Kyanite/noise/internal/plugins/test_infrastructure.go:156.2,156.17 1 1
github.com/Kyanite/noise/internal/plugins/test_infrastructure.go:160.83,164.16 3 1
github.com/Kyanite/noise/internal/plugins/test_infrastructure.go:164.16,166.3 1 0
github.com/Kyanite/noise/internal/plugins/test_infrastructure.go:167.2,171.33 3 1
github.com/Kyanite/noise/internal/plugins/test_infrastructure.go:171.33,173.3 1 1
github.com/Kyanite/noise/internal/plugins/test_infrastructure.go:175.2,176.21 2 1
github.com/Kyanite/noise/internal/plugins/test_infrastructure.go:176.21,178.17 2 1
github.com/Kyanite/noise/internal/plugins/test_infrastructure.go:178.17,180.4 1 0
github.com/Kyanite/noise/internal/plugins/test_infrastructure.go:181.3,181.22 1 1
github.com/Kyanite/noise/internal/plugins/test_infrastructure.go:184.2,184.17 1 1
github.com/Kyanite/noise/internal/plugins/test_infrastructure.go:188.63,205.39 3 1
github.com/Kyanite/noise/internal/plugins/test_infrastructure.go:205.39,207.84 2 1
github.com/Kyanite/noise/internal/plugins/test_infrastructure.go:207.84,209.4 1 0
github.com/Kyanite/noise/internal/plugins/test_infrastructure.go:210.3,210.34 1 1
github.com/Kyanite/noise/internal/plugins/test_infrastructure.go:214.2,215.76 2 1
github.com/Kyanite/noise/internal/plugins/test_infrastructure.go:215.76,217.3 1 0
github.com/Kyanite/noise/internal/plugins/test_infrastructure.go:218.2,222.35 3 1
github.com/Kyanite/noise/internal/plugins/test_infrastructure.go:222.35,224.95 2 1
github.com/Kyanite/noise/internal/plugins/test_infrastructure.go:224.95,226.4 1 0
github.com/Kyanite/noise/internal/plugins/test_infrastructure.go:227.3,227.34 1 1
github.com/Kyanite/noise/internal/plugins/test_infrastructure.go:230.2,230.14 1 1
github.com/Kyanite/noise/internal/plugins/test_infrastructure.go:234.62,236.16 2 0
github.com/Kyanite/noise/internal/plugins/test_infrastructure.go:236.16,238.3 1 0
github.com/Kyanite/noise/internal/plugins/test_infrastructure.go:239.2,242.47 3 0
github.com/Kyanite/noise/internal/plugins/test_infrastructure.go:242.47,244.3 1 0
github.com/Kyanite/noise/internal/plugins/test_infrastructure.go:246.2,246.41 1 0
github.com/Kyanite/noise/internal/plugins/test_infrastructure.go:250.66,267.2 1 1
github.com/Kyanite/noise/internal/plugins/test_infrastructure.go:270.82,290.2 1 1
github.com/Kyanite/noise/internal/plugins/test_infrastructure.go:299.64,300.25 1 1
github.com/Kyanite/noise/internal/plugins/test_infrastructure.go:301.29,304.23 2 1
github.com/Kyanite/noise/internal/plugins/test_infrastructure.go:304.23,306.4 1 1
github.com/Kyanite/noise/internal/plugins/test_infrastructure.go:307.21,310.30 2 0
github.com/Kyanite/noise/internal/plugins/test_infrastructure.go:310.30,311.43 1 0
github.com/Kyanite/noise/internal/plugins/test_infrastructure.go:311.43,313.10 1 0
github.com/Kyanite/noise/internal/plugins/test_infrastructure.go:316.24,319.8 1 1
github.com/Kyanite/noise/internal/plugins/test_infrastructure.go:322.2,322.37 1 1
github.com/Kyanite/noise/internal/plugins/test_infrastructure.go:326.43,327.25 1 1
github.com/Kyanite/noise/internal/plugins/test_infrastructure.go:328.19,331.8 1 1
github.com/Kyanite/noise/internal/plugins/test_infrastructure.go:334.2,334.31 1 1
github.com/Kyanite/noise/internal/plugins/test_infrastructure.go:338.53,349.2 2 1
github.com/Kyanite/noise/internal/plugins/test_infrastructure.go:352.86,353.69 1 0
github.com/Kyanite/noise/internal/plugins/test_infrastructure.go:353.69,355.3 1 0
github.com/Kyanite/noise/internal/plugins/test_infrastructure.go:357.2,357.49 1 0
github.com/Kyanite/noise/internal/plugins/test_infrastructure.go:357.49,359.3 1 0
github.com/Kyanite/noise/internal/plugins/test_infrastructure.go:363.107,365.16 2 0
github.com/Kyanite/noise/internal/plugins/test_infrastructure.go:365.16,368.3 2 0
github.com/Kyanite/noise/internal/plugins/test_infrastructure.go:370.2,370.74 1 0
github.com/Kyanite/noise/internal/plugins/test_infrastructure.go:370.74,372.3 1 0
github.com/Kyanite/noise/internal/plugins/test_infrastructure.go:376.98,391.2 1 1
github.com/Kyanite/noise/internal/plugins/test_infrastructure.go:394.69,397.27 3 0
github.com/Kyanite/noise/internal/plugins/test_infrastructure.go:397.27,398.36 1 0
github.com/Kyanite/noise/internal/plugins/test_infrastructure.go:398.36,400.4 1 0
