mode: set
github.com/Kyanite/noise/internal/errors/enhanced_notifications.go:54.89,62.2 2 1
github.com/Kyanite/noise/internal/errors/enhanced_notifications.go:65.97,82.2 3 1
github.com/Kyanite/noise/internal/errors/enhanced_notifications.go:85.95,100.2 4 1
github.com/Kyanite/noise/internal/errors/enhanced_notifications.go:103.95,106.22 2 1
github.com/Kyanite/noise/internal/errors/enhanced_notifications.go:107.20,108.43 1 1
github.com/Kyanite/noise/internal/errors/enhanced_notifications.go:109.24,110.47 1 1
github.com/Kyanite/noise/internal/errors/enhanced_notifications.go:111.23,112.46 1 1
github.com/Kyanite/noise/internal/errors/enhanced_notifications.go:113.26,114.49 1 1
github.com/Kyanite/noise/internal/errors/enhanced_notifications.go:115.24,116.47 1 1
github.com/Kyanite/noise/internal/errors/enhanced_notifications.go:117.23,118.46 1 1
github.com/Kyanite/noise/internal/errors/enhanced_notifications.go:119.26,120.49 1 1
github.com/Kyanite/noise/internal/errors/enhanced_notifications.go:121.29,122.52 1 1
github.com/Kyanite/noise/internal/errors/enhanced_notifications.go:123.10,124.46 1 1
github.com/Kyanite/noise/internal/errors/enhanced_notifications.go:129.95,133.35 2 1
github.com/Kyanite/noise/internal/errors/enhanced_notifications.go:133.35,140.26 1 1
github.com/Kyanite/noise/internal/errors/enhanced_notifications.go:140.26,143.5 2 0
github.com/Kyanite/noise/internal/errors/enhanced_notifications.go:148.2,148.90 1 1
github.com/Kyanite/noise/internal/errors/enhanced_notifications.go:148.90,155.26 1 0
github.com/Kyanite/noise/internal/errors/enhanced_notifications.go:155.26,159.5 2 0
github.com/Kyanite/noise/internal/errors/enhanced_notifications.go:164.2,170.25 1 1
github.com/Kyanite/noise/internal/errors/enhanced_notifications.go:170.25,173.4 2 0
github.com/Kyanite/noise/internal/errors/enhanced_notifications.go:178.99,182.35 2 1
github.com/Kyanite/noise/internal/errors/enhanced_notifications.go:182.35,189.26 1 1
github.com/Kyanite/noise/internal/errors/enhanced_notifications.go:189.26,192.5 2 0
github.com/Kyanite/noise/internal/errors/enhanced_notifications.go:197.2,197.93 1 1
github.com/Kyanite/noise/internal/errors/enhanced_notifications.go:197.93,204.26 1 1
github.com/Kyanite/noise/internal/errors/enhanced_notifications.go:204.26,207.5 2 0
github.com/Kyanite/noise/internal/errors/enhanced_notifications.go:213.98,221.26 1 1
github.com/Kyanite/noise/internal/errors/enhanced_notifications.go:221.26,224.5 2 0
github.com/Kyanite/noise/internal/errors/enhanced_notifications.go:232.26,235.5 2 0
github.com/Kyanite/noise/internal/errors/enhanced_notifications.go:241.101,248.25 1 1
github.com/Kyanite/noise/internal/errors/enhanced_notifications.go:248.25,251.4 2 0
github.com/Kyanite/noise/internal/errors/enhanced_notifications.go:256.99,264.26 1 1
github.com/Kyanite/noise/internal/errors/enhanced_notifications.go:264.26,267.5 2 0
github.com/Kyanite/noise/internal/errors/enhanced_notifications.go:275.26,278.5 2 0
github.com/Kyanite/noise/internal/errors/enhanced_notifications.go:284.98,292.26 1 1
github.com/Kyanite/noise/internal/errors/enhanced_notifications.go:292.26,295.5 2 0
github.com/Kyanite/noise/internal/errors/enhanced_notifications.go:303.26,306.5 2 0
github.com/Kyanite/noise/internal/errors/enhanced_notifications.go:312.101,319.25 1 1
github.com/Kyanite/noise/internal/errors/enhanced_notifications.go:319.25,322.4 2 0
github.com/Kyanite/noise/internal/errors/enhanced_notifications.go:327.104,335.26 1 1
github.com/Kyanite/noise/internal/errors/enhanced_notifications.go:335.26,338.5 2 0
github.com/Kyanite/noise/internal/errors/enhanced_notifications.go:346.26,349.5 2 0
github.com/Kyanite/noise/internal/errors/enhanced_notifications.go:355.98,363.26 1 1
github.com/Kyanite/noise/internal/errors/enhanced_notifications.go:363.26,366.5 2 0
github.com/Kyanite/noise/internal/errors/enhanced_notifications.go:374.26,377.5 2 0
github.com/Kyanite/noise/internal/errors/enhanced_notifications.go:383.85,387.25 2 1
github.com/Kyanite/noise/internal/errors/enhanced_notifications.go:387.25,389.3 1 1
github.com/Kyanite/noise/internal/errors/enhanced_notifications.go:392.2,392.25 1 1
github.com/Kyanite/noise/internal/errors/enhanced_notifications.go:392.25,394.3 1 1
github.com/Kyanite/noise/internal/errors/enhanced_notifications.go:397.2,397.29 1 1
github.com/Kyanite/noise/internal/errors/enhanced_notifications.go:397.29,399.3 1 1
github.com/Kyanite/noise/internal/errors/enhanced_notifications.go:402.2,402.30 1 1
github.com/Kyanite/noise/internal/errors/enhanced_notifications.go:402.30,404.3 1 1
github.com/Kyanite/noise/internal/errors/enhanced_notifications.go:407.2,407.22 1 1
github.com/Kyanite/noise/internal/errors/enhanced_notifications.go:408.20,409.59 1 1
github.com/Kyanite/noise/internal/errors/enhanced_notifications.go:409.59,411.4 1 1
github.com/Kyanite/noise/internal/errors/enhanced_notifications.go:412.24,413.26 1 0
github.com/Kyanite/noise/internal/errors/enhanced_notifications.go:413.26,415.4 1 0
github.com/Kyanite/noise/internal/errors/enhanced_notifications.go:416.23,417.51 1 0
github.com/Kyanite/noise/internal/errors/enhanced_notifications.go:418.24,419.59 1 0
github.com/Kyanite/noise/internal/errors/enhanced_notifications.go:419.59,421.4 1 0
github.com/Kyanite/noise/internal/errors/enhanced_notifications.go:426.103,433.37 3 1
github.com/Kyanite/noise/internal/errors/enhanced_notifications.go:433.37,435.50 2 1
github.com/Kyanite/noise/internal/errors/enhanced_notifications.go:435.50,437.4 1 1
github.com/Kyanite/noise/internal/errors/enhanced_notifications.go:438.3,438.64 1 1
github.com/Kyanite/noise/internal/errors/enhanced_notifications.go:442.2,442.42 1 1
github.com/Kyanite/noise/internal/errors/enhanced_notifications.go:442.42,444.54 2 1
github.com/Kyanite/noise/internal/errors/enhanced_notifications.go:444.54,445.28 1 1
github.com/Kyanite/noise/internal/errors/enhanced_notifications.go:445.28,447.5 1 1
github.com/Kyanite/noise/internal/errors/enhanced_notifications.go:452.2,452.34 1 1
github.com/Kyanite/noise/internal/errors/enhanced_notifications.go:452.34,454.31 2 1
github.com/Kyanite/noise/internal/errors/enhanced_notifications.go:454.31,456.4 1 0
github.com/Kyanite/noise/internal/errors/enhanced_notifications.go:459.2,459.16 1 1
github.com/Kyanite/noise/internal/errors/enhanced_notifications.go:463.103,466.41 2 1
github.com/Kyanite/noise/internal/errors/enhanced_notifications.go:466.41,471.26 1 1
github.com/Kyanite/noise/internal/errors/enhanced_notifications.go:471.26,473.5 1 0
github.com/Kyanite/noise/internal/errors/enhanced_notifications.go:477.2,477.16 1 1
github.com/Kyanite/noise/internal/errors/enhanced_notifications.go:481.81,484.27 2 1
github.com/Kyanite/noise/internal/errors/enhanced_notifications.go:484.27,486.3 1 1
github.com/Kyanite/noise/internal/errors/enhanced_notifications.go:488.2,488.12 1 1
github.com/Kyanite/noise/internal/errors/enhanced_notifications.go:492.93,493.22 1 1
github.com/Kyanite/noise/internal/errors/enhanced_notifications.go:494.24,495.27 1 1
github.com/Kyanite/noise/internal/errors/enhanced_notifications.go:496.20,497.27 1 1
github.com/Kyanite/noise/internal/errors/enhanced_notifications.go:498.22,499.29 1 1
github.com/Kyanite/noise/internal/errors/enhanced_notifications.go:500.10,501.26 1 1
github.com/Kyanite/noise/internal/errors/enhanced_notifications.go:509.61,512.2 2 0
github.com/Kyanite/noise/internal/errors/enhanced_notifications.go:515.74,517.2 1 0
github.com/Kyanite/noise/internal/errors/enhanced_notifications.go:520.68,521.46 1 0
github.com/Kyanite/noise/internal/errors/enhanced_notifications.go:521.46,523.3 1 0
github.com/Kyanite/noise/internal/errors/enhanced_notifications.go:524.2,524.11 1 0
github.com/Kyanite/noise/internal/errors/enhanced_reporting.go:57.74,81.2 5 0
github.com/Kyanite/noise/internal/errors/enhanced_reporting.go:84.65,110.2 8 0
github.com/Kyanite/noise/internal/errors/enhanced_reporting.go:113.89,131.49 5 0
github.com/Kyanite/noise/internal/errors/enhanced_reporting.go:131.49,133.3 1 0
github.com/Kyanite/noise/internal/errors/enhanced_reporting.go:135.2,135.17 1 0
github.com/Kyanite/noise/internal/errors/enhanced_reporting.go:139.82,143.22 2 0
github.com/Kyanite/noise/internal/errors/enhanced_reporting.go:144.20,145.36 1 0
github.com/Kyanite/noise/internal/errors/enhanced_reporting.go:146.24,147.40 1 0
github.com/Kyanite/noise/internal/errors/enhanced_reporting.go:148.23,149.39 1 0
github.com/Kyanite/noise/internal/errors/enhanced_reporting.go:150.24,151.40 1 0
github.com/Kyanite/noise/internal/errors/enhanced_reporting.go:152.18,153.34 1 0
github.com/Kyanite/noise/internal/errors/enhanced_reporting.go:157.2,157.25 1 0
github.com/Kyanite/noise/internal/errors/enhanced_reporting.go:157.25,164.3 1 0
github.com/Kyanite/noise/internal/errors/enhanced_reporting.go:167.2,167.30 1 0
github.com/Kyanite/noise/internal/errors/enhanced_reporting.go:167.30,174.3 1 0
github.com/Kyanite/noise/internal/errors/enhanced_reporting.go:177.2,182.25 4 0
github.com/Kyanite/noise/internal/errors/enhanced_reporting.go:182.25,184.3 1 0
github.com/Kyanite/noise/internal/errors/enhanced_reporting.go:188.84,191.58 2 0
github.com/Kyanite/noise/internal/errors/enhanced_reporting.go:191.58,198.3 1 0
github.com/Kyanite/noise/internal/errors/enhanced_reporting.go:202.88,208.2 1 0
github.com/Kyanite/noise/internal/errors/enhanced_reporting.go:211.87,217.2 1 0
github.com/Kyanite/noise/internal/errors/enhanced_reporting.go:220.88,231.2 3 0
github.com/Kyanite/noise/internal/errors/enhanced_reporting.go:234.82,241.2 1 0
github.com/Kyanite/noise/internal/errors/enhanced_reporting.go:245.66,248.2 1 0
github.com/Kyanite/noise/internal/errors/enhanced_reporting.go:250.76,253.2 1 0
github.com/Kyanite/noise/internal/errors/enhanced_reporting.go:255.68,258.2 1 0
github.com/Kyanite/noise/internal/errors/enhanced_reporting.go:260.60,263.2 1 0
github.com/Kyanite/noise/internal/errors/enhanced_reporting.go:265.57,268.2 1 0
github.com/Kyanite/noise/internal/errors/enhanced_reporting.go:270.71,271.58 1 0
github.com/Kyanite/noise/internal/errors/enhanced_reporting.go:271.58,273.3 1 0
github.com/Kyanite/noise/internal/errors/enhanced_reporting.go:274.2,274.18 1 0
github.com/Kyanite/noise/internal/errors/enhanced_reporting.go:277.60,280.2 1 0
github.com/Kyanite/noise/internal/errors/enhanced_reporting.go:324.78,336.2 4 0
github.com/Kyanite/noise/internal/errors/enhanced_reporting.go:339.90,360.2 7 0
github.com/Kyanite/noise/internal/errors/enhanced_reporting.go:378.74,386.2 3 0
github.com/Kyanite/noise/internal/errors/enhanced_reporting.go:389.59,421.35 2 0
github.com/Kyanite/noise/internal/errors/enhanced_reporting.go:421.35,423.3 1 0
github.com/Kyanite/noise/internal/errors/enhanced_reporting.go:427.90,440.20 5 0
github.com/Kyanite/noise/internal/errors/enhanced_reporting.go:440.20,444.3 3 0
github.com/Kyanite/noise/internal/errors/enhanced_reporting.go:447.2,455.17 6 0
github.com/Kyanite/noise/internal/errors/enhanced_reporting.go:459.75,483.68 4 0
github.com/Kyanite/noise/internal/errors/enhanced_reporting.go:483.68,485.3 1 0
github.com/Kyanite/noise/internal/errors/enhanced_reporting.go:488.2,488.34 1 0
github.com/Kyanite/noise/internal/errors/enhanced_reporting.go:488.34,490.3 1 0
github.com/Kyanite/noise/internal/errors/enhanced_reporting.go:490.8,490.43 1 0
github.com/Kyanite/noise/internal/errors/enhanced_reporting.go:490.43,492.3 1 0
github.com/Kyanite/noise/internal/errors/enhanced_reporting.go:494.2,494.14 1 0
github.com/Kyanite/noise/internal/errors/enhanced_reporting.go:498.82,501.39 2 0
github.com/Kyanite/noise/internal/errors/enhanced_reporting.go:501.39,502.48 1 0
github.com/Kyanite/noise/internal/errors/enhanced_reporting.go:502.48,503.38 1 0
github.com/Kyanite/noise/internal/errors/enhanced_reporting.go:503.38,505.55 1 0
github.com/Kyanite/noise/internal/errors/enhanced_reporting.go:505.55,507.42 2 0
github.com/Kyanite/noise/internal/errors/enhanced_reporting.go:507.42,508.39 1 0
github.com/Kyanite/noise/internal/errors/enhanced_reporting.go:508.39,510.13 2 0
github.com/Kyanite/noise/internal/errors/enhanced_reporting.go:513.6,513.15 1 0
github.com/Kyanite/noise/internal/errors/enhanced_reporting.go:513.15,515.7 1 0
github.com/Kyanite/noise/internal/errors/enhanced_reporting.go:521.2,521.12 1 0
github.com/Kyanite/noise/internal/errors/enhanced_reporting.go:525.108,529.22 2 0
github.com/Kyanite/noise/internal/errors/enhanced_reporting.go:530.20,531.19 1 0
github.com/Kyanite/noise/internal/errors/enhanced_reporting.go:532.22,533.19 1 0
github.com/Kyanite/noise/internal/errors/enhanced_reporting.go:534.21,535.19 1 0
github.com/Kyanite/noise/internal/errors/enhanced_reporting.go:536.24,537.19 1 0
github.com/Kyanite/noise/internal/errors/enhanced_reporting.go:538.24,539.19 1 0
github.com/Kyanite/noise/internal/errors/enhanced_reporting.go:543.2,556.68 2 0
github.com/Kyanite/noise/internal/errors/enhanced_reporting.go:556.68,558.3 1 0
github.com/Kyanite/noise/internal/errors/enhanced_reporting.go:561.2,561.30 1 0
github.com/Kyanite/noise/internal/errors/enhanced_reporting.go:561.30,563.3 1 0
github.com/Kyanite/noise/internal/errors/enhanced_reporting.go:566.2,566.20 1 0
github.com/Kyanite/noise/internal/errors/enhanced_reporting.go:566.20,568.3 1 0
github.com/Kyanite/noise/internal/errors/enhanced_reporting.go:569.2,569.20 1 0
github.com/Kyanite/noise/internal/errors/enhanced_reporting.go:569.20,571.3 1 0
github.com/Kyanite/noise/internal/errors/enhanced_reporting.go:573.2,573.19 1 0
github.com/Kyanite/noise/internal/errors/enhanced_reporting.go:577.100,583.21 4 0
github.com/Kyanite/noise/internal/errors/enhanced_reporting.go:583.21,585.3 1 0
github.com/Kyanite/noise/internal/errors/enhanced_reporting.go:588.2,588.33 1 0
github.com/Kyanite/noise/internal/errors/enhanced_reporting.go:588.33,589.69 1 0
github.com/Kyanite/noise/internal/errors/enhanced_reporting.go:589.69,590.47 1 0
github.com/Kyanite/noise/internal/errors/enhanced_reporting.go:590.47,598.5 1 0
github.com/Kyanite/noise/internal/errors/enhanced_reporting.go:603.2,603.56 1 0
github.com/Kyanite/noise/internal/errors/enhanced_reporting.go:603.56,611.3 1 0
github.com/Kyanite/noise/internal/errors/enhanced_reporting.go:614.2,614.22 1 0
github.com/Kyanite/noise/internal/errors/enhanced_reporting.go:615.20,622.5 1 0
github.com/Kyanite/noise/internal/errors/enhanced_reporting.go:623.24,630.5 1 0
github.com/Kyanite/noise/internal/errors/enhanced_reporting.go:631.24,638.5 1 0
github.com/Kyanite/noise/internal/errors/enhanced_reporting.go:641.2,641.20 1 0
github.com/Kyanite/noise/internal/errors/enhanced_reporting.go:645.78,661.51 2 0
github.com/Kyanite/noise/internal/errors/enhanced_reporting.go:661.51,663.3 1 0
github.com/Kyanite/noise/internal/errors/enhanced_reporting.go:665.2,665.27 1 0
github.com/Kyanite/noise/internal/errors/enhanced_reporting.go:672.58,675.2 2 0
github.com/Kyanite/noise/internal/errors/enhanced_reporting.go:678.62,680.2 1 0
github.com/Kyanite/noise/internal/errors/graceful_degradation.go:81.90,109.2 7 1
github.com/Kyanite/noise/internal/errors/graceful_degradation.go:112.64,156.36 2 1
github.com/Kyanite/noise/internal/errors/graceful_degradation.go:156.36,169.3 2 1
github.com/Kyanite/noise/internal/errors/graceful_degradation.go:173.135,190.2 5 0
github.com/Kyanite/noise/internal/errors/graceful_degradation.go:193.68,200.47 4 1
github.com/Kyanite/noise/internal/errors/graceful_degradation.go:200.47,202.14 2 1
github.com/Kyanite/noise/internal/errors/graceful_degradation.go:202.14,203.12 1 0
github.com/Kyanite/noise/internal/errors/graceful_degradation.go:207.3,208.62 2 1
github.com/Kyanite/noise/internal/errors/graceful_degradation.go:208.62,210.4 1 1
github.com/Kyanite/noise/internal/errors/graceful_degradation.go:210.9,215.4 3 0
github.com/Kyanite/noise/internal/errors/graceful_degradation.go:220.86,234.66 3 1
github.com/Kyanite/noise/internal/errors/graceful_degradation.go:234.66,236.3 1 1
github.com/Kyanite/noise/internal/errors/graceful_degradation.go:239.2,239.25 1 1
github.com/Kyanite/noise/internal/errors/graceful_degradation.go:239.25,248.69 2 0
github.com/Kyanite/noise/internal/errors/graceful_degradation.go:248.69,250.4 1 0
github.com/Kyanite/noise/internal/errors/graceful_degradation.go:254.2,256.35 3 1
github.com/Kyanite/noise/internal/errors/graceful_degradation.go:256.35,257.21 1 1
github.com/Kyanite/noise/internal/errors/graceful_degradation.go:257.21,260.4 2 1
github.com/Kyanite/noise/internal/errors/graceful_degradation.go:263.2,263.15 1 1
github.com/Kyanite/noise/internal/errors/graceful_degradation.go:267.127,269.53 1 1
github.com/Kyanite/noise/internal/errors/graceful_degradation.go:269.53,270.38 1 1
github.com/Kyanite/noise/internal/errors/graceful_degradation.go:270.38,272.4 1 1
github.com/Kyanite/noise/internal/errors/graceful_degradation.go:276.2,276.46 1 0
github.com/Kyanite/noise/internal/errors/graceful_degradation.go:276.46,278.3 1 0
github.com/Kyanite/noise/internal/errors/graceful_degradation.go:281.2,281.69 1 0
github.com/Kyanite/noise/internal/errors/graceful_degradation.go:281.69,282.47 1 0
github.com/Kyanite/noise/internal/errors/graceful_degradation.go:282.47,284.4 1 0
github.com/Kyanite/noise/internal/errors/graceful_degradation.go:287.2,287.14 1 0
github.com/Kyanite/noise/internal/errors/graceful_degradation.go:291.116,314.24 9 1
github.com/Kyanite/noise/internal/errors/graceful_degradation.go:315.22,318.135 1 0
github.com/Kyanite/noise/internal/errors/graceful_degradation.go:319.19,321.135 1 0
github.com/Kyanite/noise/internal/errors/graceful_degradation.go:322.22,324.115 1 1
github.com/Kyanite/noise/internal/errors/graceful_degradation.go:325.10,327.81 1 1
github.com/Kyanite/noise/internal/errors/graceful_degradation.go:331.2,331.38 1 1
github.com/Kyanite/noise/internal/errors/graceful_degradation.go:335.87,336.47 1 1
github.com/Kyanite/noise/internal/errors/graceful_degradation.go:336.47,337.58 1 0
github.com/Kyanite/noise/internal/errors/graceful_degradation.go:337.58,338.42 1 0
github.com/Kyanite/noise/internal/errors/graceful_degradation.go:338.42,346.23 3 0
github.com/Kyanite/noise/internal/errors/graceful_degradation.go:346.23,353.6 1 0
github.com/Kyanite/noise/internal/errors/graceful_degradation.go:355.5,355.52 1 0
github.com/Kyanite/noise/internal/errors/graceful_degradation.go:362.85,367.13 4 0
github.com/Kyanite/noise/internal/errors/graceful_degradation.go:367.13,369.3 1 0
github.com/Kyanite/noise/internal/errors/graceful_degradation.go:371.2,371.40 1 0
github.com/Kyanite/noise/internal/errors/graceful_degradation.go:375.99,380.13 4 0
github.com/Kyanite/noise/internal/errors/graceful_degradation.go:380.13,382.3 1 0
github.com/Kyanite/noise/internal/errors/graceful_degradation.go:384.2,384.27 1 0
github.com/Kyanite/noise/internal/errors/graceful_degradation.go:388.78,393.39 4 0
github.com/Kyanite/noise/internal/errors/graceful_degradation.go:393.39,394.75 1 0
github.com/Kyanite/noise/internal/errors/graceful_degradation.go:394.75,396.4 1 0
github.com/Kyanite/noise/internal/errors/graceful_degradation.go:399.2,399.17 1 0
github.com/Kyanite/noise/internal/errors/graceful_degradation.go:403.90,408.13 4 0
github.com/Kyanite/noise/internal/errors/graceful_degradation.go:408.13,410.3 1 0
github.com/Kyanite/noise/internal/errors/graceful_degradation.go:412.2,412.37 1 0
github.com/Kyanite/noise/internal/errors/graceful_degradation.go:412.37,414.3 1 0
github.com/Kyanite/noise/internal/errors/graceful_degradation.go:417.2,417.77 1 0
github.com/Kyanite/noise/internal/errors/graceful_degradation.go:417.77,419.3 1 0
github.com/Kyanite/noise/internal/errors/graceful_degradation.go:422.2,434.12 8 0
github.com/Kyanite/noise/internal/errors/graceful_degradation.go:438.59,442.21 3 1
github.com/Kyanite/noise/internal/errors/graceful_degradation.go:442.21,445.3 2 0
github.com/Kyanite/noise/internal/errors/graceful_degradation.go:449.62,455.39 4 0
github.com/Kyanite/noise/internal/errors/graceful_degradation.go:455.39,457.63 1 0
github.com/Kyanite/noise/internal/errors/graceful_degradation.go:457.63,458.71 1 0
github.com/Kyanite/noise/internal/errors/graceful_degradation.go:458.71,470.5 6 0
github.com/Kyanite/noise/internal/errors/graceful_degradation.go:474.3,474.78 1 0
github.com/Kyanite/noise/internal/errors/graceful_degradation.go:474.78,475.32 1 0
github.com/Kyanite/noise/internal/errors/graceful_degradation.go:475.32,478.5 2 0
github.com/Kyanite/noise/internal/errors/graceful_degradation.go:484.66,487.2 0 0
github.com/Kyanite/noise/internal/errors/graceful_degradation.go:490.82,499.39 7 0
github.com/Kyanite/noise/internal/errors/graceful_degradation.go:499.39,500.24 1 0
github.com/Kyanite/noise/internal/errors/graceful_degradation.go:501.24,502.22 1 0
github.com/Kyanite/noise/internal/errors/graceful_degradation.go:503.24,504.22 1 0
github.com/Kyanite/noise/internal/errors/graceful_degradation.go:505.22,506.22 1 0
github.com/Kyanite/noise/internal/errors/graceful_degradation.go:510.2,511.23 2 0
github.com/Kyanite/noise/internal/errors/graceful_degradation.go:511.23,514.3 2 0
github.com/Kyanite/noise/internal/errors/graceful_degradation.go:516.2,524.3 1 0
github.com/Kyanite/noise/internal/errors/graceful_degradation.go:531.68,534.2 2 0
github.com/Kyanite/noise/internal/errors/graceful_degradation.go:537.74,539.2 1 0
github.com/Kyanite/noise/internal/errors/graceful_degradation.go:542.24,543.11 1 0
github.com/Kyanite/noise/internal/errors/graceful_degradation.go:543.11,545.3 1 0
github.com/Kyanite/noise/internal/errors/graceful_degradation.go:546.2,546.10 1 0
github.com/Kyanite/noise/internal/errors/manager.go:85.40,99.2 1 1
github.com/Kyanite/noise/internal/errors/manager.go:102.81,103.19 1 1
github.com/Kyanite/noise/internal/errors/manager.go:103.19,105.3 1 0
github.com/Kyanite/noise/internal/errors/manager.go:107.2,114.22 2 1
github.com/Kyanite/noise/internal/errors/manager.go:114.22,115.64 1 1
github.com/Kyanite/noise/internal/errors/manager.go:115.64,117.4 1 0
github.com/Kyanite/noise/internal/errors/manager.go:120.2,120.16 1 1
github.com/Kyanite/noise/internal/errors/manager.go:124.61,128.2 3 1
github.com/Kyanite/noise/internal/errors/manager.go:131.82,143.31 3 1
github.com/Kyanite/noise/internal/errors/manager.go:143.31,145.3 1 0
github.com/Kyanite/noise/internal/errors/manager.go:147.2,147.15 1 1
github.com/Kyanite/noise/internal/errors/manager.go:151.121,154.75 2 1
github.com/Kyanite/noise/internal/errors/manager.go:154.75,158.3 3 1
github.com/Kyanite/noise/internal/errors/manager.go:160.2,160.15 1 1
github.com/Kyanite/noise/internal/errors/manager.go:164.45,166.2 1 0
github.com/Kyanite/noise/internal/errors/manager.go:169.61,177.31 2 0
github.com/Kyanite/noise/internal/errors/manager.go:177.31,179.3 1 0
github.com/Kyanite/noise/internal/errors/manager.go:181.2,181.15 1 0
github.com/Kyanite/noise/internal/errors/manager.go:185.56,186.39 1 1
github.com/Kyanite/noise/internal/errors/manager.go:186.39,188.3 1 1
github.com/Kyanite/noise/internal/errors/manager.go:191.2,191.32 1 0
github.com/Kyanite/noise/internal/errors/manager.go:195.62,196.16 1 0
github.com/Kyanite/noise/internal/errors/manager.go:196.16,198.3 1 0
github.com/Kyanite/noise/internal/errors/manager.go:200.2,203.9 2 0
github.com/Kyanite/noise/internal/errors/manager.go:204.54,205.42 1 0
github.com/Kyanite/noise/internal/errors/manager.go:206.68,207.49 1 0
github.com/Kyanite/noise/internal/errors/manager.go:208.64,209.41 1 0
github.com/Kyanite/noise/internal/errors/manager.go:210.57,211.119 1 0
github.com/Kyanite/noise/internal/errors/manager.go:212.10,213.122 1 0
github.com/Kyanite/noise/internal/errors/manager.go:218.49,219.16 1 1
github.com/Kyanite/noise/internal/errors/manager.go:219.16,221.3 1 0
github.com/Kyanite/noise/internal/errors/manager.go:223.2,224.25 2 1
github.com/Kyanite/noise/internal/errors/manager.go:224.25,226.3 1 1
github.com/Kyanite/noise/internal/errors/manager.go:229.2,229.22 1 1
github.com/Kyanite/noise/internal/errors/manager.go:230.24,231.100 1 0
github.com/Kyanite/noise/internal/errors/manager.go:232.20,233.99 1 1
github.com/Kyanite/noise/internal/errors/manager.go:234.22,235.99 1 0
github.com/Kyanite/noise/internal/errors/manager.go:236.19,237.100 1 0
github.com/Kyanite/noise/internal/errors/manager.go:238.10,239.74 1 0
github.com/Kyanite/noise/internal/errors/manager.go:243.2,243.54 1 1
github.com/Kyanite/noise/internal/errors/manager.go:243.54,245.3 1 0
github.com/Kyanite/noise/internal/errors/manager.go:249.79,255.37 5 0
github.com/Kyanite/noise/internal/errors/manager.go:255.37,256.36 1 0
github.com/Kyanite/noise/internal/errors/manager.go:256.36,257.55 1 0
github.com/Kyanite/noise/internal/errors/manager.go:257.55,259.5 1 0
github.com/Kyanite/noise/internal/errors/manager.go:265.58,266.39 1 0
github.com/Kyanite/noise/internal/errors/manager.go:266.39,268.3 1 0
github.com/Kyanite/noise/internal/errors/manager.go:270.2,270.49 1 0
github.com/Kyanite/noise/internal/errors/manager.go:270.49,271.44 1 0
github.com/Kyanite/noise/internal/errors/manager.go:271.44,273.4 1 0
github.com/Kyanite/noise/internal/errors/manager.go:275.2,275.14 1 0
github.com/Kyanite/noise/internal/errors/manager.go:279.121,290.45 5 1
github.com/Kyanite/noise/internal/errors/manager.go:290.45,293.10 2 1
github.com/Kyanite/noise/internal/errors/manager.go:294.21,297.18 3 0
github.com/Kyanite/noise/internal/errors/manager.go:298.11,298.11 0 1
github.com/Kyanite/noise/internal/errors/manager.go:302.3,303.25 2 1
github.com/Kyanite/noise/internal/errors/manager.go:303.25,308.4 4 1
github.com/Kyanite/noise/internal/errors/manager.go:311.3,314.45 2 1
github.com/Kyanite/noise/internal/errors/manager.go:314.45,315.11 1 1
github.com/Kyanite/noise/internal/errors/manager.go:316.22,319.19 3 0
github.com/Kyanite/noise/internal/errors/manager.go:320.44,320.44 0 1
github.com/Kyanite/noise/internal/errors/manager.go:325.2,327.16 3 1
github.com/Kyanite/noise/internal/errors/manager.go:331.52,334.36 2 1
github.com/Kyanite/noise/internal/errors/manager.go:334.36,335.19 1 1
github.com/Kyanite/noise/internal/errors/manager.go:335.19,336.12 1 0
github.com/Kyanite/noise/internal/errors/manager.go:338.3,341.38 2 1
github.com/Kyanite/noise/internal/errors/manager.go:341.38,342.55 1 1
github.com/Kyanite/noise/internal/errors/manager.go:342.55,344.43 2 1
github.com/Kyanite/noise/internal/errors/manager.go:344.43,345.39 1 1
github.com/Kyanite/noise/internal/errors/manager.go:345.39,347.12 2 1
github.com/Kyanite/noise/internal/errors/manager.go:350.5,350.14 1 1
github.com/Kyanite/noise/internal/errors/manager.go:350.14,352.6 1 1
github.com/Kyanite/noise/internal/errors/manager.go:356.2,356.14 1 1
github.com/Kyanite/noise/internal/errors/manager.go:360.64,368.2 1 0
github.com/Kyanite/noise/internal/errors/manager.go:371.39,376.40 3 1
github.com/Kyanite/noise/internal/errors/manager.go:376.40,377.45 1 1
github.com/Kyanite/noise/internal/errors/manager.go:377.45,378.41 1 0
github.com/Kyanite/noise/internal/errors/manager.go:378.41,380.5 1 0
github.com/Kyanite/noise/internal/errors/manager.go:384.2,385.12 2 1
github.com/Kyanite/noise/internal/errors/notifications.go:79.73,86.2 1 1
github.com/Kyanite/noise/internal/errors/notifications.go:89.76,93.2 3 0
github.com/Kyanite/noise/internal/errors/notifications.go:96.87,107.2 1 0
github.com/Kyanite/noise/internal/errors/notifications.go:110.74,120.2 1 0
github.com/Kyanite/noise/internal/errors/notifications.go:123.71,133.2 1 0
github.com/Kyanite/noise/internal/errors/notifications.go:136.74,146.2 1 0
github.com/Kyanite/noise/internal/errors/notifications.go:149.84,154.32 3 1
github.com/Kyanite/noise/internal/errors/notifications.go:154.32,156.3 1 0
github.com/Kyanite/noise/internal/errors/notifications.go:159.2,162.49 2 1
github.com/Kyanite/noise/internal/errors/notifications.go:162.49,164.3 1 0
github.com/Kyanite/noise/internal/errors/notifications.go:167.2,172.24 3 1
github.com/Kyanite/noise/internal/errors/notifications.go:176.63,180.58 3 0
github.com/Kyanite/noise/internal/errors/notifications.go:180.58,184.3 3 0
github.com/Kyanite/noise/internal/errors/notifications.go:188.58,192.49 3 0
github.com/Kyanite/noise/internal/errors/notifications.go:192.49,195.3 2 0
github.com/Kyanite/noise/internal/errors/notifications.go:197.2,197.19 1 0
github.com/Kyanite/noise/internal/errors/notifications.go:201.73,206.48 4 1
github.com/Kyanite/noise/internal/errors/notifications.go:206.48,207.30 1 1
github.com/Kyanite/noise/internal/errors/notifications.go:207.30,209.4 1 1
github.com/Kyanite/noise/internal/errors/notifications.go:212.2,212.15 1 1
github.com/Kyanite/noise/internal/errors/notifications.go:216.106,221.48 4 0
github.com/Kyanite/noise/internal/errors/notifications.go:221.48,222.71 1 0
github.com/Kyanite/noise/internal/errors/notifications.go:222.71,224.4 1 0
github.com/Kyanite/noise/internal/errors/notifications.go:227.2,227.17 1 0
github.com/Kyanite/noise/internal/errors/notifications.go:231.62,238.49 5 0
github.com/Kyanite/noise/internal/errors/notifications.go:238.49,239.89 1 0
github.com/Kyanite/noise/internal/errors/notifications.go:239.89,241.4 1 0
github.com/Kyanite/noise/internal/errors/notifications.go:244.2,244.29 1 0
github.com/Kyanite/noise/internal/errors/notifications.go:244.29,247.3 2 0
github.com/Kyanite/noise/internal/errors/notifications.go:249.2,249.22 1 0
github.com/Kyanite/noise/internal/errors/notifications.go:249.22,251.3 1 0
github.com/Kyanite/noise/internal/errors/notifications.go:256.83,257.16 1 1
github.com/Kyanite/noise/internal/errors/notifications.go:257.16,259.3 1 0
github.com/Kyanite/noise/internal/errors/notifications.go:261.2,261.22 1 1
github.com/Kyanite/noise/internal/errors/notifications.go:262.24,263.23 1 0
github.com/Kyanite/noise/internal/errors/notifications.go:264.20,265.19 1 1
github.com/Kyanite/noise/internal/errors/notifications.go:266.22,267.21 1 0
github.com/Kyanite/noise/internal/errors/notifications.go:268.10,269.18 1 0
github.com/Kyanite/noise/internal/errors/notifications.go:273.82,274.16 1 1
github.com/Kyanite/noise/internal/errors/notifications.go:274.16,276.3 1 0
github.com/Kyanite/noise/internal/errors/notifications.go:278.2,278.22 1 1
github.com/Kyanite/noise/internal/errors/notifications.go:279.24,280.11 1 0
github.com/Kyanite/noise/internal/errors/notifications.go:281.20,282.26 1 1
github.com/Kyanite/noise/internal/errors/notifications.go:283.22,284.25 1 0
github.com/Kyanite/noise/internal/errors/notifications.go:285.10,286.25 1 0
github.com/Kyanite/noise/internal/errors/notifications.go:290.59,294.49 3 0
github.com/Kyanite/noise/internal/errors/notifications.go:294.49,295.66 1 0
github.com/Kyanite/noise/internal/errors/notifications.go:295.66,298.4 2 0
github.com/Kyanite/noise/internal/errors/notifications.go:301.2,301.20 1 0
github.com/Kyanite/noise/internal/errors/notifications.go:301.20,304.3 2 0
github.com/Kyanite/noise/internal/errors/notifications.go:307.47,308.24 1 1
github.com/Kyanite/noise/internal/errors/notifications.go:308.24,311.3 2 0
github.com/Kyanite/noise/internal/errors/notifications.go:314.38,316.2 1 1
github.com/Kyanite/noise/internal/errors/notifications.go:321.80,332.2 4 0
github.com/Kyanite/noise/internal/errors/notifications.go:335.46,337.2 1 0
github.com/Kyanite/noise/internal/errors/notifications.go:340.83,343.27 2 0
github.com/Kyanite/noise/internal/errors/notifications.go:344.18,345.23 1 0
github.com/Kyanite/noise/internal/errors/notifications.go:346.12,347.34 1 0
github.com/Kyanite/noise/internal/errors/notifications.go:348.20,349.18 1 0
github.com/Kyanite/noise/internal/errors/notifications.go:350.18,351.22 1 0
github.com/Kyanite/noise/internal/errors/notifications.go:352.16,353.20 1 0
github.com/Kyanite/noise/internal/errors/notifications.go:354.14,355.23 1 0
github.com/Kyanite/noise/internal/errors/notifications.go:357.29,359.23 1 0
github.com/Kyanite/noise/internal/errors/notifications.go:362.2,362.15 1 0
github.com/Kyanite/noise/internal/errors/notifications.go:366.45,369.29 2 0
github.com/Kyanite/noise/internal/errors/notifications.go:369.29,371.3 1 0
github.com/Kyanite/noise/internal/errors/notifications.go:373.2,375.45 2 0
github.com/Kyanite/noise/internal/errors/notifications.go:375.45,379.3 3 0
github.com/Kyanite/noise/internal/errors/notifications.go:381.2,381.58 1 0
github.com/Kyanite/noise/internal/errors/notifications.go:386.100,390.27 2 0
github.com/Kyanite/noise/internal/errors/notifications.go:391.25,392.21 1 0
github.com/Kyanite/noise/internal/errors/notifications.go:393.27,394.23 1 0
github.com/Kyanite/noise/internal/errors/notifications.go:395.24,396.20 1 0
github.com/Kyanite/noise/internal/errors/notifications.go:397.27,398.23 1 0
github.com/Kyanite/noise/internal/errors/notifications.go:399.10,400.20 1 0
github.com/Kyanite/noise/internal/errors/notifications.go:404.2,405.14 2 0
github.com/Kyanite/noise/internal/errors/notifications.go:405.14,407.3 1 0
github.com/Kyanite/noise/internal/errors/notifications.go:410.2,414.43 3 0
github.com/Kyanite/noise/internal/errors/notifications.go:414.43,420.41 5 0
github.com/Kyanite/noise/internal/errors/notifications.go:420.41,422.4 1 0
github.com/Kyanite/noise/internal/errors/notifications.go:424.3,424.41 1 0
github.com/Kyanite/noise/internal/errors/notifications.go:424.41,426.4 1 0
github.com/Kyanite/noise/internal/errors/notifications.go:429.3,429.50 1 0
github.com/Kyanite/noise/internal/errors/notifications.go:429.50,431.4 1 0
github.com/Kyanite/noise/internal/errors/notifications.go:434.2,438.14 3 0
github.com/Kyanite/noise/internal/errors/notifications.go:438.14,440.3 1 0
github.com/Kyanite/noise/internal/errors/notifications.go:442.2,446.18 1 0
github.com/Kyanite/noise/internal/errors/notifications.go:449.44,451.28 2 0
github.com/Kyanite/noise/internal/errors/notifications.go:451.28,453.3 1 0
github.com/Kyanite/noise/internal/errors/notifications.go:456.48,458.28 2 0
github.com/Kyanite/noise/internal/errors/notifications.go:458.28,460.3 1 0
github.com/Kyanite/noise/internal/errors/notifications.go:463.46,465.42 2 0
github.com/Kyanite/noise/internal/errors/notifications.go:465.42,469.28 2 0
github.com/Kyanite/noise/internal/errors/notifications.go:470.26,471.81 1 0
github.com/Kyanite/noise/internal/errors/notifications.go:471.81,474.5 1 0
github.com/Kyanite/noise/internal/errors/notifications.go:479.49,481.42 2 0
github.com/Kyanite/noise/internal/errors/notifications.go:481.42,484.3 2 0
github.com/Kyanite/noise/internal/errors/notifications.go:519.65,521.2 1 0
github.com/Kyanite/noise/internal/errors/notifications.go:524.58,526.2 1 0
github.com/Kyanite/noise/internal/errors/notifications.go:531.67,532.38 1 0
github.com/Kyanite/noise/internal/errors/notifications.go:532.38,534.3 1 0
github.com/Kyanite/noise/internal/errors/notifications.go:535.2,535.11 1 0
github.com/Kyanite/noise/internal/errors/notifications.go:539.54,540.38 1 0
github.com/Kyanite/noise/internal/errors/notifications.go:540.38,542.3 1 0
github.com/Kyanite/noise/internal/errors/notifications.go:543.2,543.11 1 0
github.com/Kyanite/noise/internal/errors/notifications.go:547.51,548.38 1 1
github.com/Kyanite/noise/internal/errors/notifications.go:548.38,550.3 1 0
github.com/Kyanite/noise/internal/errors/notifications.go:551.2,551.11 1 1
github.com/Kyanite/noise/internal/errors/notifications.go:555.54,556.38 1 1
github.com/Kyanite/noise/internal/errors/notifications.go:556.38,558.3 1 0
github.com/Kyanite/noise/internal/errors/notifications.go:559.2,559.11 1 1
github.com/Kyanite/noise/internal/errors/recovery.go:37.80,48.2 3 1
github.com/Kyanite/noise/internal/errors/recovery.go:51.59,56.57 1 1
github.com/Kyanite/noise/internal/errors/recovery.go:56.57,57.28 1 1
github.com/Kyanite/noise/internal/errors/recovery.go:57.28,59.5 1 1
github.com/Kyanite/noise/internal/errors/recovery.go:62.4,63.57 2 1
github.com/Kyanite/noise/internal/errors/recovery.go:63.57,65.5 1 0
github.com/Kyanite/noise/internal/errors/recovery.go:67.4,67.14 1 1
github.com/Kyanite/noise/internal/errors/recovery.go:72.2,75.57 1 1
github.com/Kyanite/noise/internal/errors/recovery.go:75.57,77.24 1 1
github.com/Kyanite/noise/internal/errors/recovery.go:77.24,78.31 1 1
github.com/Kyanite/noise/internal/errors/recovery.go:78.31,79.38 1 1
github.com/Kyanite/noise/internal/errors/recovery.go:79.38,81.7 1 1
github.com/Kyanite/noise/internal/errors/recovery.go:84.4,84.14 1 1
github.com/Kyanite/noise/internal/errors/recovery.go:89.2,92.57 1 1
github.com/Kyanite/noise/internal/errors/recovery.go:92.57,99.31 4 1
github.com/Kyanite/noise/internal/errors/recovery.go:99.31,102.30 2 1
github.com/Kyanite/noise/internal/errors/recovery.go:102.30,104.6 1 1
github.com/Kyanite/noise/internal/errors/recovery.go:107.5,107.26 1 1
github.com/Kyanite/noise/internal/errors/recovery.go:107.26,109.6 1 0
github.com/Kyanite/noise/internal/errors/recovery.go:113.4,113.29 1 1
github.com/Kyanite/noise/internal/errors/recovery.go:113.29,115.5 1 1
github.com/Kyanite/noise/internal/errors/recovery.go:117.4,117.14 1 1
github.com/Kyanite/noise/internal/errors/recovery.go:122.2,124.59 1 1
github.com/Kyanite/noise/internal/errors/recovery.go:124.59,126.4 1 1
github.com/Kyanite/noise/internal/errors/recovery.go:129.2,131.59 1 1
github.com/Kyanite/noise/internal/errors/recovery.go:131.59,133.4 1 0
github.com/Kyanite/noise/internal/errors/recovery.go:136.2,138.59 1 1
github.com/Kyanite/noise/internal/errors/recovery.go:138.59,140.4 1 0
github.com/Kyanite/noise/internal/errors/recovery.go:145.76,154.13 5 1
github.com/Kyanite/noise/internal/errors/recovery.go:154.13,157.3 1 0
github.com/Kyanite/noise/internal/errors/recovery.go:160.2,161.16 2 1
github.com/Kyanite/noise/internal/errors/recovery.go:161.16,163.3 1 0
github.com/Kyanite/noise/internal/errors/recovery.go:166.2,166.41 1 1
github.com/Kyanite/noise/internal/errors/recovery.go:170.80,173.16 2 0
github.com/Kyanite/noise/internal/errors/recovery.go:173.16,175.3 1 0
github.com/Kyanite/noise/internal/errors/recovery.go:178.2,178.26 1 0
github.com/Kyanite/noise/internal/errors/recovery.go:178.26,180.3 1 0
github.com/Kyanite/noise/internal/errors/recovery.go:183.2,184.31 2 0
github.com/Kyanite/noise/internal/errors/recovery.go:184.31,186.3 1 0
github.com/Kyanite/noise/internal/errors/recovery.go:188.2,188.12 1 0
github.com/Kyanite/noise/internal/errors/recovery.go:192.71,200.13 5 1
github.com/Kyanite/noise/internal/errors/recovery.go:200.13,202.3 1 0
github.com/Kyanite/noise/internal/errors/recovery.go:205.2,206.55 2 1
github.com/Kyanite/noise/internal/errors/recovery.go:206.55,209.56 2 1
github.com/Kyanite/noise/internal/errors/recovery.go:209.56,211.4 1 1
github.com/Kyanite/noise/internal/errors/recovery.go:215.2,217.62 2 1
github.com/Kyanite/noise/internal/errors/recovery.go:217.62,219.3 1 0
github.com/Kyanite/noise/internal/errors/recovery.go:221.2,226.12 3 1
github.com/Kyanite/noise/internal/errors/recovery.go:230.94,233.16 2 1
github.com/Kyanite/noise/internal/errors/recovery.go:233.16,235.3 1 0
github.com/Kyanite/noise/internal/errors/recovery.go:238.2,238.32 1 1
github.com/Kyanite/noise/internal/errors/recovery.go:238.32,240.3 1 0
github.com/Kyanite/noise/internal/errors/recovery.go:243.2,244.59 2 1
github.com/Kyanite/noise/internal/errors/recovery.go:244.59,246.3 1 0
github.com/Kyanite/noise/internal/errors/recovery.go:249.2,249.68 1 1
github.com/Kyanite/noise/internal/errors/recovery.go:249.68,251.3 1 0
github.com/Kyanite/noise/internal/errors/recovery.go:253.2,254.12 2 1
github.com/Kyanite/noise/internal/errors/recovery.go:258.94,261.16 2 0
github.com/Kyanite/noise/internal/errors/recovery.go:261.16,263.3 1 0
github.com/Kyanite/noise/internal/errors/recovery.go:266.2,267.59 2 0
github.com/Kyanite/noise/internal/errors/recovery.go:267.59,269.3 1 0
github.com/Kyanite/noise/internal/errors/recovery.go:272.2,272.68 1 0
github.com/Kyanite/noise/internal/errors/recovery.go:272.68,274.3 1 0
github.com/Kyanite/noise/internal/errors/recovery.go:276.2,277.12 2 0
github.com/Kyanite/noise/internal/errors/recovery.go:281.84,284.85 2 0
github.com/Kyanite/noise/internal/errors/recovery.go:284.85,285.17 1 0
github.com/Kyanite/noise/internal/errors/recovery.go:285.17,288.4 2 0
github.com/Kyanite/noise/internal/errors/recovery.go:291.3,291.19 1 0
github.com/Kyanite/noise/internal/errors/recovery.go:291.19,293.4 1 0
github.com/Kyanite/noise/internal/errors/recovery.go:296.3,296.52 1 0
github.com/Kyanite/noise/internal/errors/recovery.go:296.52,299.4 2 0
github.com/Kyanite/noise/internal/errors/recovery.go:301.3,301.13 1 0
github.com/Kyanite/noise/internal/errors/recovery.go:304.2,304.16 1 0
github.com/Kyanite/noise/internal/errors/recovery.go:304.16,306.3 1 0
github.com/Kyanite/noise/internal/errors/recovery.go:308.2,308.28 1 0
github.com/Kyanite/noise/internal/errors/recovery.go:312.80,314.16 2 0
github.com/Kyanite/noise/internal/errors/recovery.go:314.16,316.3 1 0
github.com/Kyanite/noise/internal/errors/recovery.go:318.2,319.42 2 0
github.com/Kyanite/noise/internal/errors/recovery.go:319.42,320.51 1 0
github.com/Kyanite/noise/internal/errors/recovery.go:320.51,322.4 1 0
github.com/Kyanite/noise/internal/errors/recovery.go:322.9,324.4 1 0
github.com/Kyanite/noise/internal/errors/recovery.go:327.2,327.19 1 0
github.com/Kyanite/noise/internal/errors/recovery.go:327.19,329.3 1 0
github.com/Kyanite/noise/internal/errors/recovery.go:331.2,331.23 1 0
github.com/Kyanite/noise/internal/errors/recovery.go:342.121,344.16 2 0
github.com/Kyanite/noise/internal/errors/recovery.go:344.16,346.3 1 0
github.com/Kyanite/noise/internal/errors/recovery.go:348.2,352.8 1 0
github.com/Kyanite/noise/internal/errors/recovery.go:356.115,359.16 2 0
github.com/Kyanite/noise/internal/errors/recovery.go:359.16,361.3 1 0
github.com/Kyanite/noise/internal/errors/recovery.go:364.2,365.76 2 0
github.com/Kyanite/noise/internal/errors/recovery.go:365.76,372.3 3 0
github.com/Kyanite/noise/internal/errors/recovery.go:374.2,375.24 2 0
github.com/Kyanite/noise/internal/errors/recovery.go:379.99,383.78 2 0
github.com/Kyanite/noise/internal/errors/recovery.go:383.78,386.3 1 0
github.com/Kyanite/noise/internal/errors/recovery.go:389.2,389.73 1 0
github.com/Kyanite/noise/internal/errors/recovery.go:389.73,391.3 1 0
github.com/Kyanite/noise/internal/errors/recovery.go:394.2,395.16 2 0
github.com/Kyanite/noise/internal/errors/recovery.go:395.16,397.3 1 0
github.com/Kyanite/noise/internal/errors/recovery.go:399.2,400.16 2 0
github.com/Kyanite/noise/internal/errors/recovery.go:400.16,402.3 1 0
github.com/Kyanite/noise/internal/errors/recovery.go:404.2,405.18 2 0
github.com/Kyanite/noise/internal/errors/recovery.go:412.59,415.2 2 0
github.com/Kyanite/noise/internal/errors/recovery.go:418.60,420.2 1 0
github.com/Kyanite/noise/internal/errors/reporters.go:27.96,30.47 2 0
github.com/Kyanite/noise/internal/errors/reporters.go:30.47,32.3 1 0
github.com/Kyanite/noise/internal/errors/reporters.go:34.2,35.16 2 0
github.com/Kyanite/noise/internal/errors/reporters.go:35.16,37.3 1 0
github.com/Kyanite/noise/internal/errors/reporters.go:39.2,43.8 1 0
github.com/Kyanite/noise/internal/errors/reporters.go:47.84,53.16 4 0
github.com/Kyanite/noise/internal/errors/reporters.go:53.16,55.3 1 0
github.com/Kyanite/noise/internal/errors/reporters.go:58.2,59.98 2 0
github.com/Kyanite/noise/internal/errors/reporters.go:59.98,61.3 1 0
github.com/Kyanite/noise/internal/errors/reporters.go:64.2,64.38 1 0
github.com/Kyanite/noise/internal/errors/reporters.go:64.38,66.3 1 0
github.com/Kyanite/noise/internal/errors/reporters.go:68.2,68.12 1 0
github.com/Kyanite/noise/internal/errors/reporters.go:72.43,74.2 1 0
github.com/Kyanite/noise/internal/errors/reporters.go:77.43,81.19 3 0
github.com/Kyanite/noise/internal/errors/reporters.go:81.19,85.3 3 0
github.com/Kyanite/noise/internal/errors/reporters.go:86.2,86.12 1 0
github.com/Kyanite/noise/internal/errors/reporters.go:96.94,101.2 1 0
github.com/Kyanite/noise/internal/errors/reporters.go:104.87,106.42 1 0
github.com/Kyanite/noise/internal/errors/reporters.go:106.42,108.3 1 0
github.com/Kyanite/noise/internal/errors/reporters.go:110.2,112.34 2 0
github.com/Kyanite/noise/internal/errors/reporters.go:112.34,114.3 1 0
github.com/Kyanite/noise/internal/errors/reporters.go:116.2,116.34 1 0
github.com/Kyanite/noise/internal/errors/reporters.go:116.34,118.3 1 0
github.com/Kyanite/noise/internal/errors/reporters.go:120.2,123.28 2 0
github.com/Kyanite/noise/internal/errors/reporters.go:123.28,130.3 1 0
github.com/Kyanite/noise/internal/errors/reporters.go:133.2,133.29 1 0
github.com/Kyanite/noise/internal/errors/reporters.go:133.29,135.3 1 0
github.com/Kyanite/noise/internal/errors/reporters.go:137.2,139.12 2 0
github.com/Kyanite/noise/internal/errors/reporters.go:143.46,145.2 1 0
github.com/Kyanite/noise/internal/errors/reporters.go:156.103,165.2 1 0
github.com/Kyanite/noise/internal/errors/reporters.go:168.88,170.88 1 0
github.com/Kyanite/noise/internal/errors/reporters.go:170.88,172.3 1 0
github.com/Kyanite/noise/internal/errors/reporters.go:175.2,186.16 3 0
github.com/Kyanite/noise/internal/errors/reporters.go:186.16,188.3 1 0
github.com/Kyanite/noise/internal/errors/reporters.go:191.2,192.16 2 0
github.com/Kyanite/noise/internal/errors/reporters.go:192.16,194.3 1 0
github.com/Kyanite/noise/internal/errors/reporters.go:196.2,202.16 5 0
github.com/Kyanite/noise/internal/errors/reporters.go:202.16,204.3 1 0
github.com/Kyanite/noise/internal/errors/reporters.go:205.2,208.53 2 0
github.com/Kyanite/noise/internal/errors/reporters.go:208.53,211.3 2 0
github.com/Kyanite/noise/internal/errors/reporters.go:213.2,214.12 2 0
github.com/Kyanite/noise/internal/errors/reporters.go:218.47,220.2 1 0
github.com/Kyanite/noise/internal/errors/reporters.go:223.47,226.2 1 0
github.com/Kyanite/noise/internal/errors/reporters.go:235.107,240.2 1 0
github.com/Kyanite/noise/internal/errors/reporters.go:243.89,246.39 2 0
github.com/Kyanite/noise/internal/errors/reporters.go:246.39,247.54 1 0
github.com/Kyanite/noise/internal/errors/reporters.go:247.54,250.4 2 0
github.com/Kyanite/noise/internal/errors/reporters.go:253.2,253.21 1 0
github.com/Kyanite/noise/internal/errors/reporters.go:253.21,255.3 1 0
github.com/Kyanite/noise/internal/errors/reporters.go:257.2,257.12 1 0
github.com/Kyanite/noise/internal/errors/reporters.go:261.48,263.2 1 0
github.com/Kyanite/noise/internal/errors/reporters.go:266.48,269.39 2 0
github.com/Kyanite/noise/internal/errors/reporters.go:269.39,270.45 1 0
github.com/Kyanite/noise/internal/errors/reporters.go:270.45,271.41 1 0
github.com/Kyanite/noise/internal/errors/reporters.go:271.41,274.5 2 0
github.com/Kyanite/noise/internal/errors/reporters.go:278.2,278.21 1 0
github.com/Kyanite/noise/internal/errors/reporters.go:278.21,280.3 1 0
github.com/Kyanite/noise/internal/errors/reporters.go:282.2,282.12 1 0
github.com/Kyanite/noise/internal/errors/reporters.go:286.70,288.2 1 0
github.com/Kyanite/noise/internal/errors/reporters.go:291.62,292.39 1 0
github.com/Kyanite/noise/internal/errors/reporters.go:292.39,293.30 1 0
github.com/Kyanite/noise/internal/errors/reporters.go:293.30,295.9 2 0
github.com/Kyanite/noise/internal/errors/reporters.go:301.65,303.2 1 0
github.com/Kyanite/noise/internal/errors/reporters.go:317.38,322.2 1 1
github.com/Kyanite/noise/internal/errors/reporters.go:325.51,333.2 6 0
github.com/Kyanite/noise/internal/errors/reporters.go:336.53,340.13 3 0
github.com/Kyanite/noise/internal/errors/reporters.go:340.13,342.3 1 0
github.com/Kyanite/noise/internal/errors/reporters.go:342.8,344.3 1 0
github.com/Kyanite/noise/internal/errors/reporters.go:348.50,360.2 3 0
github.com/Kyanite/noise/internal/errors/reporters.go:363.76,365.29 2 0
github.com/Kyanite/noise/internal/errors/reporters.go:365.29,367.3 1 0
github.com/Kyanite/noise/internal/errors/reporters.go:368.2,368.13 1 0
github.com/Kyanite/noise/internal/errors/reporters.go:375.13,377.2 1 1
github.com/Kyanite/noise/internal/errors/reporters.go:380.44,382.2 1 0
github.com/Kyanite/noise/internal/errors/safety.go:35.105,37.53 1 1
github.com/Kyanite/noise/internal/errors/safety.go:37.53,39.3 1 0
github.com/Kyanite/noise/internal/errors/safety.go:41.2,45.8 1 1
github.com/Kyanite/noise/internal/errors/safety.go:49.98,53.17 3 0
github.com/Kyanite/noise/internal/errors/safety.go:53.17,55.3 1 0
github.com/Kyanite/noise/internal/errors/safety.go:58.2,67.16 3 0
github.com/Kyanite/noise/internal/errors/safety.go:67.16,69.3 1 0
github.com/Kyanite/noise/internal/errors/safety.go:72.2,73.64 2 0
github.com/Kyanite/noise/internal/errors/safety.go:73.64,75.3 1 0
github.com/Kyanite/noise/internal/errors/safety.go:78.2,79.16 2 0
github.com/Kyanite/noise/internal/errors/safety.go:79.16,81.3 1 0
github.com/Kyanite/noise/internal/errors/safety.go:81.8,83.3 1 0
github.com/Kyanite/noise/internal/errors/safety.go:85.2,88.47 2 0
github.com/Kyanite/noise/internal/errors/safety.go:88.47,90.3 1 0
github.com/Kyanite/noise/internal/errors/safety.go:92.2,93.24 2 0
github.com/Kyanite/noise/internal/errors/safety.go:97.79,104.55 4 0
github.com/Kyanite/noise/internal/errors/safety.go:104.55,106.3 1 0
github.com/Kyanite/noise/internal/errors/safety.go:109.2,110.16 2 0
github.com/Kyanite/noise/internal/errors/safety.go:110.16,112.3 1 0
github.com/Kyanite/noise/internal/errors/safety.go:115.2,116.16 2 0
github.com/Kyanite/noise/internal/errors/safety.go:116.16,118.3 1 0
github.com/Kyanite/noise/internal/errors/safety.go:120.2,121.18 2 0
github.com/Kyanite/noise/internal/errors/safety.go:125.73,130.16 4 0
github.com/Kyanite/noise/internal/errors/safety.go:130.16,132.3 1 0
github.com/Kyanite/noise/internal/errors/safety.go:134.2,135.32 2 0
github.com/Kyanite/noise/internal/errors/safety.go:135.32,136.20 1 0
github.com/Kyanite/noise/internal/errors/safety.go:136.20,137.12 1 0
github.com/Kyanite/noise/internal/errors/safety.go:141.3,142.17 2 0
github.com/Kyanite/noise/internal/errors/safety.go:142.17,143.12 1 0
github.com/Kyanite/noise/internal/errors/safety.go:147.3,147.48 1 0
github.com/Kyanite/noise/internal/errors/safety.go:147.48,148.12 1 0
github.com/Kyanite/noise/internal/errors/safety.go:152.3,153.17 2 0
github.com/Kyanite/noise/internal/errors/safety.go:153.17,155.12 2 0
github.com/Kyanite/noise/internal/errors/safety.go:158.3,161.40 3 0
github.com/Kyanite/noise/internal/errors/safety.go:164.2,164.21 1 0
github.com/Kyanite/noise/internal/errors/safety.go:168.62,174.46 4 0
github.com/Kyanite/noise/internal/errors/safety.go:174.46,176.3 1 0
github.com/Kyanite/noise/internal/errors/safety.go:178.2,179.12 2 0
github.com/Kyanite/noise/internal/errors/safety.go:184.75,186.2 1 0
github.com/Kyanite/noise/internal/errors/safety.go:188.80,190.55 2 0
github.com/Kyanite/noise/internal/errors/safety.go:190.55,192.3 1 0
github.com/Kyanite/noise/internal/errors/safety.go:193.2,193.19 1 0
github.com/Kyanite/noise/internal/errors/safety.go:196.64,198.2 1 0
github.com/Kyanite/noise/internal/errors/safety.go:200.84,202.94 1 0
github.com/Kyanite/noise/internal/errors/safety.go:202.94,204.3 1 0
github.com/Kyanite/noise/internal/errors/safety.go:206.2,217.24 4 0
github.com/Kyanite/noise/internal/errors/safety.go:220.52,222.16 2 0
github.com/Kyanite/noise/internal/errors/safety.go:222.16,224.3 1 0
github.com/Kyanite/noise/internal/errors/safety.go:226.2,226.35 1 0
github.com/Kyanite/noise/internal/errors/safety.go:226.35,228.3 1 0
github.com/Kyanite/noise/internal/errors/safety.go:231.2,237.32 3 0
github.com/Kyanite/noise/internal/errors/safety.go:237.32,238.20 1 0
github.com/Kyanite/noise/internal/errors/safety.go:238.20,239.12 1 0
github.com/Kyanite/noise/internal/errors/safety.go:242.3,243.17 2 0
github.com/Kyanite/noise/internal/errors/safety.go:243.17,244.12 1 0
github.com/Kyanite/noise/internal/errors/safety.go:247.3,250.5 1 0
github.com/Kyanite/noise/internal/errors/safety.go:254.2,254.44 1 0
github.com/Kyanite/noise/internal/errors/safety.go:254.44,255.47 1 0
github.com/Kyanite/noise/internal/errors/safety.go:255.47,256.64 1 0
github.com/Kyanite/noise/internal/errors/safety.go:256.64,258.5 1 0
github.com/Kyanite/noise/internal/errors/safety.go:263.2,264.32 2 0
github.com/Kyanite/noise/internal/errors/safety.go:264.32,266.47 2 0
github.com/Kyanite/noise/internal/errors/safety.go:266.47,268.4 1 0
github.com/Kyanite/noise/internal/errors/safety.go:268.9,270.4 1 0
github.com/Kyanite/noise/internal/errors/safety.go:273.2,273.12 1 0
github.com/Kyanite/noise/internal/errors/safety.go:276.32,278.2 1 0
github.com/Kyanite/noise/internal/errors/safety.go:291.96,302.2 3 0
github.com/Kyanite/noise/internal/errors/safety.go:305.90,307.2 1 0
github.com/Kyanite/noise/internal/errors/safety.go:310.106,311.16 1 0
github.com/Kyanite/noise/internal/errors/safety.go:311.16,313.3 1 0
github.com/Kyanite/noise/internal/errors/safety.go:316.2,318.39 2 0
github.com/Kyanite/noise/internal/errors/safety.go:318.39,320.3 1 0
github.com/Kyanite/noise/internal/errors/safety.go:323.2,323.21 1 0
github.com/Kyanite/noise/internal/errors/safety.go:323.21,325.3 1 0
github.com/Kyanite/noise/internal/errors/safety.go:328.2,328.21 1 0
github.com/Kyanite/noise/internal/errors/safety.go:328.21,330.3 1 0
github.com/Kyanite/noise/internal/errors/safety.go:333.2,335.43 2 0
github.com/Kyanite/noise/internal/errors/safety.go:335.43,338.3 2 0
github.com/Kyanite/noise/internal/errors/safety.go:340.2,341.12 2 0
github.com/Kyanite/noise/internal/errors/safety.go:345.56,347.76 1 0
github.com/Kyanite/noise/internal/errors/safety.go:347.76,351.3 2 0
github.com/Kyanite/noise/internal/errors/safety.go:354.2,354.73 1 0
github.com/Kyanite/noise/internal/errors/safety.go:354.73,360.3 2 0
github.com/Kyanite/noise/internal/errors/safety.go:363.2,363.77 1 0
github.com/Kyanite/noise/internal/errors/safety.go:363.77,369.3 2 0
github.com/Kyanite/noise/internal/errors/safety.go:372.2,372.77 1 0
github.com/Kyanite/noise/internal/errors/safety.go:372.77,380.3 2 0
github.com/Kyanite/noise/internal/errors/safety.go:391.74,396.2 1 1
github.com/Kyanite/noise/internal/errors/safety.go:399.77,411.2 5 0
github.com/Kyanite/noise/internal/errors/safety.go:414.62,426.2 5 0
github.com/Kyanite/noise/internal/errors/safety.go:429.70,435.2 4 0
github.com/Kyanite/noise/internal/errors/safety.go:438.63,443.44 4 0
github.com/Kyanite/noise/internal/errors/safety.go:443.44,444.15 1 0
github.com/Kyanite/noise/internal/errors/safety.go:444.15,446.4 1 0
github.com/Kyanite/noise/internal/errors/safety.go:449.2,449.17 1 0
github.com/Kyanite/noise/internal/errors/safety.go:459.90,464.2 1 0
github.com/Kyanite/noise/internal/errors/safety.go:467.67,474.58 4 0
github.com/Kyanite/noise/internal/errors/safety.go:474.58,476.17 2 0
github.com/Kyanite/noise/internal/errors/safety.go:476.17,478.4 1 0
github.com/Kyanite/noise/internal/errors/safety.go:478.9,480.4 1 0
github.com/Kyanite/noise/internal/errors/safety.go:484.2,485.57 2 0
github.com/Kyanite/noise/internal/errors/safety.go:485.57,487.17 2 0
github.com/Kyanite/noise/internal/errors/safety.go:487.17,489.4 1 0
github.com/Kyanite/noise/internal/errors/safety.go:489.9,491.4 1 0
github.com/Kyanite/noise/internal/errors/safety.go:494.2,494.29 1 0
github.com/Kyanite/noise/internal/errors/safety.go:494.29,502.3 2 0
github.com/Kyanite/noise/internal/errors/safety.go:502.8,504.3 1 0
github.com/Kyanite/noise/internal/errors/safety.go:506.2,506.28 1 0
github.com/Kyanite/noise/internal/errors/safety.go:510.98,512.16 2 0
github.com/Kyanite/noise/internal/errors/safety.go:512.16,514.3 1 0
github.com/Kyanite/noise/internal/errors/safety.go:516.2,517.32 2 0
github.com/Kyanite/noise/internal/errors/safety.go:517.32,518.20 1 0
github.com/Kyanite/noise/internal/errors/safety.go:518.20,519.12 1 0
github.com/Kyanite/noise/internal/errors/safety.go:522.3,524.17 3 0
github.com/Kyanite/noise/internal/errors/safety.go:524.17,526.12 2 0
github.com/Kyanite/noise/internal/errors/safety.go:529.3,530.17 2 0
github.com/Kyanite/noise/internal/errors/safety.go:530.17,532.12 2 0
github.com/Kyanite/noise/internal/errors/safety.go:535.3,536.99 2 0
github.com/Kyanite/noise/internal/errors/safety.go:539.2,539.19 1 0
github.com/Kyanite/noise/internal/errors/safety.go:543.89,547.2 1 0
github.com/Kyanite/noise/internal/errors/safety.go:558.76,563.16 3 0
github.com/Kyanite/noise/internal/errors/safety.go:563.16,565.3 1 0
github.com/Kyanite/noise/internal/errors/safety.go:568.2,583.12 9 0
github.com/Kyanite/noise/internal/errors/safety.go:587.46,589.2 1 0
github.com/Kyanite/noise/internal/errors/safety.go:592.50,594.2 1 0
github.com/Kyanite/noise/internal/errors/safety.go:597.58,599.2 1 0
github.com/Kyanite/noise/internal/errors/safety.go:602.44,604.2 1 0
github.com/Kyanite/noise/internal/errors/test_infrastructure.go:25.46,34.16 3 1
github.com/Kyanite/noise/internal/errors/test_infrastructure.go:34.16,36.3 1 0
github.com/Kyanite/noise/internal/errors/test_infrastructure.go:38.2,44.3 2 1
github.com/Kyanite/noise/internal/errors/test_infrastructure.go:54.62,61.2 5 1
github.com/Kyanite/noise/internal/errors/test_infrastructure.go:64.46,71.2 5 0
github.com/Kyanite/noise/internal/errors/test_infrastructure.go:74.31,78.2 3 0
github.com/Kyanite/noise/internal/errors/test_infrastructure.go:81.57,85.34 3 0
github.com/Kyanite/noise/internal/errors/test_infrastructure.go:85.34,86.26 1 0
github.com/Kyanite/noise/internal/errors/test_infrastructure.go:86.26,88.4 1 0
github.com/Kyanite/noise/internal/errors/test_infrastructure.go:90.2,90.14 1 0
github.com/Kyanite/noise/internal/errors/test_infrastructure.go:100.48,104.2 1 1
github.com/Kyanite/noise/internal/errors/test_infrastructure.go:107.86,112.2 4 0
github.com/Kyanite/noise/internal/errors/test_infrastructure.go:115.45,117.2 1 0
github.com/Kyanite/noise/internal/errors/test_infrastructure.go:120.59,127.2 5 0
github.com/Kyanite/noise/internal/errors/test_infrastructure.go:130.39,134.2 3 0
github.com/Kyanite/noise/internal/errors/test_infrastructure.go:146.46,152.2 1 1
github.com/Kyanite/noise/internal/errors/test_infrastructure.go:155.76,162.78 5 0
github.com/Kyanite/noise/internal/errors/test_infrastructure.go:162.78,164.3 1 0
github.com/Kyanite/noise/internal/errors/test_infrastructure.go:166.2,166.12 1 0
github.com/Kyanite/noise/internal/errors/test_infrastructure.go:170.49,174.2 3 0
github.com/Kyanite/noise/internal/errors/test_infrastructure.go:177.51,181.2 3 0
github.com/Kyanite/noise/internal/errors/test_infrastructure.go:184.76,189.2 4 0
github.com/Kyanite/noise/internal/errors/test_infrastructure.go:192.38,199.2 6 0
github.com/Kyanite/noise/internal/errors/test_infrastructure.go:212.44,215.16 2 1
github.com/Kyanite/noise/internal/errors/test_infrastructure.go:215.16,217.3 1 0
github.com/Kyanite/noise/internal/errors/test_infrastructure.go:220.2,235.20 8 1
github.com/Kyanite/noise/internal/errors/test_infrastructure.go:235.20,238.3 2 1
github.com/Kyanite/noise/internal/errors/test_infrastructure.go:240.2,247.3 1 1
github.com/Kyanite/noise/internal/errors/test_infrastructure.go:251.56,269.2 1 0
github.com/Kyanite/noise/internal/errors/test_infrastructure.go:272.73,275.16 3 1
github.com/Kyanite/noise/internal/errors/test_infrastructure.go:275.16,277.3 1 0
github.com/Kyanite/noise/internal/errors/test_infrastructure.go:278.2,278.17 1 1
github.com/Kyanite/noise/internal/errors/test_infrastructure.go:282.73,289.16 4 1
github.com/Kyanite/noise/internal/errors/test_infrastructure.go:289.16,291.3 1 0
github.com/Kyanite/noise/internal/errors/test_infrastructure.go:292.2,292.17 1 1
github.com/Kyanite/noise/internal/errors/test_infrastructure.go:296.91,319.16 4 0
github.com/Kyanite/noise/internal/errors/test_infrastructure.go:319.16,321.3 1 0
github.com/Kyanite/noise/internal/errors/test_infrastructure.go:322.2,322.19 1 0
github.com/Kyanite/noise/internal/errors/test_infrastructure.go:326.96,329.16 2 0
github.com/Kyanite/noise/internal/errors/test_infrastructure.go:329.16,331.3 1 0
github.com/Kyanite/noise/internal/errors/test_infrastructure.go:333.2,334.9 2 0
github.com/Kyanite/noise/internal/errors/test_infrastructure.go:334.9,336.3 1 0
github.com/Kyanite/noise/internal/errors/test_infrastructure.go:338.2,338.33 1 0
github.com/Kyanite/noise/internal/errors/test_infrastructure.go:338.33,340.3 1 0
github.com/Kyanite/noise/internal/errors/test_infrastructure.go:342.2,342.41 1 0
github.com/Kyanite/noise/internal/errors/test_infrastructure.go:342.41,344.3 1 0
github.com/Kyanite/noise/internal/errors/test_infrastructure.go:348.45,351.16 2 0
github.com/Kyanite/noise/internal/errors/test_infrastructure.go:351.16,353.3 1 0
github.com/Kyanite/noise/internal/errors/test_infrastructure.go:357.71,360.29 2 0
github.com/Kyanite/noise/internal/errors/test_infrastructure.go:360.29,361.22 1 0
github.com/Kyanite/noise/internal/errors/test_infrastructure.go:361.22,363.4 1 0
github.com/Kyanite/noise/internal/errors/test_infrastructure.go:366.2,366.65 1 0
github.com/Kyanite/noise/internal/errors/test_infrastructure.go:370.74,373.29 2 0
github.com/Kyanite/noise/internal/errors/test_infrastructure.go:373.29,374.22 1 0
github.com/Kyanite/noise/internal/errors/test_infrastructure.go:374.22,377.4 2 0
github.com/Kyanite/noise/internal/errors/test_infrastructure.go:382.99,386.34 3 0
github.com/Kyanite/noise/internal/errors/test_infrastructure.go:386.34,387.18 1 0
github.com/Kyanite/noise/internal/errors/test_infrastructure.go:387.18,389.4 1 0
github.com/Kyanite/noise/internal/errors/test_infrastructure.go:390.3,390.36 1 0
github.com/Kyanite/noise/internal/errors/test_infrastructure.go:393.2,393.59 1 0
github.com/Kyanite/noise/internal/errors/test_infrastructure.go:403.60,407.2 1 0
github.com/Kyanite/noise/internal/errors/test_infrastructure.go:410.84,414.2 3 0
github.com/Kyanite/noise/internal/errors/test_infrastructure.go:417.72,424.2 5 0
github.com/Kyanite/noise/internal/errors/test_infrastructure.go:427.45,431.2 3 0
github.com/Kyanite/noise/internal/errors/test_infrastructure.go:434.101,439.49 4 0
github.com/Kyanite/noise/internal/errors/test_infrastructure.go:439.49,440.44 1 0
github.com/Kyanite/noise/internal/errors/test_infrastructure.go:440.44,442.4 1 0
github.com/Kyanite/noise/internal/errors/test_infrastructure.go:444.2,444.14 1 0
github.com/Kyanite/noise/internal/errors/test_infrastructure.go:455.44,460.2 1 0
github.com/Kyanite/noise/internal/errors/test_infrastructure.go:463.36,467.2 3 0
github.com/Kyanite/noise/internal/errors/test_infrastructure.go:470.36,474.2 3 0
github.com/Kyanite/noise/internal/errors/test_infrastructure.go:477.46,481.2 3 0
github.com/Kyanite/noise/internal/errors/test_infrastructure.go:484.54,488.2 3 0
github.com/Kyanite/noise/internal/errors/test_infrastructure.go:491.56,498.2 5 0
github.com/Kyanite/noise/internal/errors/test_infrastructure.go:501.37,505.2 3 0
github.com/Kyanite/noise/internal/errors/types.go:94.35,95.20 1 1
github.com/Kyanite/noise/internal/errors/types.go:95.20,97.3 1 0
github.com/Kyanite/noise/internal/errors/types.go:98.2,98.50 1 1
github.com/Kyanite/noise/internal/errors/types.go:102.35,104.2 1 0
github.com/Kyanite/noise/internal/errors/types.go:107.42,108.42 1 0
github.com/Kyanite/noise/internal/errors/types.go:108.42,110.3 1 0
github.com/Kyanite/noise/internal/errors/types.go:111.2,111.14 1 0
github.com/Kyanite/noise/internal/errors/types.go:115.61,117.2 1 0
github.com/Kyanite/noise/internal/errors/types.go:120.61,122.2 1 0
github.com/Kyanite/noise/internal/errors/types.go:125.60,127.2 1 1
github.com/Kyanite/noise/internal/errors/types.go:130.39,132.2 1 0
github.com/Kyanite/noise/internal/errors/types.go:135.37,137.2 1 0
github.com/Kyanite/noise/internal/errors/types.go:140.39,142.2 1 0
github.com/Kyanite/noise/internal/errors/types.go:145.61,146.23 1 1
github.com/Kyanite/noise/internal/errors/types.go:146.23,148.3 1 1
github.com/Kyanite/noise/internal/errors/types.go:149.2,150.10 2 1
github.com/Kyanite/noise/internal/errors/types.go:154.62,157.2 2 1
github.com/Kyanite/noise/internal/errors/types.go:160.62,163.2 2 1
github.com/Kyanite/noise/internal/errors/types.go:166.67,169.2 2 1
github.com/Kyanite/noise/internal/errors/types.go:172.51,173.18 1 0
github.com/Kyanite/noise/internal/errors/types.go:174.19,175.11 1 0
github.com/Kyanite/noise/internal/errors/types.go:176.22,177.11 1 0
github.com/Kyanite/noise/internal/errors/types.go:178.20,179.11 1 0
github.com/Kyanite/noise/internal/errors/types.go:180.24,181.11 1 0
github.com/Kyanite/noise/internal/errors/types.go:182.10,183.11 1 0
github.com/Kyanite/noise/internal/errors/types.go:188.135,200.2 1 1
github.com/Kyanite/noise/internal/errors/types.go:203.55,204.18 1 1
github.com/Kyanite/noise/internal/errors/types.go:205.21,206.11 1 1
github.com/Kyanite/noise/internal/errors/types.go:207.24,208.11 1 0
github.com/Kyanite/noise/internal/errors/types.go:209.24,210.11 1 1
github.com/Kyanite/noise/internal/errors/types.go:211.10,212.11 1 1
github.com/Kyanite/noise/internal/errors/types.go:219.64,221.2 1 1
github.com/Kyanite/noise/internal/errors/types.go:224.64,226.2 1 1
github.com/Kyanite/noise/internal/errors/types.go:229.70,233.2 1 1
github.com/Kyanite/noise/internal/errors/types.go:236.65,239.2 1 1
github.com/Kyanite/noise/internal/errors/types.go:242.63,245.2 1 1
github.com/Kyanite/noise/internal/errors/types.go:248.63,251.2 1 1
github.com/Kyanite/noise/internal/errors/types.go:254.67,257.2 1 1
github.com/Kyanite/noise/internal/errors/types.go:260.58,263.2 1 0
github.com/Kyanite/noise/internal/errors/ui_integration.go:82.66,117.2 7 0
github.com/Kyanite/noise/internal/errors/ui_integration.go:120.60,135.2 6 0
github.com/Kyanite/noise/internal/errors/ui_integration.go:138.49,145.2 5 0
github.com/Kyanite/noise/internal/errors/ui_integration.go:148.49,153.2 3 0
github.com/Kyanite/noise/internal/errors/ui_integration.go:156.51,162.27 4 0
github.com/Kyanite/noise/internal/errors/ui_integration.go:162.27,165.3 2 0
github.com/Kyanite/noise/internal/errors/ui_integration.go:169.57,174.43 3 0
github.com/Kyanite/noise/internal/errors/ui_integration.go:174.43,184.3 1 0
github.com/Kyanite/noise/internal/errors/ui_integration.go:187.2,188.43 2 0
github.com/Kyanite/noise/internal/errors/ui_integration.go:188.43,189.39 1 0
github.com/Kyanite/noise/internal/errors/ui_integration.go:189.39,199.4 1 0
github.com/Kyanite/noise/internal/errors/ui_integration.go:204.50,212.73 5 0
github.com/Kyanite/noise/internal/errors/ui_integration.go:212.73,214.28 2 0
github.com/Kyanite/noise/internal/errors/ui_integration.go:215.23,216.22 1 0
github.com/Kyanite/noise/internal/errors/ui_integration.go:217.24,218.23 1 0
github.com/Kyanite/noise/internal/errors/ui_integration.go:219.24,220.23 1 0
github.com/Kyanite/noise/internal/errors/ui_integration.go:221.22,222.21 1 0
github.com/Kyanite/noise/internal/errors/ui_integration.go:225.3,232.37 2 0
github.com/Kyanite/noise/internal/errors/ui_integration.go:232.37,234.4 1 0
github.com/Kyanite/noise/internal/errors/ui_integration.go:236.3,236.43 1 0
github.com/Kyanite/noise/internal/errors/ui_integration.go:236.43,238.4 1 0
github.com/Kyanite/noise/internal/errors/ui_integration.go:240.3,240.62 1 0
github.com/Kyanite/noise/internal/errors/ui_integration.go:244.2,244.31 1 0
github.com/Kyanite/noise/internal/errors/ui_integration.go:248.77,255.38 3 0
github.com/Kyanite/noise/internal/errors/ui_integration.go:255.38,257.3 1 0
github.com/Kyanite/noise/internal/errors/ui_integration.go:257.8,257.45 1 0
github.com/Kyanite/noise/internal/errors/ui_integration.go:257.45,259.3 1 0
github.com/Kyanite/noise/internal/errors/ui_integration.go:259.8,259.43 1 0
github.com/Kyanite/noise/internal/errors/ui_integration.go:259.43,261.3 1 0
github.com/Kyanite/noise/internal/errors/ui_integration.go:264.2,264.32 1 0
github.com/Kyanite/noise/internal/errors/ui_integration.go:264.32,266.3 1 0
github.com/Kyanite/noise/internal/errors/ui_integration.go:266.8,266.57 1 0
github.com/Kyanite/noise/internal/errors/ui_integration.go:266.57,268.3 1 0
github.com/Kyanite/noise/internal/errors/ui_integration.go:270.2,270.19 1 0
github.com/Kyanite/noise/internal/errors/ui_integration.go:270.19,272.3 1 0
github.com/Kyanite/noise/internal/errors/ui_integration.go:273.2,273.21 1 0
github.com/Kyanite/noise/internal/errors/ui_integration.go:273.21,275.3 1 0
github.com/Kyanite/noise/internal/errors/ui_integration.go:277.2,277.18 1 0
github.com/Kyanite/noise/internal/errors/ui_integration.go:281.55,284.40 2 0
github.com/Kyanite/noise/internal/errors/ui_integration.go:284.40,287.3 1 0
github.com/Kyanite/noise/internal/errors/ui_integration.go:289.2,290.57 2 0
github.com/Kyanite/noise/internal/errors/ui_integration.go:290.57,291.65 1 0
github.com/Kyanite/noise/internal/errors/ui_integration.go:291.65,293.4 1 0
github.com/Kyanite/noise/internal/errors/ui_integration.go:296.2,296.23 1 0
github.com/Kyanite/noise/internal/errors/ui_integration.go:296.23,299.3 1 0
github.com/Kyanite/noise/internal/errors/ui_integration.go:301.2,301.37 1 0
github.com/Kyanite/noise/internal/errors/ui_integration.go:301.37,304.3 1 0
github.com/Kyanite/noise/internal/errors/ui_integration.go:308.80,314.40 4 0
github.com/Kyanite/noise/internal/errors/ui_integration.go:314.40,315.50 1 0
github.com/Kyanite/noise/internal/errors/ui_integration.go:315.50,317.9 2 0
github.com/Kyanite/noise/internal/errors/ui_integration.go:321.2,321.22 1 0
github.com/Kyanite/noise/internal/errors/ui_integration.go:321.22,323.3 1 0
github.com/Kyanite/noise/internal/errors/ui_integration.go:326.2,331.24 4 0
github.com/Kyanite/noise/internal/errors/ui_integration.go:332.23,333.43 1 0
github.com/Kyanite/noise/internal/errors/ui_integration.go:334.26,335.46 1 0
github.com/Kyanite/noise/internal/errors/ui_integration.go:336.10,337.74 1 0
github.com/Kyanite/noise/internal/errors/ui_integration.go:341.2,341.16 1 0
github.com/Kyanite/noise/internal/errors/ui_integration.go:341.16,347.3 3 0
github.com/Kyanite/noise/internal/errors/ui_integration.go:347.8,353.3 5 0
github.com/Kyanite/noise/internal/errors/ui_integration.go:355.2,355.12 1 0
github.com/Kyanite/noise/internal/errors/ui_integration.go:359.85,361.9 2 0
github.com/Kyanite/noise/internal/errors/ui_integration.go:361.9,363.3 1 0
github.com/Kyanite/noise/internal/errors/ui_integration.go:365.2,366.29 2 0
github.com/Kyanite/noise/internal/errors/ui_integration.go:366.29,367.66 1 0
github.com/Kyanite/noise/internal/errors/ui_integration.go:367.66,369.4 1 0
github.com/Kyanite/noise/internal/errors/ui_integration.go:369.9,372.4 2 0
github.com/Kyanite/noise/internal/errors/ui_integration.go:375.2,375.20 1 0
github.com/Kyanite/noise/internal/errors/ui_integration.go:375.20,377.3 1 0
github.com/Kyanite/noise/internal/errors/ui_integration.go:379.2,379.12 1 0
github.com/Kyanite/noise/internal/errors/ui_integration.go:383.88,385.9 2 0
github.com/Kyanite/noise/internal/errors/ui_integration.go:385.9,387.3 1 0
github.com/Kyanite/noise/internal/errors/ui_integration.go:389.2,389.68 1 0
github.com/Kyanite/noise/internal/errors/ui_integration.go:393.73,401.2 5 0
github.com/Kyanite/noise/internal/errors/ui_integration.go:404.66,409.2 3 0
github.com/Kyanite/noise/internal/errors/ui_integration.go:412.77,415.27 2 0
github.com/Kyanite/noise/internal/errors/ui_integration.go:416.18,417.23 1 0
github.com/Kyanite/noise/internal/errors/ui_integration.go:418.12,419.29 1 0
github.com/Kyanite/noise/internal/errors/ui_integration.go:419.29,421.5 1 0
github.com/Kyanite/noise/internal/errors/ui_integration.go:422.17,423.35 1 0
github.com/Kyanite/noise/internal/errors/ui_integration.go:424.16,425.83 1 0
github.com/Kyanite/noise/internal/errors/ui_integration.go:425.83,427.42 2 0
github.com/Kyanite/noise/internal/errors/ui_integration.go:427.42,428.16 1 0
github.com/Kyanite/noise/internal/errors/ui_integration.go:428.16,429.72 1 0
github.com/Kyanite/noise/internal/errors/ui_integration.go:429.72,431.8 1 0
github.com/Kyanite/noise/internal/errors/ui_integration.go:435.20,436.64 1 0
github.com/Kyanite/noise/internal/errors/ui_integration.go:436.64,438.5 1 0
github.com/Kyanite/noise/internal/errors/ui_integration.go:439.18,440.64 1 0
github.com/Kyanite/noise/internal/errors/ui_integration.go:440.64,442.5 1 0
github.com/Kyanite/noise/internal/errors/ui_integration.go:444.31,447.25 2 0
github.com/Kyanite/noise/internal/errors/ui_integration.go:450.2,450.17 1 0
github.com/Kyanite/noise/internal/errors/ui_integration.go:454.43,455.28 1 0
github.com/Kyanite/noise/internal/errors/ui_integration.go:455.28,457.3 1 0
github.com/Kyanite/noise/internal/errors/ui_integration.go:459.2,459.34 1 0
github.com/Kyanite/noise/internal/errors/ui_integration.go:463.54,470.9 4 0
github.com/Kyanite/noise/internal/errors/ui_integration.go:471.33,473.25 2 0
github.com/Kyanite/noise/internal/errors/ui_integration.go:474.33,476.25 2 0
github.com/Kyanite/noise/internal/errors/ui_integration.go:477.33,479.25 2 0
github.com/Kyanite/noise/internal/errors/ui_integration.go:480.10,482.25 2 0
github.com/Kyanite/noise/internal/errors/ui_integration.go:485.2,493.32 4 0
github.com/Kyanite/noise/internal/errors/ui_integration.go:493.32,494.33 1 0
github.com/Kyanite/noise/internal/errors/ui_integration.go:494.33,496.4 1 0
github.com/Kyanite/noise/internal/errors/ui_integration.go:499.2,500.20 2 0
github.com/Kyanite/noise/internal/errors/ui_integration.go:500.20,504.3 1 0
github.com/Kyanite/noise/internal/errors/ui_integration.go:507.2,508.29 2 0
github.com/Kyanite/noise/internal/errors/ui_integration.go:508.29,510.3 1 0
github.com/Kyanite/noise/internal/errors/ui_integration.go:512.2,512.62 1 0
github.com/Kyanite/noise/internal/errors/ui_integration.go:516.58,533.25 8 0
github.com/Kyanite/noise/internal/errors/ui_integration.go:533.25,536.3 2 0
github.com/Kyanite/noise/internal/errors/ui_integration.go:536.8,541.3 2 0
github.com/Kyanite/noise/internal/errors/ui_integration.go:544.2,549.58 3 0
github.com/Kyanite/noise/internal/errors/ui_integration.go:553.83,563.47 6 0
github.com/Kyanite/noise/internal/errors/ui_integration.go:563.47,564.25 1 0
github.com/Kyanite/noise/internal/errors/ui_integration.go:565.18,566.13 1 0
github.com/Kyanite/noise/internal/errors/ui_integration.go:567.19,568.14 1 0
github.com/Kyanite/noise/internal/errors/ui_integration.go:569.29,570.14 1 0
github.com/Kyanite/noise/internal/errors/ui_integration.go:574.2,578.37 2 0
github.com/Kyanite/noise/internal/errors/ui_integration.go:578.37,580.46 2 0
github.com/Kyanite/noise/internal/errors/ui_integration.go:580.46,582.4 1 0
github.com/Kyanite/noise/internal/errors/ui_integration.go:585.2,585.55 1 0
github.com/Kyanite/noise/internal/errors/ui_integration.go:589.92,594.32 3 0
github.com/Kyanite/noise/internal/errors/ui_integration.go:594.32,601.20 4 0
github.com/Kyanite/noise/internal/errors/ui_integration.go:602.22,604.27 2 0
github.com/Kyanite/noise/internal/errors/ui_integration.go:605.22,607.27 2 0
github.com/Kyanite/noise/internal/errors/ui_integration.go:608.24,610.27 2 0
github.com/Kyanite/noise/internal/errors/ui_integration.go:611.21,613.27 2 0
github.com/Kyanite/noise/internal/errors/ui_integration.go:614.24,616.27 2 0
github.com/Kyanite/noise/internal/errors/ui_integration.go:620.3,621.33 2 0
github.com/Kyanite/noise/internal/errors/ui_integration.go:621.33,623.4 1 0
github.com/Kyanite/noise/internal/errors/ui_integration.go:626.3,627.15 2 0
github.com/Kyanite/noise/internal/errors/ui_integration.go:627.15,629.4 1 0
github.com/Kyanite/noise/internal/errors/ui_integration.go:631.3,632.24 2 0
github.com/Kyanite/noise/internal/errors/ui_integration.go:632.24,634.4 1 0
github.com/Kyanite/noise/internal/errors/ui_integration.go:637.3,637.15 1 0
github.com/Kyanite/noise/internal/errors/ui_integration.go:637.15,643.4 1 0
github.com/Kyanite/noise/internal/errors/ui_integration.go:643.9,647.4 1 0
github.com/Kyanite/noise/internal/errors/ui_integration.go:649.3,649.30 1 0
github.com/Kyanite/noise/internal/errors/ui_integration.go:652.2,652.55 1 0
github.com/Kyanite/noise/internal/errors/ui_integration.go:656.72,661.30 4 0
github.com/Kyanite/noise/internal/errors/ui_integration.go:661.30,663.3 1 0
github.com/Kyanite/noise/internal/errors/ui_integration.go:664.2,664.29 1 0
github.com/Kyanite/noise/internal/errors/ui_integration.go:664.29,666.3 1 0
github.com/Kyanite/noise/internal/errors/ui_integration.go:668.2,668.80 1 0
github.com/Kyanite/noise/internal/errors/ui_integration.go:683.62,686.2 2 0
github.com/Kyanite/noise/internal/errors/ui_integration.go:689.50,691.2 1 0
github.com/Kyanite/noise/internal/errors/ui_integration.go:696.32,697.34 1 0
github.com/Kyanite/noise/internal/errors/ui_integration.go:697.34,699.3 1 0
github.com/Kyanite/noise/internal/errors/ui_integration.go:703.32,704.34 1 0
github.com/Kyanite/noise/internal/errors/ui_integration.go:704.34,706.3 1 0
github.com/Kyanite/noise/internal/errors/ui_integration.go:710.34,711.34 1 0
github.com/Kyanite/noise/internal/errors/ui_integration.go:711.34,713.3 1 0
github.com/Kyanite/noise/internal/errors/validation.go:38.32,42.2 1 0
github.com/Kyanite/noise/internal/errors/validation.go:45.64,47.2 1 0
github.com/Kyanite/noise/internal/errors/validation.go:50.81,54.13 3 0
github.com/Kyanite/noise/internal/errors/validation.go:54.13,56.3 1 0
github.com/Kyanite/noise/internal/errors/validation.go:58.2,58.29 1 0
github.com/Kyanite/noise/internal/errors/validation.go:58.29,59.35 1 0
github.com/Kyanite/noise/internal/errors/validation.go:59.35,65.4 1 0
github.com/Kyanite/noise/internal/errors/validation.go:68.2,68.15 1 0
github.com/Kyanite/noise/internal/errors/validation.go:72.68,79.2 2 0
github.com/Kyanite/noise/internal/errors/validation.go:82.79,83.19 1 0
github.com/Kyanite/noise/internal/errors/validation.go:84.18,85.35 1 0
github.com/Kyanite/noise/internal/errors/validation.go:86.20,87.50 1 0
github.com/Kyanite/noise/internal/errors/validation.go:88.20,89.50 1 0
github.com/Kyanite/noise/internal/errors/validation.go:90.15,91.32 1 0
github.com/Kyanite/noise/internal/errors/validation.go:92.17,93.34 1 0
github.com/Kyanite/noise/internal/errors/validation.go:94.13,95.44 1 0
github.com/Kyanite/noise/internal/errors/validation.go:96.13,97.44 1 0
github.com/Kyanite/noise/internal/errors/validation.go:98.17,99.48 1 0
github.com/Kyanite/noise/internal/errors/validation.go:100.19,101.35 1 0
github.com/Kyanite/noise/internal/errors/validation.go:102.24,103.35 1 0
github.com/Kyanite/noise/internal/errors/validation.go:104.26,105.36 1 0
github.com/Kyanite/noise/internal/errors/validation.go:106.27,107.37 1 0
github.com/Kyanite/noise/internal/errors/validation.go:108.19,109.35 1 0
github.com/Kyanite/noise/internal/errors/validation.go:110.21,111.32 1 0
github.com/Kyanite/noise/internal/errors/validation.go:112.30,113.40 1 0
github.com/Kyanite/noise/internal/errors/validation.go:114.10,115.14 1 0
github.com/Kyanite/noise/internal/errors/validation.go:121.62,122.18 1 0
github.com/Kyanite/noise/internal/errors/validation.go:122.18,124.3 1 0
github.com/Kyanite/noise/internal/errors/validation.go:126.2,126.29 1 0
github.com/Kyanite/noise/internal/errors/validation.go:127.14,128.38 1 0
github.com/Kyanite/noise/internal/errors/validation.go:129.25,130.14 1 0
github.com/Kyanite/noise/internal/errors/validation.go:131.10,132.14 1 0
github.com/Kyanite/noise/internal/errors/validation.go:136.77,138.9 2 0
github.com/Kyanite/noise/internal/errors/validation.go:138.9,140.3 1 0
github.com/Kyanite/noise/internal/errors/validation.go:142.2,143.16 2 0
github.com/Kyanite/noise/internal/errors/validation.go:143.16,145.3 1 0
github.com/Kyanite/noise/internal/errors/validation.go:147.2,147.46 1 0
github.com/Kyanite/noise/internal/errors/validation.go:150.77,152.9 2 0
github.com/Kyanite/noise/internal/errors/validation.go:152.9,154.3 1 0
github.com/Kyanite/noise/internal/errors/validation.go:156.2,157.16 2 0
github.com/Kyanite/noise/internal/errors/validation.go:157.16,159.3 1 0
github.com/Kyanite/noise/internal/errors/validation.go:161.2,161.46 1 0
github.com/Kyanite/noise/internal/errors/validation.go:164.59,166.9 2 0
github.com/Kyanite/noise/internal/errors/validation.go:166.9,168.3 1 0
github.com/Kyanite/noise/internal/errors/validation.go:171.2,172.36 2 0
github.com/Kyanite/noise/internal/errors/validation.go:175.61,176.29 1 0
github.com/Kyanite/noise/internal/errors/validation.go:177.14,179.20 2 0
github.com/Kyanite/noise/internal/errors/validation.go:180.43,181.14 1 0
github.com/Kyanite/noise/internal/errors/validation.go:182.10,183.15 1 0
github.com/Kyanite/noise/internal/errors/validation.go:187.71,189.16 2 0
github.com/Kyanite/noise/internal/errors/validation.go:189.16,191.3 1 0
github.com/Kyanite/noise/internal/errors/validation.go:193.2,193.29 1 0
github.com/Kyanite/noise/internal/errors/validation.go:194.14,196.17 2 0
github.com/Kyanite/noise/internal/errors/validation.go:196.17,198.4 1 0
github.com/Kyanite/noise/internal/errors/validation.go:199.3,199.23 1 0
github.com/Kyanite/noise/internal/errors/validation.go:200.11,201.32 1 0
github.com/Kyanite/noise/internal/errors/validation.go:202.13,203.32 1 0
github.com/Kyanite/noise/internal/errors/validation.go:204.13,205.32 1 0
github.com/Kyanite/noise/internal/errors/validation.go:206.15,207.32 1 0
github.com/Kyanite/noise/internal/errors/validation.go:208.15,209.23 1 0
github.com/Kyanite/noise/internal/errors/validation.go:210.10,211.15 1 0
github.com/Kyanite/noise/internal/errors/validation.go:215.71,217.16 2 0
github.com/Kyanite/noise/internal/errors/validation.go:217.16,219.3 1 0
github.com/Kyanite/noise/internal/errors/validation.go:221.2,221.29 1 0
github.com/Kyanite/noise/internal/errors/validation.go:222.14,224.17 2 0
github.com/Kyanite/noise/internal/errors/validation.go:224.17,226.4 1 0
github.com/Kyanite/noise/internal/errors/validation.go:227.3,227.23 1 0
github.com/Kyanite/noise/internal/errors/validation.go:228.11,229.32 1 0
github.com/Kyanite/noise/internal/errors/validation.go:230.13,231.32 1 0
github.com/Kyanite/noise/internal/errors/validation.go:232.13,233.32 1 0
github.com/Kyanite/noise/internal/errors/validation.go:234.15,235.32 1 0
github.com/Kyanite/noise/internal/errors/validation.go:236.15,237.23 1 0
github.com/Kyanite/noise/internal/errors/validation.go:238.10,239.15 1 0
github.com/Kyanite/noise/internal/errors/validation.go:243.77,245.9 2 0
github.com/Kyanite/noise/internal/errors/validation.go:245.9,247.3 1 0
github.com/Kyanite/noise/internal/errors/validation.go:249.2,250.16 2 0
github.com/Kyanite/noise/internal/errors/validation.go:250.16,252.3 1 0
github.com/Kyanite/noise/internal/errors/validation.go:254.2,254.31 1 0
github.com/Kyanite/noise/internal/errors/validation.go:257.62,259.2 1 0
github.com/Kyanite/noise/internal/errors/validation.go:261.62,263.9 2 0
github.com/Kyanite/noise/internal/errors/validation.go:263.9,265.3 1 0
github.com/Kyanite/noise/internal/errors/validation.go:268.2,268.34 1 0
github.com/Kyanite/noise/internal/errors/validation.go:268.34,270.3 1 0
github.com/Kyanite/noise/internal/errors/validation.go:273.2,274.36 2 0
github.com/Kyanite/noise/internal/errors/validation.go:274.36,275.34 1 0
github.com/Kyanite/noise/internal/errors/validation.go:275.34,277.4 1 0
github.com/Kyanite/noise/internal/errors/validation.go:280.2,280.13 1 0
github.com/Kyanite/noise/internal/errors/validation.go:283.63,285.9 2 0
github.com/Kyanite/noise/internal/errors/validation.go:285.9,287.3 1 0
github.com/Kyanite/noise/internal/errors/validation.go:290.2,291.17 2 0
github.com/Kyanite/noise/internal/errors/validation.go:291.17,293.3 1 0
github.com/Kyanite/noise/internal/errors/validation.go:296.2,296.45 1 0
github.com/Kyanite/noise/internal/errors/validation.go:299.64,301.9 2 0
github.com/Kyanite/noise/internal/errors/validation.go:301.9,303.3 1 0
github.com/Kyanite/noise/internal/errors/validation.go:306.2,307.16 2 0
github.com/Kyanite/noise/internal/errors/validation.go:307.16,309.3 1 0
github.com/Kyanite/noise/internal/errors/validation.go:312.2,312.44 1 0
github.com/Kyanite/noise/internal/errors/validation.go:315.62,317.9 2 0
github.com/Kyanite/noise/internal/errors/validation.go:317.9,319.3 1 0
github.com/Kyanite/noise/internal/errors/validation.go:321.2,322.15 2 0
github.com/Kyanite/noise/internal/errors/validation.go:322.15,324.3 1 0
github.com/Kyanite/noise/internal/errors/validation.go:327.2,332.37 2 0
github.com/Kyanite/noise/internal/errors/validation.go:332.37,333.22 1 0
github.com/Kyanite/noise/internal/errors/validation.go:333.22,335.4 1 0
github.com/Kyanite/noise/internal/errors/validation.go:338.2,338.14 1 0
github.com/Kyanite/noise/internal/errors/validation.go:341.59,342.29 1 0
github.com/Kyanite/noise/internal/errors/validation.go:343.14,344.35 1 0
github.com/Kyanite/noise/internal/errors/validation.go:344.35,346.4 1 0
github.com/Kyanite/noise/internal/errors/validation.go:347.3,348.17 2 0
github.com/Kyanite/noise/internal/errors/validation.go:348.17,350.4 1 0
github.com/Kyanite/noise/internal/errors/validation.go:351.3,351.35 1 0
github.com/Kyanite/noise/internal/errors/validation.go:352.11,353.31 1 0
github.com/Kyanite/noise/internal/errors/validation.go:354.11,355.14 1 0
github.com/Kyanite/noise/internal/errors/validation.go:356.10,357.15 1 0
github.com/Kyanite/noise/internal/errors/validation.go:361.67,363.9 2 0
github.com/Kyanite/noise/internal/errors/validation.go:363.9,365.3 1 0
github.com/Kyanite/noise/internal/errors/validation.go:367.2,368.19 2 0
github.com/Kyanite/noise/internal/errors/validation.go:368.19,370.3 1 0
github.com/Kyanite/noise/internal/errors/validation.go:373.2,378.42 2 0
github.com/Kyanite/noise/internal/errors/validation.go:378.42,379.26 1 0
github.com/Kyanite/noise/internal/errors/validation.go:379.26,381.4 1 0
github.com/Kyanite/noise/internal/errors/validation.go:384.2,384.14 1 0
github.com/Kyanite/noise/internal/errors/validation.go:390.104,409.15 5 0
github.com/Kyanite/noise/internal/errors/validation.go:409.15,416.3 1 0
github.com/Kyanite/noise/internal/errors/validation.go:418.2,418.15 1 0
github.com/Kyanite/noise/internal/errors/validation.go:418.15,425.3 1 0
github.com/Kyanite/noise/internal/errors/validation.go:427.2,427.25 1 0
github.com/Kyanite/noise/internal/errors/validation.go:427.25,434.3 1 0
github.com/Kyanite/noise/internal/errors/validation.go:437.2,438.31 2 0
github.com/Kyanite/noise/internal/errors/validation.go:438.31,440.16 2 0
github.com/Kyanite/noise/internal/errors/validation.go:441.16,442.17 1 0
github.com/Kyanite/noise/internal/errors/validation.go:443.17,444.18 1 0
github.com/Kyanite/noise/internal/errors/validation.go:445.14,446.15 1 0
github.com/Kyanite/noise/internal/errors/validation.go:447.16,448.17 1 0
github.com/Kyanite/noise/internal/errors/validation.go:449.25,450.25 1 0
github.com/Kyanite/noise/internal/errors/validation.go:453.3,454.51 2 0
github.com/Kyanite/noise/internal/errors/validation.go:457.2,458.15 2 0
github.com/Kyanite/noise/internal/errors/validation.go:462.57,485.2 8 0
github.com/Kyanite/noise/internal/errors/validation.go:488.57,504.2 7 0
github.com/Kyanite/noise/internal/errors/validation.go:507.55,530.2 8 0
github.com/Kyanite/noise/internal/errors/validation.go:533.75,559.2 10 0
github.com/Kyanite/noise/internal/errors/validation.go:562.43,564.2 1 0
github.com/Kyanite/noise/internal/errors/validation.go:567.43,568.14 1 0
github.com/Kyanite/noise/internal/errors/validation.go:568.14,570.3 1 0
github.com/Kyanite/noise/internal/errors/validation.go:572.2,573.32 2 0
github.com/Kyanite/noise/internal/errors/validation.go:573.32,575.3 1 0
github.com/Kyanite/noise/internal/errors/validation.go:577.2,577.37 1 0
github.com/Kyanite/noise/internal/errors/validation.go:581.45,583.2 1 0
github.com/Kyanite/noise/internal/errors/validation.go:586.58,588.2 1 0
