mode: set
github.com/Kyanite/noise/internal/app/ai/context_aware_prompts.go:17.52,24.2 1 1
github.com/Kyanite/noise/internal/app/ai/context_aware_prompts.go:27.46,235.2 12 1
github.com/Kyanite/noise/internal/app/ai/context_aware_prompts.go:238.95,239.21 1 1
github.com/Kyanite/noise/internal/app/ai/context_aware_prompts.go:240.25,241.55 1 1
github.com/Kyanite/noise/internal/app/ai/context_aware_prompts.go:241.55,243.4 1 1
github.com/Kyanite/noise/internal/app/ai/context_aware_prompts.go:244.27,245.57 1 1
github.com/Kyanite/noise/internal/app/ai/context_aware_prompts.go:245.57,247.4 1 1
github.com/Kyanite/noise/internal/app/ai/context_aware_prompts.go:248.24,249.55 1 1
github.com/Kyanite/noise/internal/app/ai/context_aware_prompts.go:249.55,251.4 1 1
github.com/Kyanite/noise/internal/app/ai/context_aware_prompts.go:255.2,255.36 1 1
github.com/Kyanite/noise/internal/app/ai/context_aware_prompts.go:259.78,260.14 1 1
github.com/Kyanite/noise/internal/app/ai/context_aware_prompts.go:261.28,270.16 1 1
github.com/Kyanite/noise/internal/app/ai/context_aware_prompts.go:272.26,280.9 1 1
github.com/Kyanite/noise/internal/app/ai/context_aware_prompts.go:282.26,291.7 1 1
github.com/Kyanite/noise/internal/app/ai/context_aware_prompts.go:293.26,300.22 1 1
github.com/Kyanite/noise/internal/app/ai/context_aware_prompts.go:302.10,303.47 1 1
github.com/Kyanite/noise/internal/app/ai/context_aware_prompts.go:308.141,311.18 2 1
github.com/Kyanite/noise/internal/app/ai/context_aware_prompts.go:311.18,313.3 1 0
github.com/Kyanite/noise/internal/app/ai/context_aware_prompts.go:315.2,315.14 1 1
github.com/Kyanite/noise/internal/app/ai/context_aware_prompts.go:316.26,318.18 2 1
github.com/Kyanite/noise/internal/app/ai/context_aware_prompts.go:318.18,320.4 1 1
github.com/Kyanite/noise/internal/app/ai/context_aware_prompts.go:321.3,321.36 1 1
github.com/Kyanite/noise/internal/app/ai/context_aware_prompts.go:322.46,323.57 1 1
github.com/Kyanite/noise/internal/app/ai/context_aware_prompts.go:324.10,325.57 1 1
github.com/Kyanite/noise/internal/app/ai/context_aware_prompts.go:330.91,331.21 1 1
github.com/Kyanite/noise/internal/app/ai/context_aware_prompts.go:332.25,333.66 1 1
github.com/Kyanite/noise/internal/app/ai/context_aware_prompts.go:334.27,335.73 1 1
github.com/Kyanite/noise/internal/app/ai/context_aware_prompts.go:336.24,337.66 1 1
github.com/Kyanite/noise/internal/app/ai/context_aware_prompts.go:338.26,339.68 1 1
github.com/Kyanite/noise/internal/app/ai/context_aware_prompts.go:340.10,341.39 1 0
github.com/Kyanite/noise/internal/app/ai/context_aware_prompts.go:346.79,347.14 1 1
github.com/Kyanite/noise/internal/app/ai/context_aware_prompts.go:348.28,349.69 1 1
github.com/Kyanite/noise/internal/app/ai/context_aware_prompts.go:350.26,351.68 1 1
github.com/Kyanite/noise/internal/app/ai/context_aware_prompts.go:352.26,353.63 1 1
github.com/Kyanite/noise/internal/app/ai/context_aware_prompts.go:354.26,355.68 1 1
github.com/Kyanite/noise/internal/app/ai/context_aware_prompts.go:356.10,357.25 1 0
github.com/Kyanite/noise/internal/app/ai/context_detector.go:33.44,110.2 8 1
github.com/Kyanite/noise/internal/app/ai/context_detector.go:113.71,114.19 1 1
github.com/Kyanite/noise/internal/app/ai/context_detector.go:114.19,116.3 1 1
github.com/Kyanite/noise/internal/app/ai/context_detector.go:118.2,119.21 2 1
github.com/Kyanite/noise/internal/app/ai/context_detector.go:119.21,121.3 1 0
github.com/Kyanite/noise/internal/app/ai/context_detector.go:124.2,127.27 3 1
github.com/Kyanite/noise/internal/app/ai/context_detector.go:127.27,129.3 1 0
github.com/Kyanite/noise/internal/app/ai/context_detector.go:132.2,139.35 7 1
github.com/Kyanite/noise/internal/app/ai/context_detector.go:139.35,141.17 2 1
github.com/Kyanite/noise/internal/app/ai/context_detector.go:141.17,142.12 1 1
github.com/Kyanite/noise/internal/app/ai/context_detector.go:145.3,149.44 5 1
github.com/Kyanite/noise/internal/app/ai/context_detector.go:149.44,150.33 1 1
github.com/Kyanite/noise/internal/app/ai/context_detector.go:150.33,152.81 2 1
github.com/Kyanite/noise/internal/app/ai/context_detector.go:152.81,154.6 1 1
github.com/Kyanite/noise/internal/app/ai/context_detector.go:155.5,155.73 1 1
github.com/Kyanite/noise/internal/app/ai/context_detector.go:155.73,157.6 1 1
github.com/Kyanite/noise/internal/app/ai/context_detector.go:158.5,158.75 1 1
github.com/Kyanite/noise/internal/app/ai/context_detector.go:158.75,160.6 1 1
github.com/Kyanite/noise/internal/app/ai/context_detector.go:164.3,166.46 3 1
github.com/Kyanite/noise/internal/app/ai/context_detector.go:166.46,167.33 1 1
github.com/Kyanite/noise/internal/app/ai/context_detector.go:167.33,169.77 2 1
github.com/Kyanite/noise/internal/app/ai/context_detector.go:169.77,171.6 1 1
github.com/Kyanite/noise/internal/app/ai/context_detector.go:175.3,175.25 1 1
github.com/Kyanite/noise/internal/app/ai/context_detector.go:175.25,176.25 1 1
github.com/Kyanite/noise/internal/app/ai/context_detector.go:176.25,179.5 2 1
github.com/Kyanite/noise/internal/app/ai/context_detector.go:179.10,181.5 1 1
github.com/Kyanite/noise/internal/app/ai/context_detector.go:184.3,184.23 1 1
github.com/Kyanite/noise/internal/app/ai/context_detector.go:184.23,185.69 1 1
github.com/Kyanite/noise/internal/app/ai/context_detector.go:185.69,186.13 1 1
github.com/Kyanite/noise/internal/app/ai/context_detector.go:189.4,189.23 1 1
github.com/Kyanite/noise/internal/app/ai/context_detector.go:189.23,190.27 1 1
github.com/Kyanite/noise/internal/app/ai/context_detector.go:190.27,192.6 1 0
github.com/Kyanite/noise/internal/app/ai/context_detector.go:192.11,194.6 1 1
github.com/Kyanite/noise/internal/app/ai/context_detector.go:195.5,195.23 1 1
github.com/Kyanite/noise/internal/app/ai/context_detector.go:196.10,196.34 1 1
github.com/Kyanite/noise/internal/app/ai/context_detector.go:196.34,198.5 1 1
github.com/Kyanite/noise/internal/app/ai/context_detector.go:198.10,200.5 1 1
github.com/Kyanite/noise/internal/app/ai/context_detector.go:203.3,203.23 1 1
github.com/Kyanite/noise/internal/app/ai/context_detector.go:203.23,205.4 1 1
github.com/Kyanite/noise/internal/app/ai/context_detector.go:209.2,211.20 3 1
github.com/Kyanite/noise/internal/app/ai/context_detector.go:211.20,214.3 2 1
github.com/Kyanite/noise/internal/app/ai/context_detector.go:216.2,220.42 3 1
github.com/Kyanite/noise/internal/app/ai/context_detector.go:220.42,222.3 1 1
github.com/Kyanite/noise/internal/app/ai/context_detector.go:224.2,224.21 1 1
github.com/Kyanite/noise/internal/app/ai/context_detector.go:224.21,225.48 1 1
github.com/Kyanite/noise/internal/app/ai/context_detector.go:225.48,227.4 1 0
github.com/Kyanite/noise/internal/app/ai/context_detector.go:228.3,228.48 1 1
github.com/Kyanite/noise/internal/app/ai/context_detector.go:228.48,230.4 1 0
github.com/Kyanite/noise/internal/app/ai/context_detector.go:231.3,231.49 1 1
github.com/Kyanite/noise/internal/app/ai/context_detector.go:231.49,233.4 1 1
github.com/Kyanite/noise/internal/app/ai/context_detector.go:236.2,236.91 1 1
github.com/Kyanite/noise/internal/app/ai/context_detector.go:236.91,238.3 1 1
github.com/Kyanite/noise/internal/app/ai/context_detector.go:240.2,240.71 1 1
github.com/Kyanite/noise/internal/app/ai/context_detector.go:240.71,242.3 1 0
github.com/Kyanite/noise/internal/app/ai/context_detector.go:244.2,244.73 1 1
github.com/Kyanite/noise/internal/app/ai/context_detector.go:244.73,246.3 1 1
github.com/Kyanite/noise/internal/app/ai/context_detector.go:248.2,252.30 5 1
github.com/Kyanite/noise/internal/app/ai/context_detector.go:252.30,254.3 1 0
github.com/Kyanite/noise/internal/app/ai/context_detector.go:257.2,257.89 1 1
github.com/Kyanite/noise/internal/app/ai/context_detector.go:257.89,259.3 1 1
github.com/Kyanite/noise/internal/app/ai/context_detector.go:261.2,261.89 1 1
github.com/Kyanite/noise/internal/app/ai/context_detector.go:261.89,263.3 1 1
github.com/Kyanite/noise/internal/app/ai/context_detector.go:266.2,266.74 1 1
github.com/Kyanite/noise/internal/app/ai/context_detector.go:266.74,268.3 1 1
github.com/Kyanite/noise/internal/app/ai/context_detector.go:270.2,270.76 1 1
github.com/Kyanite/noise/internal/app/ai/context_detector.go:270.76,272.3 1 1
github.com/Kyanite/noise/internal/app/ai/context_detector.go:275.2,275.48 1 1
github.com/Kyanite/noise/internal/app/ai/context_detector.go:275.48,277.3 1 1
github.com/Kyanite/noise/internal/app/ai/context_detector.go:279.2,279.48 1 0
github.com/Kyanite/noise/internal/app/ai/context_detector.go:279.48,281.3 1 0
github.com/Kyanite/noise/internal/app/ai/context_detector.go:284.2,284.31 1 0
github.com/Kyanite/noise/internal/app/ai/context_detector.go:284.31,286.3 1 0
github.com/Kyanite/noise/internal/app/ai/context_detector.go:288.2,288.31 1 0
github.com/Kyanite/noise/internal/app/ai/context_detector.go:288.31,290.3 1 0
github.com/Kyanite/noise/internal/app/ai/context_detector.go:293.2,293.40 1 0
github.com/Kyanite/noise/internal/app/ai/context_detector.go:293.40,295.3 1 0
github.com/Kyanite/noise/internal/app/ai/context_detector.go:297.2,297.22 1 0
github.com/Kyanite/noise/internal/app/ai/context_detector.go:297.22,299.3 1 0
github.com/Kyanite/noise/internal/app/ai/context_detector.go:301.2,301.26 1 0
github.com/Kyanite/noise/internal/app/ai/context_detector.go:305.80,306.19 1 1
github.com/Kyanite/noise/internal/app/ai/context_detector.go:306.19,312.3 1 1
github.com/Kyanite/noise/internal/app/ai/context_detector.go:314.2,315.21 2 1
github.com/Kyanite/noise/internal/app/ai/context_detector.go:315.21,321.3 1 0
github.com/Kyanite/noise/internal/app/ai/context_detector.go:324.2,327.27 3 1
github.com/Kyanite/noise/internal/app/ai/context_detector.go:327.27,333.3 1 0
github.com/Kyanite/noise/internal/app/ai/context_detector.go:336.2,343.35 7 1
github.com/Kyanite/noise/internal/app/ai/context_detector.go:343.35,345.17 2 1
github.com/Kyanite/noise/internal/app/ai/context_detector.go:345.17,347.12 2 1
github.com/Kyanite/noise/internal/app/ai/context_detector.go:351.3,351.44 1 1
github.com/Kyanite/noise/internal/app/ai/context_detector.go:351.44,352.33 1 1
github.com/Kyanite/noise/internal/app/ai/context_detector.go:352.33,355.10 3 1
github.com/Kyanite/noise/internal/app/ai/context_detector.go:360.3,360.46 1 1
github.com/Kyanite/noise/internal/app/ai/context_detector.go:360.46,361.33 1 1
github.com/Kyanite/noise/internal/app/ai/context_detector.go:361.33,364.10 3 1
github.com/Kyanite/noise/internal/app/ai/context_detector.go:370.2,377.21 5 1
github.com/Kyanite/noise/internal/app/ai/context_detector.go:378.25,379.26 1 1
github.com/Kyanite/noise/internal/app/ai/context_detector.go:380.27,381.28 1 1
github.com/Kyanite/noise/internal/app/ai/context_detector.go:382.24,383.49 1 1
github.com/Kyanite/noise/internal/app/ai/context_detector.go:384.10,385.19 1 1
github.com/Kyanite/noise/internal/app/ai/context_detector.go:389.2,389.22 1 1
github.com/Kyanite/noise/internal/app/ai/context_detector.go:389.22,391.3 1 0
github.com/Kyanite/noise/internal/app/ai/context_detector.go:393.2,403.3 1 1
github.com/Kyanite/noise/internal/app/ai/context_detector.go:420.50,423.2 1 1
github.com/Kyanite/noise/internal/app/ai/context_detector.go:426.52,429.2 1 1
github.com/Kyanite/noise/internal/app/ai/context_detector.go:432.24,433.11 1 1
github.com/Kyanite/noise/internal/app/ai/context_detector.go:433.11,435.3 1 1
github.com/Kyanite/noise/internal/app/ai/context_detector.go:436.2,436.10 1 1
github.com/Kyanite/noise/internal/app/ai/context_detector.go:439.32,440.11 1 1
github.com/Kyanite/noise/internal/app/ai/context_detector.go:440.11,442.3 1 1
github.com/Kyanite/noise/internal/app/ai/context_detector.go:443.2,443.10 1 1
github.com/Kyanite/noise/internal/app/ai/quick_idea_agent.go:75.42,90.2 5 1
github.com/Kyanite/noise/internal/app/ai/quick_idea_agent.go:93.99,94.19 1 1
github.com/Kyanite/noise/internal/app/ai/quick_idea_agent.go:94.19,96.3 1 1
github.com/Kyanite/noise/internal/app/ai/quick_idea_agent.go:98.2,98.18 1 1
github.com/Kyanite/noise/internal/app/ai/quick_idea_agent.go:98.18,100.3 1 0
github.com/Kyanite/noise/internal/app/ai/quick_idea_agent.go:102.2,110.3 1 1
github.com/Kyanite/noise/internal/app/ai/quick_idea_agent.go:114.94,115.15 1 1
github.com/Kyanite/noise/internal/app/ai/quick_idea_agent.go:115.15,117.3 1 0
github.com/Kyanite/noise/internal/app/ai/quick_idea_agent.go:119.2,127.3 1 1
github.com/Kyanite/noise/internal/app/ai/quick_idea_agent.go:132.98,133.20 1 1
github.com/Kyanite/noise/internal/app/ai/quick_idea_agent.go:133.20,135.3 1 1
github.com/Kyanite/noise/internal/app/ai/quick_idea_agent.go:137.2,137.41 1 1
github.com/Kyanite/noise/internal/app/ai/quick_idea_agent.go:137.41,139.3 1 1
github.com/Kyanite/noise/internal/app/ai/quick_idea_agent.go:141.2,152.29 6 1
github.com/Kyanite/noise/internal/app/ai/quick_idea_agent.go:152.29,154.3 1 1
github.com/Kyanite/noise/internal/app/ai/quick_idea_agent.go:154.8,157.3 1 1
github.com/Kyanite/noise/internal/app/ai/quick_idea_agent.go:159.2,163.55 4 1
github.com/Kyanite/noise/internal/app/ai/quick_idea_agent.go:163.55,169.3 4 1
github.com/Kyanite/noise/internal/app/ai/quick_idea_agent.go:171.2,172.17 2 1
github.com/Kyanite/noise/internal/app/ai/quick_idea_agent.go:172.17,176.3 2 1
github.com/Kyanite/noise/internal/app/ai/quick_idea_agent.go:177.2,178.18 2 1
github.com/Kyanite/noise/internal/app/ai/quick_idea_agent.go:182.85,183.21 1 1
github.com/Kyanite/noise/internal/app/ai/quick_idea_agent.go:183.21,185.3 1 0
github.com/Kyanite/noise/internal/app/ai/quick_idea_agent.go:187.2,192.4 1 1
github.com/Kyanite/noise/internal/app/ai/quick_idea_agent.go:195.76,199.2 2 1
github.com/Kyanite/noise/internal/app/ai/quick_idea_agent.go:201.113,202.18 1 1
github.com/Kyanite/noise/internal/app/ai/quick_idea_agent.go:203.28,206.21 3 1
github.com/Kyanite/noise/internal/app/ai/quick_idea_agent.go:206.21,208.4 1 1
github.com/Kyanite/noise/internal/app/ai/quick_idea_agent.go:211.3,211.22 1 1
github.com/Kyanite/noise/internal/app/ai/quick_idea_agent.go:212.26,219.5 1 1
github.com/Kyanite/noise/internal/app/ai/quick_idea_agent.go:220.28,227.5 1 1
github.com/Kyanite/noise/internal/app/ai/quick_idea_agent.go:228.25,235.5 1 1
github.com/Kyanite/noise/internal/app/ai/quick_idea_agent.go:236.11,243.5 1 1
github.com/Kyanite/noise/internal/app/ai/quick_idea_agent.go:246.26,248.18 2 1
github.com/Kyanite/noise/internal/app/ai/quick_idea_agent.go:248.18,250.4 1 1
github.com/Kyanite/noise/internal/app/ai/quick_idea_agent.go:253.3,253.22 1 1
github.com/Kyanite/noise/internal/app/ai/quick_idea_agent.go:254.26,261.5 1 1
github.com/Kyanite/noise/internal/app/ai/quick_idea_agent.go:262.28,269.5 1 0
github.com/Kyanite/noise/internal/app/ai/quick_idea_agent.go:270.25,277.5 1 0
github.com/Kyanite/noise/internal/app/ai/quick_idea_agent.go:278.11,285.5 1 1
github.com/Kyanite/noise/internal/app/ai/quick_idea_agent.go:288.26,290.17 2 1
github.com/Kyanite/noise/internal/app/ai/quick_idea_agent.go:290.17,292.4 1 0
github.com/Kyanite/noise/internal/app/ai/quick_idea_agent.go:295.3,295.22 1 1
github.com/Kyanite/noise/internal/app/ai/quick_idea_agent.go:296.26,303.5 1 1
github.com/Kyanite/noise/internal/app/ai/quick_idea_agent.go:304.28,311.5 1 0
github.com/Kyanite/noise/internal/app/ai/quick_idea_agent.go:312.25,319.5 1 0
github.com/Kyanite/noise/internal/app/ai/quick_idea_agent.go:320.11,327.5 1 1
github.com/Kyanite/noise/internal/app/ai/quick_idea_agent.go:330.26,332.22 1 1
github.com/Kyanite/noise/internal/app/ai/quick_idea_agent.go:333.26,337.5 1 1
github.com/Kyanite/noise/internal/app/ai/quick_idea_agent.go:338.28,342.5 1 1
github.com/Kyanite/noise/internal/app/ai/quick_idea_agent.go:343.25,347.5 1 0
github.com/Kyanite/noise/internal/app/ai/quick_idea_agent.go:348.11,352.5 1 1
github.com/Kyanite/noise/internal/app/ai/quick_idea_agent.go:355.10,358.4 1 0
github.com/Kyanite/noise/internal/app/ai/quick_idea_agent.go:363.51,364.12 1 1
github.com/Kyanite/noise/internal/app/ai/quick_idea_agent.go:364.12,366.3 1 0
github.com/Kyanite/noise/internal/app/ai/quick_idea_agent.go:368.2,369.58 2 1
github.com/Kyanite/noise/internal/app/ai/quick_idea_agent.go:369.58,371.17 2 1
github.com/Kyanite/noise/internal/app/ai/quick_idea_agent.go:371.17,373.4 1 1
github.com/Kyanite/noise/internal/app/ai/quick_idea_agent.go:376.2,376.55 1 1
github.com/Kyanite/noise/internal/app/ai/quick_idea_agent.go:376.55,378.3 1 1
github.com/Kyanite/noise/internal/app/ai/quick_idea_agent.go:380.2,380.15 1 1
github.com/Kyanite/noise/internal/app/ai/quick_idea_agent.go:386.140,393.28 2 1
github.com/Kyanite/noise/internal/app/ai/quick_idea_agent.go:393.28,395.3 1 1
github.com/Kyanite/noise/internal/app/ai/quick_idea_agent.go:398.2,404.18 2 1
github.com/Kyanite/noise/internal/app/ai/quick_idea_agent.go:405.28,407.39 1 1
github.com/Kyanite/noise/internal/app/ai/quick_idea_agent.go:407.39,409.4 1 1
github.com/Kyanite/noise/internal/app/ai/quick_idea_agent.go:409.9,409.48 1 1
github.com/Kyanite/noise/internal/app/ai/quick_idea_agent.go:409.48,411.4 1 1
github.com/Kyanite/noise/internal/app/ai/quick_idea_agent.go:413.26,417.59 2 1
github.com/Kyanite/noise/internal/app/ai/quick_idea_agent.go:417.59,419.4 1 1
github.com/Kyanite/noise/internal/app/ai/quick_idea_agent.go:421.26,423.39 1 1
github.com/Kyanite/noise/internal/app/ai/quick_idea_agent.go:423.39,425.4 1 1
github.com/Kyanite/noise/internal/app/ai/quick_idea_agent.go:425.9,425.48 1 1
github.com/Kyanite/noise/internal/app/ai/quick_idea_agent.go:425.48,427.4 1 1
github.com/Kyanite/noise/internal/app/ai/quick_idea_agent.go:429.26,431.72 1 1
github.com/Kyanite/noise/internal/app/ai/quick_idea_agent.go:435.2,436.41 2 1
github.com/Kyanite/noise/internal/app/ai/quick_idea_agent.go:436.41,440.28 2 1
github.com/Kyanite/noise/internal/app/ai/quick_idea_agent.go:440.28,443.4 2 1
github.com/Kyanite/noise/internal/app/ai/quick_idea_agent.go:446.2,446.17 1 1
github.com/Kyanite/noise/internal/app/ai/quick_idea_agent.go:450.131,451.30 1 1
github.com/Kyanite/noise/internal/app/ai/quick_idea_agent.go:451.30,453.3 1 1
github.com/Kyanite/noise/internal/app/ai/quick_idea_agent.go:456.2,456.46 1 1
github.com/Kyanite/noise/internal/app/ai/quick_idea_agent.go:456.46,457.30 1 1
github.com/Kyanite/noise/internal/app/ai/quick_idea_agent.go:457.30,461.16 2 1
github.com/Kyanite/noise/internal/app/ai/quick_idea_agent.go:462.30,463.46 1 1
github.com/Kyanite/noise/internal/app/ai/quick_idea_agent.go:463.46,465.6 1 0
github.com/Kyanite/noise/internal/app/ai/quick_idea_agent.go:465.11,465.53 1 1
github.com/Kyanite/noise/internal/app/ai/quick_idea_agent.go:465.53,466.55 1 1
github.com/Kyanite/noise/internal/app/ai/quick_idea_agent.go:466.55,468.7 1 1
github.com/Kyanite/noise/internal/app/ai/quick_idea_agent.go:471.28,472.39 1 1
github.com/Kyanite/noise/internal/app/ai/quick_idea_agent.go:472.39,474.6 1 1
github.com/Kyanite/noise/internal/app/ai/quick_idea_agent.go:476.28,477.46 1 0
github.com/Kyanite/noise/internal/app/ai/quick_idea_agent.go:477.46,479.6 1 0
github.com/Kyanite/noise/internal/app/ai/quick_idea_agent.go:481.28,482.45 1 0
github.com/Kyanite/noise/internal/app/ai/quick_idea_agent.go:482.45,484.6 1 0
github.com/Kyanite/noise/internal/app/ai/quick_idea_agent.go:497.56,500.2 2 1
github.com/Kyanite/noise/internal/app/ai/quick_idea_agent.go:502.60,503.12 1 1
github.com/Kyanite/noise/internal/app/ai/quick_idea_agent.go:503.12,505.3 1 1
github.com/Kyanite/noise/internal/app/ai/quick_idea_agent.go:506.2,506.10 1 1
github.com/Kyanite/noise/internal/app/ai/quick_idea_agent.go:510.97,511.28 1 1
github.com/Kyanite/noise/internal/app/ai/quick_idea_agent.go:511.28,516.3 1 1
github.com/Kyanite/noise/internal/app/ai/quick_idea_agent.go:518.2,519.26 2 1
github.com/Kyanite/noise/internal/app/ai/quick_idea_agent.go:523.77,524.28 1 1
github.com/Kyanite/noise/internal/app/ai/quick_idea_agent.go:524.28,526.3 1 1
github.com/Kyanite/noise/internal/app/ai/quick_idea_agent.go:528.2,529.28 2 1
github.com/Kyanite/noise/internal/app/ai/quick_idea_agent.go:532.93,534.2 1 1
github.com/Kyanite/noise/internal/app/ai/quick_idea_prompts.go:14.49,59.2 1 1
github.com/Kyanite/noise/internal/app/ai/quick_idea_prompts.go:62.104,64.9 2 1
github.com/Kyanite/noise/internal/app/ai/quick_idea_prompts.go:64.9,66.3 1 0
github.com/Kyanite/noise/internal/app/ai/quick_idea_prompts.go:68.2,68.14 1 1
github.com/Kyanite/noise/internal/app/ai/quick_idea_prompts.go:69.26,70.68 1 0
github.com/Kyanite/noise/internal/app/ai/quick_idea_prompts.go:71.46,72.59 1 0
github.com/Kyanite/noise/internal/app/ai/quick_idea_prompts.go:73.10,74.59 1 1
github.com/Kyanite/noise/internal/app/ai/quick_idea_prompts.go:79.80,81.15 2 1
github.com/Kyanite/noise/internal/app/ai/quick_idea_prompts.go:81.15,83.3 1 0
github.com/Kyanite/noise/internal/app/ai/quick_idea_prompts.go:85.2,85.14 1 1
github.com/Kyanite/noise/internal/app/ai/quick_idea_prompts.go:86.26,87.33 1 1
github.com/Kyanite/noise/internal/app/ai/quick_idea_prompts.go:88.68,89.39 1 1
github.com/Kyanite/noise/internal/app/ai/quick_idea_prompts.go:90.10,91.13 1 0
github.com/Kyanite/noise/internal/app/ai/quick_idea_prompts.go:95.58,99.29 3 1
github.com/Kyanite/noise/internal/app/ai/quick_idea_prompts.go:99.29,101.20 2 1
github.com/Kyanite/noise/internal/app/ai/quick_idea_prompts.go:101.20,102.12 1 0
github.com/Kyanite/noise/internal/app/ai/quick_idea_prompts.go:105.3,105.102 1 1
github.com/Kyanite/noise/internal/app/ai/quick_idea_prompts.go:105.102,107.23 2 1
github.com/Kyanite/noise/internal/app/ai/quick_idea_prompts.go:107.23,109.25 2 1
github.com/Kyanite/noise/internal/app/ai/quick_idea_prompts.go:109.25,111.6 1 1
github.com/Kyanite/noise/internal/app/ai/quick_idea_prompts.go:113.9,113.48 1 0
github.com/Kyanite/noise/internal/app/ai/quick_idea_prompts.go:113.48,115.4 1 0
github.com/Kyanite/noise/internal/app/ai/quick_idea_prompts.go:118.2,118.27 1 1
github.com/Kyanite/noise/internal/app/ai/quick_idea_prompts.go:118.27,120.3 1 0
github.com/Kyanite/noise/internal/app/ai/quick_idea_prompts.go:122.2,122.49 1 1
github.com/Kyanite/noise/internal/app/ai/quick_idea_prompts.go:125.52,131.29 4 1
github.com/Kyanite/noise/internal/app/ai/quick_idea_prompts.go:131.29,133.17 2 1
github.com/Kyanite/noise/internal/app/ai/quick_idea_prompts.go:133.17,134.12 1 0
github.com/Kyanite/noise/internal/app/ai/quick_idea_prompts.go:137.3,137.42 1 1
github.com/Kyanite/noise/internal/app/ai/quick_idea_prompts.go:137.42,139.12 2 1
github.com/Kyanite/noise/internal/app/ai/quick_idea_prompts.go:142.3,142.16 1 1
github.com/Kyanite/noise/internal/app/ai/quick_idea_prompts.go:142.16,144.9 2 1
github.com/Kyanite/noise/internal/app/ai/quick_idea_prompts.go:148.2,148.18 1 1
github.com/Kyanite/noise/internal/app/ai/quick_idea_prompts.go:148.18,150.3 1 1
github.com/Kyanite/noise/internal/app/ai/quick_idea_prompts.go:152.2,155.3 1 1
github.com/Kyanite/noise/internal/app/ai/quick_idea_prompts.go:158.39,159.51 1 1
github.com/Kyanite/noise/internal/app/ai/quick_idea_prompts.go:160.32,161.14 1 1
github.com/Kyanite/noise/internal/app/ai/quick_idea_prompts.go:162.10,163.15 1 1
github.com/Kyanite/noise/internal/app/ai/test_infrastructure.go:23.40,31.2 1 1
github.com/Kyanite/noise/internal/app/ai/test_infrastructure.go:34.63,36.2 1 1
github.com/Kyanite/noise/internal/app/ai/test_infrastructure.go:39.61,41.2 1 1
github.com/Kyanite/noise/internal/app/ai/test_infrastructure.go:44.53,46.2 1 1
github.com/Kyanite/noise/internal/app/ai/test_infrastructure.go:49.55,51.2 1 1
github.com/Kyanite/noise/internal/app/ai/test_infrastructure.go:54.56,56.19 2 1
github.com/Kyanite/noise/internal/app/ai/test_infrastructure.go:56.19,58.3 1 1
github.com/Kyanite/noise/internal/app/ai/test_infrastructure.go:62.110,63.18 1 1
github.com/Kyanite/noise/internal/app/ai/test_infrastructure.go:63.18,65.3 1 1
github.com/Kyanite/noise/internal/app/ai/test_infrastructure.go:67.2,67.17 1 1
github.com/Kyanite/noise/internal/app/ai/test_infrastructure.go:67.17,68.10 1 1
github.com/Kyanite/noise/internal/app/ai/test_infrastructure.go:69.21,70.24 1 1
github.com/Kyanite/noise/internal/app/ai/test_infrastructure.go:71.30,71.30 0 1
github.com/Kyanite/noise/internal/app/ai/test_infrastructure.go:77.2,77.45 1 1
github.com/Kyanite/noise/internal/app/ai/test_infrastructure.go:77.45,78.74 1 1
github.com/Kyanite/noise/internal/app/ai/test_infrastructure.go:78.74,80.4 1 1
github.com/Kyanite/noise/internal/app/ai/test_infrastructure.go:84.2,85.9 2 1
github.com/Kyanite/noise/internal/app/ai/test_infrastructure.go:86.95,87.119 1 0
github.com/Kyanite/noise/internal/app/ai/test_infrastructure.go:88.97,89.74 1 1
github.com/Kyanite/noise/internal/app/ai/test_infrastructure.go:90.88,91.158 1 0
github.com/Kyanite/noise/internal/app/ai/test_infrastructure.go:92.90,93.172 1 0
github.com/Kyanite/noise/internal/app/ai/test_infrastructure.go:94.88,95.147 1 0
github.com/Kyanite/noise/internal/app/ai/test_infrastructure.go:96.90,97.116 1 0
github.com/Kyanite/noise/internal/app/ai/test_infrastructure.go:98.88,99.50 1 0
github.com/Kyanite/noise/internal/app/ai/test_infrastructure.go:100.90,101.55 1 0
github.com/Kyanite/noise/internal/app/ai/test_infrastructure.go:102.10,103.32 1 1
github.com/Kyanite/noise/internal/app/ai/test_infrastructure.go:118.48,127.2 1 1
github.com/Kyanite/noise/internal/app/ai/test_infrastructure.go:130.93,140.2 1 1
github.com/Kyanite/noise/internal/app/ai/test_infrastructure.go:143.58,145.2 1 1
github.com/Kyanite/noise/internal/app/ai/test_infrastructure.go:148.59,150.2 1 1
github.com/Kyanite/noise/internal/app/ai/test_infrastructure.go:153.57,155.2 1 1
github.com/Kyanite/noise/internal/app/ai/test_infrastructure.go:158.137,159.18 1 1
github.com/Kyanite/noise/internal/app/ai/test_infrastructure.go:159.18,161.3 1 1
github.com/Kyanite/noise/internal/app/ai/test_infrastructure.go:163.2,163.17 1 1
github.com/Kyanite/noise/internal/app/ai/test_infrastructure.go:163.17,164.10 1 1
github.com/Kyanite/noise/internal/app/ai/test_infrastructure.go:165.21,166.25 1 1
github.com/Kyanite/noise/internal/app/ai/test_infrastructure.go:167.30,167.30 0 0
github.com/Kyanite/noise/internal/app/ai/test_infrastructure.go:172.2,175.31 3 1
github.com/Kyanite/noise/internal/app/ai/test_infrastructure.go:175.31,178.62 1 1
github.com/Kyanite/noise/internal/app/ai/test_infrastructure.go:178.62,181.35 1 1
github.com/Kyanite/noise/internal/app/ai/test_infrastructure.go:181.35,183.44 2 1
github.com/Kyanite/noise/internal/app/ai/test_infrastructure.go:183.44,184.30 1 1
github.com/Kyanite/noise/internal/app/ai/test_infrastructure.go:184.30,186.12 2 1
github.com/Kyanite/noise/internal/app/ai/test_infrastructure.go:189.5,189.15 1 1
github.com/Kyanite/noise/internal/app/ai/test_infrastructure.go:189.15,190.14 1 1
github.com/Kyanite/noise/internal/app/ai/test_infrastructure.go:195.4,195.45 1 1
github.com/Kyanite/noise/internal/app/ai/test_infrastructure.go:195.45,196.13 1 0
github.com/Kyanite/noise/internal/app/ai/test_infrastructure.go:199.4,199.36 1 1
github.com/Kyanite/noise/internal/app/ai/test_infrastructure.go:204.2,204.55 1 1
github.com/Kyanite/noise/internal/app/ai/test_infrastructure.go:204.55,206.3 1 0
github.com/Kyanite/noise/internal/app/ai/test_infrastructure.go:208.2,214.8 1 1
github.com/Kyanite/noise/internal/app/ai/test_infrastructure.go:218.85,219.18 1 1
github.com/Kyanite/noise/internal/app/ai/test_infrastructure.go:219.18,221.3 1 0
github.com/Kyanite/noise/internal/app/ai/test_infrastructure.go:223.2,223.17 1 1
github.com/Kyanite/noise/internal/app/ai/test_infrastructure.go:223.17,224.10 1 0
github.com/Kyanite/noise/internal/app/ai/test_infrastructure.go:225.21,226.20 1 0
github.com/Kyanite/noise/internal/app/ai/test_infrastructure.go:227.30,227.30 0 0
github.com/Kyanite/noise/internal/app/ai/test_infrastructure.go:232.2,233.12 2 1
github.com/Kyanite/noise/internal/app/ai/test_infrastructure.go:237.94,238.18 1 0
github.com/Kyanite/noise/internal/app/ai/test_infrastructure.go:238.18,240.3 1 0
github.com/Kyanite/noise/internal/app/ai/test_infrastructure.go:242.2,242.17 1 0
github.com/Kyanite/noise/internal/app/ai/test_infrastructure.go:242.17,243.10 1 0
github.com/Kyanite/noise/internal/app/ai/test_infrastructure.go:244.21,245.25 1 0
github.com/Kyanite/noise/internal/app/ai/test_infrastructure.go:246.30,246.30 0 0
github.com/Kyanite/noise/internal/app/ai/test_infrastructure.go:251.2,252.13 2 0
github.com/Kyanite/noise/internal/app/ai/test_infrastructure.go:252.13,254.3 1 0
github.com/Kyanite/noise/internal/app/ai/test_infrastructure.go:255.2,255.18 1 0
github.com/Kyanite/noise/internal/app/ai/test_infrastructure.go:259.88,260.18 1 0
github.com/Kyanite/noise/internal/app/ai/test_infrastructure.go:260.18,262.3 1 0
github.com/Kyanite/noise/internal/app/ai/test_infrastructure.go:264.2,264.17 1 0
github.com/Kyanite/noise/internal/app/ai/test_infrastructure.go:264.17,265.10 1 0
github.com/Kyanite/noise/internal/app/ai/test_infrastructure.go:266.21,267.20 1 0
github.com/Kyanite/noise/internal/app/ai/test_infrastructure.go:268.30,268.30 0 0
github.com/Kyanite/noise/internal/app/ai/test_infrastructure.go:273.2,273.44 1 0
github.com/Kyanite/noise/internal/app/ai/test_infrastructure.go:273.44,275.3 1 0
github.com/Kyanite/noise/internal/app/ai/test_infrastructure.go:276.2,277.12 2 0
github.com/Kyanite/noise/internal/app/ai/test_infrastructure.go:281.78,282.18 1 0
github.com/Kyanite/noise/internal/app/ai/test_infrastructure.go:282.18,284.3 1 0
github.com/Kyanite/noise/internal/app/ai/test_infrastructure.go:286.2,286.17 1 0
github.com/Kyanite/noise/internal/app/ai/test_infrastructure.go:286.17,287.10 1 0
github.com/Kyanite/noise/internal/app/ai/test_infrastructure.go:288.21,289.20 1 0
github.com/Kyanite/noise/internal/app/ai/test_infrastructure.go:290.30,290.30 0 0
github.com/Kyanite/noise/internal/app/ai/test_infrastructure.go:295.2,296.12 2 0
github.com/Kyanite/noise/internal/app/ai/test_infrastructure.go:300.82,301.18 1 0
github.com/Kyanite/noise/internal/app/ai/test_infrastructure.go:301.18,303.3 1 0
github.com/Kyanite/noise/internal/app/ai/test_infrastructure.go:305.2,305.17 1 0
github.com/Kyanite/noise/internal/app/ai/test_infrastructure.go:305.17,306.10 1 0
github.com/Kyanite/noise/internal/app/ai/test_infrastructure.go:307.21,308.25 1 0
github.com/Kyanite/noise/internal/app/ai/test_infrastructure.go:309.30,309.30 0 0
github.com/Kyanite/noise/internal/app/ai/test_infrastructure.go:314.2,314.26 1 0
github.com/Kyanite/noise/internal/app/ai/test_infrastructure.go:318.76,319.18 1 0
github.com/Kyanite/noise/internal/app/ai/test_infrastructure.go:319.18,321.3 1 0
github.com/Kyanite/noise/internal/app/ai/test_infrastructure.go:323.2,323.17 1 0
github.com/Kyanite/noise/internal/app/ai/test_infrastructure.go:323.17,324.10 1 0
github.com/Kyanite/noise/internal/app/ai/test_infrastructure.go:325.21,326.25 1 0
github.com/Kyanite/noise/internal/app/ai/test_infrastructure.go:327.30,327.30 0 0
github.com/Kyanite/noise/internal/app/ai/test_infrastructure.go:332.2,332.20 1 0
github.com/Kyanite/noise/internal/app/ai/test_infrastructure.go:336.87,345.2 1 1
github.com/Kyanite/noise/internal/app/ai/test_infrastructure.go:348.67,350.2 1 1
github.com/Kyanite/noise/internal/app/ai/test_infrastructure.go:353.67,354.18 1 0
github.com/Kyanite/noise/internal/app/ai/test_infrastructure.go:354.18,356.3 1 0
github.com/Kyanite/noise/internal/app/ai/test_infrastructure.go:357.2,357.12 1 0
github.com/Kyanite/noise/internal/app/ai/test_infrastructure.go:361.62,362.18 1 0
github.com/Kyanite/noise/internal/app/ai/test_infrastructure.go:362.18,364.3 1 0
github.com/Kyanite/noise/internal/app/ai/test_infrastructure.go:365.2,365.12 1 0
github.com/Kyanite/noise/internal/app/ai/test_infrastructure.go:374.60,378.2 1 1
github.com/Kyanite/noise/internal/app/ai/test_infrastructure.go:381.75,383.2 1 1
github.com/Kyanite/noise/internal/app/ai/test_infrastructure.go:386.78,388.2 1 1
github.com/Kyanite/noise/internal/app/ai/test_infrastructure.go:391.154,392.21 1 0
github.com/Kyanite/noise/internal/app/ai/test_infrastructure.go:392.21,394.3 1 0
github.com/Kyanite/noise/internal/app/ai/test_infrastructure.go:396.2,397.16 2 0
github.com/Kyanite/noise/internal/app/ai/test_infrastructure.go:397.16,399.3 1 0
github.com/Kyanite/noise/internal/app/ai/test_infrastructure.go:401.2,409.24 2 0
github.com/Kyanite/noise/internal/app/ai/test_infrastructure.go:413.159,414.21 1 0
github.com/Kyanite/noise/internal/app/ai/test_infrastructure.go:414.21,416.3 1 0
github.com/Kyanite/noise/internal/app/ai/test_infrastructure.go:418.2,419.16 2 0
github.com/Kyanite/noise/internal/app/ai/test_infrastructure.go:419.16,421.3 1 0
github.com/Kyanite/noise/internal/app/ai/test_infrastructure.go:423.2,432.24 2 0
github.com/Kyanite/noise/internal/app/ai/test_infrastructure.go:436.156,438.2 1 1
github.com/Kyanite/noise/internal/app/ai/test_infrastructure.go:446.46,448.2 1 1
github.com/Kyanite/noise/internal/app/ai/test_infrastructure.go:451.47,452.16 1 1
github.com/Kyanite/noise/internal/app/ai/test_infrastructure.go:452.16,454.3 1 0
github.com/Kyanite/noise/internal/app/ai/test_infrastructure.go:458.45,459.16 1 1
github.com/Kyanite/noise/internal/app/ai/test_infrastructure.go:459.16,461.3 1 0
github.com/Kyanite/noise/internal/app/ai/test_infrastructure.go:465.64,466.24 1 1
github.com/Kyanite/noise/internal/app/ai/test_infrastructure.go:466.24,468.3 1 1
github.com/Kyanite/noise/internal/app/ai/test_infrastructure.go:472.67,473.24 1 0
github.com/Kyanite/noise/internal/app/ai/test_infrastructure.go:473.24,475.3 1 0
github.com/Kyanite/noise/internal/app/ai/test_infrastructure.go:479.76,480.16 1 1
github.com/Kyanite/noise/internal/app/ai/test_infrastructure.go:480.16,481.27 1 0
github.com/Kyanite/noise/internal/app/ai/test_infrastructure.go:481.27,483.4 1 0
github.com/Kyanite/noise/internal/app/ai/test_infrastructure.go:483.9,483.34 1 0
github.com/Kyanite/noise/internal/app/ai/test_infrastructure.go:483.34,485.4 1 0
github.com/Kyanite/noise/internal/app/ai/test_infrastructure.go:485.9,489.4 3 0
github.com/Kyanite/noise/internal/app/ai/test_infrastructure.go:494.62,495.15 1 0
github.com/Kyanite/noise/internal/app/ai/test_infrastructure.go:495.15,497.3 1 0
github.com/Kyanite/noise/internal/app/ai/test_infrastructure.go:501.47,502.13 1 1
github.com/Kyanite/noise/internal/app/ai/test_infrastructure.go:502.13,504.3 1 0
github.com/Kyanite/noise/internal/app/ai/test_infrastructure.go:508.55,509.34 1 1
github.com/Kyanite/noise/internal/app/ai/test_infrastructure.go:509.34,511.3 1 1
github.com/Kyanite/noise/internal/app/ai/test_infrastructure.go:515.58,516.33 1 1
github.com/Kyanite/noise/internal/app/ai/test_infrastructure.go:516.33,518.3 1 0
github.com/Kyanite/noise/internal/app/ai/test_infrastructure.go:522.54,523.18 1 1
github.com/Kyanite/noise/internal/app/ai/test_infrastructure.go:523.18,525.3 1 0
github.com/Kyanite/noise/internal/app/ai/test_infrastructure.go:529.68,530.27 1 1
github.com/Kyanite/noise/internal/app/ai/test_infrastructure.go:531.16,532.25 1 1
github.com/Kyanite/noise/internal/app/ai/test_infrastructure.go:532.25,534.4 1 0
github.com/Kyanite/noise/internal/app/ai/test_infrastructure.go:535.24,536.25 1 0
github.com/Kyanite/noise/internal/app/ai/test_infrastructure.go:536.25,538.4 1 0
github.com/Kyanite/noise/internal/app/ai/test_infrastructure.go:539.10,540.56 1 0
github.com/Kyanite/noise/internal/app/ai/test_utils.go:4.44,7.2 1 1
github.com/Kyanite/noise/internal/app/ai/test_utils.go:10.47,11.43 1 1
github.com/Kyanite/noise/internal/app/ai/test_utils.go:11.43,12.35 1 1
github.com/Kyanite/noise/internal/app/ai/test_utils.go:12.35,14.4 1 1
github.com/Kyanite/noise/internal/app/ai/test_utils.go:16.2,16.14 1 1
